Archive member included to satisfy reference by file (symbol)

C:/ti/simplelink_cc13x2_sdk_2_30_00_45/source\ti/drivers/rf/lib/rf_multiMode_cc13x2_v1.am4fg(RFCC26X2_multiMode.om4fg)
                              ./rfPacketTx.o (RF_open)
C:/ti/simplelink_cc13x2_sdk_2_30_00_45/source\ti/drivers/lib/drivers_cc13x2_v1.am4fg(List.om4fg)
                              C:/ti/simplelink_cc13x2_sdk_2_30_00_45/source\ti/drivers/rf/lib/rf_multiMode_cc13x2_v1.am4fg(RFCC26X2_multiMode.om4fg) (List_clearList)
C:/ti/simplelink_cc13x2_sdk_2_30_00_45/source\ti/drivers/lib/drivers_cc13x2_v1.am4fg(PINCC26XX.om4fg)
                              ./syscfg/Board.o (PIN_init)
C:/ti/simplelink_cc13x2_sdk_2_30_00_45/source\ti/drivers/lib/drivers_cc13x2_v1.am4fg(PowerCC26X2.om4fg)
                              C:/ti/simplelink_cc13x2_sdk_2_30_00_45/source\ti/drivers/rf/lib/rf_multiMode_cc13x2_v1.am4fg(RFCC26X2_multiMode.om4fg) (Power_registerNotify)
C:/ti/simplelink_cc13x2_sdk_2_30_00_45/source\ti/drivers/lib/drivers_cc13x2_v1.am4fg(PowerCC26X2_calibrateRCOSC.om4fg)
                              C:/ti/simplelink_cc13x2_sdk_2_30_00_45/source\ti/drivers/lib/drivers_cc13x2_v1.am4fg(PowerCC26X2.om4fg) (PowerCC26X2_initiateCalibration)
C:/ti/simplelink_cc13x2_sdk_2_30_00_45/kernel/nortos\lib/nortos_cc13x2_v1.am4fg(NoRTOS.om4fg)
                              ./main_nortos.o (NoRTOS_start)
C:/ti/simplelink_cc13x2_sdk_2_30_00_45/kernel/nortos\lib/nortos_cc13x2_v1.am4fg(SemaphoreP_nortos.om4fg)
                              C:/ti/simplelink_cc13x2_sdk_2_30_00_45/source\ti/drivers/rf/lib/rf_multiMode_cc13x2_v1.am4fg(RFCC26X2_multiMode.om4fg) (SemaphoreP_constructBinary)
C:/ti/simplelink_cc13x2_sdk_2_30_00_45/kernel/nortos\lib/nortos_cc13x2_v1.am4fg(SwiP_nortos.om4fg)
                              C:/ti/simplelink_cc13x2_sdk_2_30_00_45/source\ti/drivers/rf/lib/rf_multiMode_cc13x2_v1.am4fg(RFCC26X2_multiMode.om4fg) (SwiP_Params_init)
C:/ti/simplelink_cc13x2_sdk_2_30_00_45/kernel/nortos\lib/nortos_cc13x2_v1.am4fg(ClockPTimer_nortos.om4fg)
                              C:/ti/simplelink_cc13x2_sdk_2_30_00_45/source\ti/drivers/rf/lib/rf_multiMode_cc13x2_v1.am4fg(RFCC26X2_multiMode.om4fg) (ClockP_Params_init)
C:/ti/simplelink_cc13x2_sdk_2_30_00_45/kernel/nortos\lib/nortos_cc13x2_v1.am4fg(TimerPCC26XX_nortos.om4fg)
                              C:/ti/simplelink_cc13x2_sdk_2_30_00_45/kernel/nortos\lib/nortos_cc13x2_v1.am4fg(ClockPTimer_nortos.om4fg) (TimerP_Params_init)
C:/ti/simplelink_cc13x2_sdk_2_30_00_45/kernel/nortos\lib/nortos_cc13x2_v1.am4fg(HwiPCC26XX_nortos.om4fg)
                              C:/ti/simplelink_cc13x2_sdk_2_30_00_45/kernel/nortos\lib/nortos_cc13x2_v1.am4fg(NoRTOS.om4fg) (HwiP_enable)
C:/ti/simplelink_cc13x2_sdk_2_30_00_45/kernel/nortos\lib/nortos_cc13x2_v1.am4fg(PowerCC26X2_nortos.om4fg)
                              ./syscfg/Board.o (PowerCC26XX_standbyPolicy)
C:/ti/simplelink_cc13x2_sdk_2_30_00_45/kernel/nortos\lib/nortos_cc13x2_v1.am4fg(startup_cc13xx_cc26xx_gcc.om4fg)
                              (resetISR)
C:/ti/simplelink_cc13x2_sdk_2_30_00_45/kernel/nortos\lib/nortos_cc13x2_v1.am4fg(QueueP_nortos.om4fg)
                              C:/ti/simplelink_cc13x2_sdk_2_30_00_45/kernel/nortos\lib/nortos_cc13x2_v1.am4fg(SwiP_nortos.om4fg) (QueueP_init)
C:/ti/simplelink_cc13x2_sdk_2_30_00_45/source\ti/devices/cc13x2_cc26x2_v1/driverlib/bin/gcc/driverlib.lib(chipinfo.o)
                              C:/ti/simplelink_cc13x2_sdk_2_30_00_45/source\ti/drivers/lib/drivers_cc13x2_v1.am4fg(PINCC26XX.om4fg) (NOROM_ChipInfo_GetPackageType)
C:/ti/simplelink_cc13x2_sdk_2_30_00_45/source\ti/devices/cc13x2_cc26x2_v1/driverlib/bin/gcc/driverlib.lib(cpu.o)
                              C:/ti/simplelink_cc13x2_sdk_2_30_00_45/kernel/nortos\lib/nortos_cc13x2_v1.am4fg(HwiPCC26XX_nortos.om4fg) (NOROM_CPUcpsid)
C:/ti/simplelink_cc13x2_sdk_2_30_00_45/source\ti/devices/cc13x2_cc26x2_v1/driverlib/bin/gcc/driverlib.lib(driverlib_release.o)
                              C:/ti/simplelink_cc13x2_sdk_2_30_00_45/source\ti/drivers/lib/drivers_cc13x2_v1.am4fg(PINCC26XX.om4fg) (driverlib_release_0_52354)
C:/ti/simplelink_cc13x2_sdk_2_30_00_45/source\ti/devices/cc13x2_cc26x2_v1/driverlib/bin/gcc/driverlib.lib(interrupt.o)
                              C:/ti/simplelink_cc13x2_sdk_2_30_00_45/kernel/nortos\lib/nortos_cc13x2_v1.am4fg(HwiPCC26XX_nortos.om4fg) (NOROM_IntRegister)
C:/ti/simplelink_cc13x2_sdk_2_30_00_45/source\ti/devices/cc13x2_cc26x2_v1/driverlib/bin/gcc/driverlib.lib(osc.o)
                              C:/ti/simplelink_cc13x2_sdk_2_30_00_45/source\ti/drivers/lib/drivers_cc13x2_v1.am4fg(PowerCC26X2.om4fg) (NOROM_OSCHF_GetStartupTime)
C:/ti/simplelink_cc13x2_sdk_2_30_00_45/source\ti/devices/cc13x2_cc26x2_v1/driverlib/bin/gcc/driverlib.lib(rfc.o)
                              C:/ti/simplelink_cc13x2_sdk_2_30_00_45/source\ti/drivers/rf/lib/rf_multiMode_cc13x2_v1.am4fg(RFCC26X2_multiMode.om4fg) (NOROM_RFCCpeIntGetAndClear)
[...]
Memory Configuration

Name             Origin             Length             Attributes
FLASH            0x00000000         0x00057fa8         xr
FLASH_CCFG       0x00057fa8         0x00000058         xr
SRAM             0x20000000         0x00014000         xrw
GPRAM            0x11000000         0x00002000         xrw
*default*        0x00000000         0xffffffff

Linker script and memory map

LOAD ./CC1352P1_LAUNCHXL_fxns.o
LOAD ./ccfg.o
LOAD ./main_nortos.o
LOAD ./rfPacketTx.o
LOAD ./syscfg/Board.o
LOAD ./smartrf_settings/smartrf_settings.o
                0x00000400                STACKSIZE = 0x400
                0x00000100                HEAPSIZE = 0x100
                0x00000000                PROVIDE (_resetVecs_base_address, DEFINED (_resetVecs_base_address)?_resetVecs_base_address:0x0)

.resetVecs      0x00000000       0x40
 *(.resetVecs)
 .resetVecs     0x00000000       0x40 C:/ti/simplelink_cc13x2_sdk_2_30_00_45/kernel/nortos\lib/nortos_cc13x2_v1.am4fg(startup_cc13xx_cc26xx_gcc.om4fg)

.ramVecs
 *(.ramVecs)
                0x20001800                UDMACC26XX_CONFIG_BASE = 0x20001800
                0x20001830                DMA_SPI0_RX_CONTROL_TABLE_ENTRY_ADDRESS = (UDMACC26XX_CONFIG_BASE + 0x30)
                0x20001840                DMA_SPI0_TX_CONTROL_TABLE_ENTRY_ADDRESS = (UDMACC26XX_CONFIG_BASE + 0x40)
                0x20001870                DMA_ADC_PRI_CONTROL_TABLE_ENTRY_ADDRESS = (UDMACC26XX_CONFIG_BASE + 0x70)
                0x20001890                DMA_GPT0A_PRI_CONTROL_TABLE_ENTRY_ADDRESS = (UDMACC26XX_CONFIG_BASE + 0x90)
                0x20001900                DMA_SPI1_RX_CONTROL_TABLE_ENTRY_ADDRESS = (UDMACC26XX_CONFIG_BASE + 0x100)
                0x20001910                DMA_SPI1_TX_CONTROL_TABLE_ENTRY_ADDRESS = (UDMACC26XX_CONFIG_BASE + 0x110)
                0x20001a30                DMA_SPI0_RX_ALT_CONTROL_TABLE_ENTRY_ADDRESS = (UDMACC26XX_CONFIG_BASE + 0x230)
                0x20001a40                DMA_SPI0_TX_ALT_CONTROL_TABLE_ENTRY_ADDRESS = (UDMACC26XX_CONFIG_BASE + 0x240)
                0x20001a70                DMA_ADC_ALT_CONTROL_TABLE_ENTRY_ADDRESS = (UDMACC26XX_CONFIG_BASE + 0x270)
                0x20001a90                DMA_GPT0A_ALT_CONTROL_TABLE_ENTRY_ADDRESS = (UDMACC26XX_CONFIG_BASE + 0x290)
                0x20001b00                DMA_SPI1_RX_ALT_CONTROL_TABLE_ENTRY_ADDRESS = (UDMACC26XX_CONFIG_BASE + 0x300)
                0x20001b10                DMA_SPI1_TX_ALT_CONTROL_TABLE_ENTRY_ADDRESS = (UDMACC26XX_CONFIG_BASE + 0x310)
                0x00000000                UDMACC26XX_dmaSpi0RxControlTableEntry_is_placed = 0x0

.dmaSpi0RxControlTableEntry
 *(.dmaSpi0RxControlTableEntry)
                0x00000000                UDMACC26XX_dmaSpi0TxControlTableEntry_is_placed = 0x0

.dmaSpi0TxControlTableEntry
 *(.dmaSpi0TxControlTableEntry)
                0x00000000                UDMACC26XX_dmaADCPriControlTableEntry_is_placed = 0x0

.dmaADCPriControlTableEntry
 *(.dmaADCPriControlTableEntry)
                0x00000000                UDMACC26XX_dmaGPT0APriControlTableEntry_is_placed = 0x0

.dmaGPT0APriControlTableEntry
 *(.dmaGPT0APriControlTableEntry)
                0x00000000                UDMACC26XX_dmaSpi1RxControlTableEntry_is_placed = 0x0

.dmaSpi1RxControlTableEntry
 *(.dmaSpi1RxControlTableEntry)
                0x00000000                UDMACC26XX_dmaSpi1TxControlTableEntry_is_placed = 0x0

.dmaSpi1TxControlTableEntry
 *(.dmaSpi1TxControlTableEntry)
                0x00000000                UDMACC26XX_dmaSpi0RxAltControlTableEntry_is_placed = 0x0

.dmaSpi0RxAltControlTableEntry
 *(.dmaSpi0RxAltControlTableEntry)
                0x00000000                UDMACC26XX_dmaSpi0TxAltControlTableEntry_is_placed = 0x0

.dmaSpi0TxAltControlTableEntry
 *(.dmaSpi0TxAltControlTableEntry)
                0x00000000                UDMACC26XX_dmaADCAltControlTableEntry_is_placed = 0x0

.dmaADCAltControlTableEntry
 *(.dmaADCAltControlTableEntry)
                0x00000000                UDMACC26XX_dmaGPT0AAltControlTableEntry_is_placed = 0x0

.dmaGPT0AAltControlTableEntry
 *(.dmaGPT0AAltControlTableEntry)
                0x00000000                UDMACC26XX_dmaSpi1RxAltControlTableEntry_is_placed = 0x0

.dmaSpi1RxAltControlTableEntry
 *(.dmaSpi1RxAltControlTableEntry)
                0x00000000                UDMACC26XX_dmaSpi1TxAltControlTableEntry_is_placed = 0x0

.dmaSpi1TxAltControlTableEntry
 *(.dmaSpi1TxAltControlTableEntry)

.text           0x00000040     0x4d34
 CREATE_OBJECT_SYMBOLS
 *(.text)
 .text          0x00000040       0x30 c:/ti/ccs901/ccs/tools/compiler/gcc-arm-none-eabi-7-2017-q4-major-win32/bin/../lib/gcc/arm-none-eabi/7.2.1/thumb/v7e-m/fpv4-sp/hard\libgcc.a(_aeabi_uldivmod.o)
                0x00000040                __aeabi_uldivmod
 .text          0x00000070      0x2cc c:/ti/ccs901/ccs/tools/compiler/gcc-arm-none-eabi-7-2017-q4-major-win32/bin/../lib/gcc/arm-none-eabi/7.2.1/thumb/v7e-m/fpv4-sp/hard\libgcc.a(_udivmoddi4.o)
                0x00000070                __udivmoddi4
 .text          0x0000033c        0x4 c:/ti/ccs901/ccs/tools/compiler/gcc-arm-none-eabi-7-2017-q4-major-win32/bin/../lib/gcc/arm-none-eabi/7.2.1/thumb/v7e-m/fpv4-sp/hard\libgcc.a(_dvmd_tls.o)
                0x0000033c                __aeabi_idiv0
                0x0000033c                __aeabi_ldiv0
 *(.text.*)
 .text.CC1352P1_LAUNCHXL_sendExtFlashByte
                0x00000340       0x66 ./CC1352P1_LAUNCHXL_fxns.o
                0x00000340                CC1352P1_LAUNCHXL_sendExtFlashByte
 *fill*         0x000003a6        0x2 
 .text.CC1352P1_LAUNCHXL_wakeUpExtFlash
                0x000003a8       0x48 ./CC1352P1_LAUNCHXL_fxns.o
                0x000003a8                CC1352P1_LAUNCHXL_wakeUpExtFlash
 .text.CC1352P1_LAUNCHXL_shutDownExtFlash
                0x000003f0       0x34 ./CC1352P1_LAUNCHXL_fxns.o
                0x000003f0                CC1352P1_LAUNCHXL_shutDownExtFlash
 .text.initAntennaSwitch
                0x00000424       0x2c ./CC1352P1_LAUNCHXL_fxns.o
                0x00000424                initAntennaSwitch
 .text.rfDriverCallback
                0x00000450      0x114 ./CC1352P1_LAUNCHXL_fxns.o
                0x00000450                rfDriverCallback
 .text.Board_initHook
                0x00000564        0xc ./CC1352P1_LAUNCHXL_fxns.o
                0x00000564                Board_initHook
 .text.main     0x00000570       0x12 ./main_nortos.o
                0x00000570                main
 *fill*         0x00000582        0x2 
 .text.mainThread
                0x00000584      0x160 ./rfPacketTx.o
                0x00000584                mainThread
 .text.Board_init
                0x000006e4       0x1c ./syscfg/Board.o
                0x000006e4                Board_init
 .text.rf_patch_cpe_prop
                0x00000700       0x9c ./smartrf_settings/smartrf_settings.o
 .text.rf_patch_rfe_genfsk
                0x0000079c       0x4c ./smartrf_settings/smartrf_settings.o
 .text.rf_patch_mce_sl_longrange
                0x000007e8       0x64 ./smartrf_settings/smartrf_settings.o
 .text.RF_defaultCallback
                0x0000084c        0x4 C:/ti/simplelink_cc13x2_sdk_2_30_00_45/source\ti/drivers/rf/lib/rf_multiMode_cc13x2_v1.am4fg(RFCC26X2_multiMode.om4fg)
 .text.RF_attachOverrides
                0x00000850       0x6c C:/ti/simplelink_cc13x2_sdk_2_30_00_45/source\ti/drivers/rf/lib/rf_multiMode_cc13x2_v1.am4fg(RFCC26X2_multiMode.om4fg)
 .text.RF_detachOverrides
                0x000008bc       0x70 C:/ti/simplelink_cc13x2_sdk_2_30_00_45/source\ti/drivers/rf/lib/rf_multiMode_cc13x2_v1.am4fg(RFCC26X2_multiMode.om4fg)
 .text.RF_issueRadioFreeCb
                0x0000092c       0x7c C:/ti/simplelink_cc13x2_sdk_2_30_00_45/source\ti/drivers/rf/lib/rf_multiMode_cc13x2_v1.am4fg(RFCC26X2_multiMode.om4fg)
 .text.RF_clkReqAccess
                0x000009a8        0x8 C:/ti/simplelink_cc13x2_sdk_2_30_00_45/source\ti/drivers/rf/lib/rf_multiMode_cc13x2_v1.am4fg(RFCC26X2_multiMode.om4fg)
 .text.RF_syncCb
                0x000009b0       0x8c C:/ti/simplelink_cc13x2_sdk_2_30_00_45/source\ti/drivers/rf/lib/rf_multiMode_cc13x2_v1.am4fg(RFCC26X2_multiMode.om4fg)
 .text.RF_searchAndReplacePAOverride
                0x00000a3c       0x34 C:/ti/simplelink_cc13x2_sdk_2_30_00_45/source\ti/drivers/rf/lib/rf_multiMode_cc13x2_v1.am4fg(RFCC26X2_multiMode.om4fg)
 .text.RF_applyRfCorePatch
                0x00000a70       0x5c C:/ti/simplelink_cc13x2_sdk_2_30_00_45/source\ti/drivers/rf/lib/rf_multiMode_cc13x2_v1.am4fg(RFCC26X2_multiMode.om4fg)
 .text.RF_hwiHw
                0x00000acc       0x80 C:/ti/simplelink_cc13x2_sdk_2_30_00_45/source\ti/drivers/rf/lib/rf_multiMode_cc13x2_v1.am4fg(RFCC26X2_multiMode.om4fg)
 .text.RF_swiFsm
                0x00000b4c       0x24 C:/ti/simplelink_cc13x2_sdk_2_30_00_45/source\ti/drivers/rf/lib/rf_multiMode_cc13x2_v1.am4fg(RFCC26X2_multiMode.om4fg)
 .text.RF_ieeeRequestFgCommand
                0x00000b70       0x34 C:/ti/simplelink_cc13x2_sdk_2_30_00_45/source\ti/drivers/rf/lib/rf_multiMode_cc13x2_v1.am4fg(RFCC26X2_multiMode.om4fg)
 .text.RF_fsmXOSCState
                0x00000ba4       0x70 C:/ti/simplelink_cc13x2_sdk_2_30_00_45/source\ti/drivers/rf/lib/rf_multiMode_cc13x2_v1.am4fg(RFCC26X2_multiMode.om4fg)
 .text.RF_hwiCpe0ChangePhy
                0x00000c14       0x24 C:/ti/simplelink_cc13x2_sdk_2_30_00_45/source\ti/drivers/rf/lib/rf_multiMode_cc13x2_v1.am4fg(RFCC26X2_multiMode.om4fg)
 .text.RF_decodeOverridePointers
                0x00000c38      0x150 C:/ti/simplelink_cc13x2_sdk_2_30_00_45/source\ti/drivers/rf/lib/rf_multiMode_cc13x2_v1.am4fg(RFCC26X2_multiMode.om4fg)
 .text.RF_updatePaConfiguration
                0x00000d88       0xc4 C:/ti/simplelink_cc13x2_sdk_2_30_00_45/source\ti/drivers/rf/lib/rf_multiMode_cc13x2_v1.am4fg(RFCC26X2_multiMode.om4fg)
 .text.RF_initRadioSetup
                0x00000e4c       0xa8 C:/ti/simplelink_cc13x2_sdk_2_30_00_45/source\ti/drivers/rf/lib/rf_multiMode_cc13x2_v1.am4fg(RFCC26X2_multiMode.om4fg)
 .text.RF_fsmSetupState
                0x00000ef4      0x15c C:/ti/simplelink_cc13x2_sdk_2_30_00_45/source\ti/drivers/rf/lib/rf_multiMode_cc13x2_v1.am4fg(RFCC26X2_multiMode.om4fg)
 .text.RF_fsmChangePhyState
                0x00001050      0x134 C:/ti/simplelink_cc13x2_sdk_2_30_00_45/source\ti/drivers/rf/lib/rf_multiMode_cc13x2_v1.am4fg(RFCC26X2_multiMode.om4fg)
 .text.RF_wakeupNotification
                0x00001184       0x58 C:/ti/simplelink_cc13x2_sdk_2_30_00_45/source\ti/drivers/rf/lib/rf_multiMode_cc13x2_v1.am4fg(RFCC26X2_multiMode.om4fg)
 .text.RF_pendCmd.part.17
                0x000011dc       0xe8 C:/ti/simplelink_cc13x2_sdk_2_30_00_45/source\ti/drivers/rf/lib/rf_multiMode_cc13x2_v1.am4fg(RFCC26X2_multiMode.om4fg)
 .text.RF_powerConstraintSet
                0x000012c4       0x1c C:/ti/simplelink_cc13x2_sdk_2_30_00_45/source\ti/drivers/rf/lib/rf_multiMode_cc13x2_v1.am4fg(RFCC26X2_multiMode.om4fg)
                0x000012c4                RF_powerConstraintSet
 .text.RF_ratRestartChannels
                0x000012e0       0xb0 C:/ti/simplelink_cc13x2_sdk_2_30_00_45/source\ti/drivers/rf/lib/rf_multiMode_cc13x2_v1.am4fg(RFCC26X2_multiMode.om4fg)
 .text.RF_powerConstraintRelease
                0x00001390       0x34 C:/ti/simplelink_cc13x2_sdk_2_30_00_45/source\ti/drivers/rf/lib/rf_multiMode_cc13x2_v1.am4fg(RFCC26X2_multiMode.om4fg)
                0x00001390                RF_powerConstraintRelease
 .text.RF_clkInactivity
                0x000013c4       0x1c C:/ti/simplelink_cc13x2_sdk_2_30_00_45/source\ti/drivers/rf/lib/rf_multiMode_cc13x2_v1.am4fg(RFCC26X2_multiMode.om4fg)
 .text.RF_radioOpDoneCb
                0x000013e0      0x168 C:/ti/simplelink_cc13x2_sdk_2_30_00_45/source\ti/drivers/rf/lib/rf_multiMode_cc13x2_v1.am4fg(RFCC26X2_multiMode.om4fg)
 .text.RF_ratFreeChannel
                0x00001548       0x98 C:/ti/simplelink_cc13x2_sdk_2_30_00_45/source\ti/drivers/rf/lib/rf_multiMode_cc13x2_v1.am4fg(RFCC26X2_multiMode.om4fg)
 .text.RF_swiHw
                0x000015e0       0xcc C:/ti/simplelink_cc13x2_sdk_2_30_00_45/source\ti/drivers/rf/lib/rf_multiMode_cc13x2_v1.am4fg(RFCC26X2_multiMode.om4fg)
 .text.RF_open  0x000016ac      0x250 C:/ti/simplelink_cc13x2_sdk_2_30_00_45/source\ti/drivers/rf/lib/rf_multiMode_cc13x2_v1.am4fg(RFCC26X2_multiMode.om4fg)
                0x000016ac                RF_open
 .text.RF_getCurrentTime
                0x000018fc       0x8c C:/ti/simplelink_cc13x2_sdk_2_30_00_45/source\ti/drivers/rf/lib/rf_multiMode_cc13x2_v1.am4fg(RFCC26X2_multiMode.om4fg)
                0x000018fc                RF_getCurrentTime
 .text.RF_cmdDispatchTime
                0x00001988       0x78 C:/ti/simplelink_cc13x2_sdk_2_30_00_45/source\ti/drivers/rf/lib/rf_multiMode_cc13x2_v1.am4fg(RFCC26X2_multiMode.om4fg)
 .text.RF_dispatchNextCmd
                0x00001a00      0x104 C:/ti/simplelink_cc13x2_sdk_2_30_00_45/source\ti/drivers/rf/lib/rf_multiMode_cc13x2_v1.am4fg(RFCC26X2_multiMode.om4fg)
 .text.RF_hwiCpe0Active
                0x00001b04      0x11c C:/ti/simplelink_cc13x2_sdk_2_30_00_45/source\ti/drivers/rf/lib/rf_multiMode_cc13x2_v1.am4fg(RFCC26X2_multiMode.om4fg)
 .text.RF_hwiCpe0PowerFsm
                0x00001c20       0x88 C:/ti/simplelink_cc13x2_sdk_2_30_00_45/source\ti/drivers/rf/lib/rf_multiMode_cc13x2_v1.am4fg(RFCC26X2_multiMode.om4fg)
 .text.RF_calculateDispatchTime
                0x00001ca8       0xd4 C:/ti/simplelink_cc13x2_sdk_2_30_00_45/source\ti/drivers/rf/lib/rf_multiMode_cc13x2_v1.am4fg(RFCC26X2_multiMode.om4fg)
 .text.RF_dispatchNextEvent
                0x00001d7c       0x70 C:/ti/simplelink_cc13x2_sdk_2_30_00_45/source\ti/drivers/rf/lib/rf_multiMode_cc13x2_v1.am4fg(RFCC26X2_multiMode.om4fg)
 .text.RF_fsmPowerUpState
                0x00001dec      0x12c C:/ti/simplelink_cc13x2_sdk_2_30_00_45/source\ti/drivers/rf/lib/rf_multiMode_cc13x2_v1.am4fg(RFCC26X2_multiMode.om4fg)
 .text.RF_fsmActiveState
                0x00001f18      0x480 C:/ti/simplelink_cc13x2_sdk_2_30_00_45/source\ti/drivers/rf/lib/rf_multiMode_cc13x2_v1.am4fg(RFCC26X2_multiMode.om4fg)
 .text.RF_clkPowerUp
                0x00002398       0x24 C:/ti/simplelink_cc13x2_sdk_2_30_00_45/source\ti/drivers/rf/lib/rf_multiMode_cc13x2_v1.am4fg(RFCC26X2_multiMode.om4fg)
 .text.RF_postCmd
                0x000023bc       0xf0 C:/ti/simplelink_cc13x2_sdk_2_30_00_45/source\ti/drivers/rf/lib/rf_multiMode_cc13x2_v1.am4fg(RFCC26X2_multiMode.om4fg)
                0x000023bc                RF_postCmd
 .text.RF_runCmd
                0x000024ac       0x30 C:/ti/simplelink_cc13x2_sdk_2_30_00_45/source\ti/drivers/rf/lib/rf_multiMode_cc13x2_v1.am4fg(RFCC26X2_multiMode.om4fg)
                0x000024ac                RF_runCmd
 .text.RF_Params_init
                0x000024dc       0x1c C:/ti/simplelink_cc13x2_sdk_2_30_00_45/source\ti/drivers/rf/lib/rf_multiMode_cc13x2_v1.am4fg(RFCC26X2_multiMode.om4fg)
                0x000024dc                RF_Params_init
 .text.RF_getTxPower
                0x000024f8       0x9c C:/ti/simplelink_cc13x2_sdk_2_30_00_45/source\ti/drivers/rf/lib/rf_multiMode_cc13x2_v1.am4fg(RFCC26X2_multiMode.om4fg)
                0x000024f8                RF_getTxPower
 .text.List_clearList
                0x00002594       0x18 C:/ti/simplelink_cc13x2_sdk_2_30_00_45/source\ti/drivers/lib/drivers_cc13x2_v1.am4fg(List.om4fg)
                0x00002594                List_clearList
 .text.List_get
                0x000025ac       0x28 C:/ti/simplelink_cc13x2_sdk_2_30_00_45/source\ti/drivers/lib/drivers_cc13x2_v1.am4fg(List.om4fg)
                0x000025ac                List_get
 .text.List_put
                0x000025d4       0x2c C:/ti/simplelink_cc13x2_sdk_2_30_00_45/source\ti/drivers/lib/drivers_cc13x2_v1.am4fg(List.om4fg)
                0x000025d4                List_put
 .text.PIN_swi  0x00002600       0x44 C:/ti/simplelink_cc13x2_sdk_2_30_00_45/source\ti/drivers/lib/drivers_cc13x2_v1.am4fg(PINCC26XX.om4fg)
 .text.PIN_hwi  0x00002644       0x1c C:/ti/simplelink_cc13x2_sdk_2_30_00_45/source\ti/drivers/lib/drivers_cc13x2_v1.am4fg(PINCC26XX.om4fg)
 .text.PINCC26XX_setIoCfg
                0x00002660      0x11c C:/ti/simplelink_cc13x2_sdk_2_30_00_45/source\ti/drivers/lib/drivers_cc13x2_v1.am4fg(PINCC26XX.om4fg)
 .text.PIN_init
                0x0000277c      0x200 C:/ti/simplelink_cc13x2_sdk_2_30_00_45/source\ti/drivers/lib/drivers_cc13x2_v1.am4fg(PINCC26XX.om4fg)
                0x0000277c                PIN_init
 .text.PIN_open
                0x0000297c       0xbc C:/ti/simplelink_cc13x2_sdk_2_30_00_45/source\ti/drivers/lib/drivers_cc13x2_v1.am4fg(PINCC26XX.om4fg)
                0x0000297c                PIN_open
 .text.PIN_remove
                0x00002a38       0x6c C:/ti/simplelink_cc13x2_sdk_2_30_00_45/source\ti/drivers/lib/drivers_cc13x2_v1.am4fg(PINCC26XX.om4fg)
                0x00002a38                PIN_remove
 .text.PIN_close
                0x00002aa4       0x20 C:/ti/simplelink_cc13x2_sdk_2_30_00_45/source\ti/drivers/lib/drivers_cc13x2_v1.am4fg(PINCC26XX.om4fg)
                0x00002aa4                PIN_close
 .text.PIN_setOutputValue
                0x00002ac4       0x34 C:/ti/simplelink_cc13x2_sdk_2_30_00_45/source\ti/drivers/lib/drivers_cc13x2_v1.am4fg(PINCC26XX.om4fg)
                0x00002ac4                PIN_setOutputValue
 .text.PIN_getOutputValue
                0x00002af8       0x14 C:/ti/simplelink_cc13x2_sdk_2_30_00_45/source\ti/drivers/lib/drivers_cc13x2_v1.am4fg(PINCC26XX.om4fg)
                0x00002af8                PIN_getOutputValue
 .text.PINCC26XX_setMux
                0x00002b0c       0x40 C:/ti/simplelink_cc13x2_sdk_2_30_00_45/source\ti/drivers/lib/drivers_cc13x2_v1.am4fg(PINCC26XX.om4fg)
                0x00002b0c                PINCC26XX_setMux
 .text.emptyClockFunc
                0x00002b4c        0x4 C:/ti/simplelink_cc13x2_sdk_2_30_00_45/source\ti/drivers/lib/drivers_cc13x2_v1.am4fg(PowerCC26X2.om4fg)
 .text.nopResourceHandler
                0x00002b50        0x4 C:/ti/simplelink_cc13x2_sdk_2_30_00_45/source\ti/drivers/lib/drivers_cc13x2_v1.am4fg(PowerCC26X2.om4fg)
 .text.notify   0x00002b54       0x34 C:/ti/simplelink_cc13x2_sdk_2_30_00_45/source\ti/drivers/lib/drivers_cc13x2_v1.am4fg(PowerCC26X2.om4fg)
 .text.configureRFCoreClocks
                0x00002b88       0x14 C:/ti/simplelink_cc13x2_sdk_2_30_00_45/source\ti/drivers/lib/drivers_cc13x2_v1.am4fg(PowerCC26X2.om4fg)
 .text.configureXOSCHF
                0x00002b9c       0x50 C:/ti/simplelink_cc13x2_sdk_2_30_00_45/source\ti/drivers/lib/drivers_cc13x2_v1.am4fg(PowerCC26X2.om4fg)
 .text.Power_disablePolicy
                0x00002bec       0x14 C:/ti/simplelink_cc13x2_sdk_2_30_00_45/source\ti/drivers/lib/drivers_cc13x2_v1.am4fg(PowerCC26X2.om4fg)
                0x00002bec                Power_disablePolicy
 .text.Power_enablePolicy
                0x00002c00       0x10 C:/ti/simplelink_cc13x2_sdk_2_30_00_45/source\ti/drivers/lib/drivers_cc13x2_v1.am4fg(PowerCC26X2.om4fg)
                0x00002c00                Power_enablePolicy
 .text.Power_getConstraintMask
                0x00002c10        0xc C:/ti/simplelink_cc13x2_sdk_2_30_00_45/source\ti/drivers/lib/drivers_cc13x2_v1.am4fg(PowerCC26X2.om4fg)
                0x00002c10                Power_getConstraintMask
 .text.Power_getTransitionLatency
                0x00002c1c       0x1c C:/ti/simplelink_cc13x2_sdk_2_30_00_45/source\ti/drivers/lib/drivers_cc13x2_v1.am4fg(PowerCC26X2.om4fg)
                0x00002c1c                Power_getTransitionLatency
 .text.Power_idleFunc
                0x00002c38       0x18 C:/ti/simplelink_cc13x2_sdk_2_30_00_45/source\ti/drivers/lib/drivers_cc13x2_v1.am4fg(PowerCC26X2.om4fg)
                0x00002c38                Power_idleFunc
 .text.Power_registerNotify
                0x00002c50       0x24 C:/ti/simplelink_cc13x2_sdk_2_30_00_45/source\ti/drivers/lib/drivers_cc13x2_v1.am4fg(PowerCC26X2.om4fg)
                0x00002c50                Power_registerNotify
 .text.Power_releaseConstraint
                0x00002c74       0x34 C:/ti/simplelink_cc13x2_sdk_2_30_00_45/source\ti/drivers/lib/drivers_cc13x2_v1.am4fg(PowerCC26X2.om4fg)
                0x00002c74                Power_releaseConstraint
 .text.oscillatorISR
                0x00002ca8       0xc0 C:/ti/simplelink_cc13x2_sdk_2_30_00_45/source\ti/drivers/lib/drivers_cc13x2_v1.am4fg(PowerCC26X2.om4fg)
 .text.Power_releaseDependency
                0x00002d68       0xa8 C:/ti/simplelink_cc13x2_sdk_2_30_00_45/source\ti/drivers/lib/drivers_cc13x2_v1.am4fg(PowerCC26X2.om4fg)
                0x00002d68                Power_releaseDependency
 .text.Power_setConstraint
                0x00002e10       0x2c C:/ti/simplelink_cc13x2_sdk_2_30_00_45/source\ti/drivers/lib/drivers_cc13x2_v1.am4fg(PowerCC26X2.om4fg)
                0x00002e10                Power_setConstraint
 .text.Power_init
                0x00002e3c      0x124 C:/ti/simplelink_cc13x2_sdk_2_30_00_45/source\ti/drivers/lib/drivers_cc13x2_v1.am4fg(PowerCC26X2.om4fg)
                0x00002e3c                Power_init
 .text.Power_setDependency
                0x00002f60       0xb0 C:/ti/simplelink_cc13x2_sdk_2_30_00_45/source\ti/drivers/lib/drivers_cc13x2_v1.am4fg(PowerCC26X2.om4fg)
                0x00002f60                Power_setDependency
 .text.Power_sleep
                0x00003010      0x19c C:/ti/simplelink_cc13x2_sdk_2_30_00_45/source\ti/drivers/lib/drivers_cc13x2_v1.am4fg(PowerCC26X2.om4fg)
                0x00003010                Power_sleep
 .text.PowerCC26XX_calibrate
                0x000031ac       0x18 C:/ti/simplelink_cc13x2_sdk_2_30_00_45/source\ti/drivers/lib/drivers_cc13x2_v1.am4fg(PowerCC26X2.om4fg)
                0x000031ac                PowerCC26XX_calibrate
 .text.PowerCC26XX_isStableXOSC_HF
                0x000031c4       0x48 C:/ti/simplelink_cc13x2_sdk_2_30_00_45/source\ti/drivers/lib/drivers_cc13x2_v1.am4fg(PowerCC26X2.om4fg)
                0x000031c4                PowerCC26XX_isStableXOSC_HF
 .text.PowerCC26XX_switchXOSC_HF
                0x0000320c       0x3c C:/ti/simplelink_cc13x2_sdk_2_30_00_45/source\ti/drivers/lib/drivers_cc13x2_v1.am4fg(PowerCC26X2.om4fg)
                0x0000320c                PowerCC26XX_switchXOSC_HF
 .text.runCalibrateFsm
                0x00003248      0x224 C:/ti/simplelink_cc13x2_sdk_2_30_00_45/source\ti/drivers/lib/drivers_cc13x2_v1.am4fg(PowerCC26X2_calibrateRCOSC.om4fg)
 .text.PowerCC26X2_initiateCalibration
                0x0000346c       0x74 C:/ti/simplelink_cc13x2_sdk_2_30_00_45/source\ti/drivers/lib/drivers_cc13x2_v1.am4fg(PowerCC26X2_calibrateRCOSC.om4fg)
                0x0000346c                PowerCC26X2_initiateCalibration
 .text.PowerCC26X2_auxISR
                0x000034e0      0x2a8 C:/ti/simplelink_cc13x2_sdk_2_30_00_45/source\ti/drivers/lib/drivers_cc13x2_v1.am4fg(PowerCC26X2_calibrateRCOSC.om4fg)
                0x000034e0                PowerCC26X2_auxISR
 .text.PowerCC26X2_calibrate
                0x00003788       0x14 C:/ti/simplelink_cc13x2_sdk_2_30_00_45/source\ti/drivers/lib/drivers_cc13x2_v1.am4fg(PowerCC26X2_calibrateRCOSC.om4fg)
                0x00003788                PowerCC26X2_calibrate
 .text.NoRTOS_start
                0x0000379c        0x4 C:/ti/simplelink_cc13x2_sdk_2_30_00_45/kernel/nortos\lib/nortos_cc13x2_v1.am4fg(NoRTOS.om4fg)
                0x0000379c                NoRTOS_start
 .text.clkFxn   0x000037a0        0x4 C:/ti/simplelink_cc13x2_sdk_2_30_00_45/kernel/nortos\lib/nortos_cc13x2_v1.am4fg(SemaphoreP_nortos.om4fg)
                0x000037a0                clkFxn
 .text.SemaphoreP_construct
                0x000037a4       0x5c C:/ti/simplelink_cc13x2_sdk_2_30_00_45/kernel/nortos\lib/nortos_cc13x2_v1.am4fg(SemaphoreP_nortos.om4fg)
                0x000037a4                SemaphoreP_construct
 .text.SemaphoreP_constructBinary
                0x00003800       0x2c C:/ti/simplelink_cc13x2_sdk_2_30_00_45/kernel/nortos\lib/nortos_cc13x2_v1.am4fg(SemaphoreP_nortos.om4fg)
                0x00003800                SemaphoreP_constructBinary
 .text.SemaphoreP_pend
                0x0000382c       0xb4 C:/ti/simplelink_cc13x2_sdk_2_30_00_45/kernel/nortos\lib/nortos_cc13x2_v1.am4fg(SemaphoreP_nortos.om4fg)
                0x0000382c                SemaphoreP_pend
 .text.SemaphoreP_post
                0x000038e0       0x4c C:/ti/simplelink_cc13x2_sdk_2_30_00_45/kernel/nortos\lib/nortos_cc13x2_v1.am4fg(SemaphoreP_nortos.om4fg)
                0x000038e0                SemaphoreP_post
 .text.SwiP_construct.part.0
                0x0000392c       0xfc C:/ti/simplelink_cc13x2_sdk_2_30_00_45/kernel/nortos\lib/nortos_cc13x2_v1.am4fg(SwiP_nortos.om4fg)
 .text.SwiP_Params_init
                0x00003a28       0x10 C:/ti/simplelink_cc13x2_sdk_2_30_00_45/kernel/nortos\lib/nortos_cc13x2_v1.am4fg(SwiP_nortos.om4fg)
                0x00003a28                SwiP_Params_init
 .text.SwiP_construct
                0x00003a38        0x8 C:/ti/simplelink_cc13x2_sdk_2_30_00_45/kernel/nortos\lib/nortos_cc13x2_v1.am4fg(SwiP_nortos.om4fg)
                0x00003a38                SwiP_construct
 .text.SwiP_disable
                0x00003a40       0x1c C:/ti/simplelink_cc13x2_sdk_2_30_00_45/kernel/nortos\lib/nortos_cc13x2_v1.am4fg(SwiP_nortos.om4fg)
                0x00003a40                SwiP_disable
 .text.SwiP_dispatch
                0x00003a5c       0xa8 C:/ti/simplelink_cc13x2_sdk_2_30_00_45/kernel/nortos\lib/nortos_cc13x2_v1.am4fg(SwiP_nortos.om4fg)
                0x00003a5c                SwiP_dispatch
 .text.SwiP_handleHwi
                0x00003b04       0x18 C:/ti/simplelink_cc13x2_sdk_2_30_00_45/kernel/nortos\lib/nortos_cc13x2_v1.am4fg(SwiP_nortos.om4fg)
 .text.SwiP_getTrigger
                0x00003b1c        0xc C:/ti/simplelink_cc13x2_sdk_2_30_00_45/kernel/nortos\lib/nortos_cc13x2_v1.am4fg(SwiP_nortos.om4fg)
                0x00003b1c                SwiP_getTrigger
 .text.SwiP_post
                0x00003b28       0x70 C:/ti/simplelink_cc13x2_sdk_2_30_00_45/kernel/nortos\lib/nortos_cc13x2_v1.am4fg(SwiP_nortos.om4fg)
                0x00003b28                SwiP_post
 .text.SwiP_or  0x00003b98       0x20 C:/ti/simplelink_cc13x2_sdk_2_30_00_45/kernel/nortos\lib/nortos_cc13x2_v1.am4fg(SwiP_nortos.om4fg)
                0x00003b98                SwiP_or
 .text.SwiP_restore
                0x00003bb8       0x48 C:/ti/simplelink_cc13x2_sdk_2_30_00_45/kernel/nortos\lib/nortos_cc13x2_v1.am4fg(SwiP_nortos.om4fg)
                0x00003bb8                SwiP_restore
 .text.ClockP_doTick
                0x00003c00        0xc C:/ti/simplelink_cc13x2_sdk_2_30_00_45/kernel/nortos\lib/nortos_cc13x2_v1.am4fg(ClockPTimer_nortos.om4fg)
                0x00003c00                ClockP_doTick
 .text.ClockP_startup.part.1
                0x00003c0c       0xa8 C:/ti/simplelink_cc13x2_sdk_2_30_00_45/kernel/nortos\lib/nortos_cc13x2_v1.am4fg(ClockPTimer_nortos.om4fg)
 .text.ClockP_Params_init
                0x00003cb4       0x10 C:/ti/simplelink_cc13x2_sdk_2_30_00_45/kernel/nortos\lib/nortos_cc13x2_v1.am4fg(ClockPTimer_nortos.om4fg)
                0x00003cb4                ClockP_Params_init
 .text.ClockP_startup
                0x00003cc4       0x10 C:/ti/simplelink_cc13x2_sdk_2_30_00_45/kernel/nortos\lib/nortos_cc13x2_v1.am4fg(ClockPTimer_nortos.om4fg)
                0x00003cc4                ClockP_startup
 .text.ClockP_getTicks
                0x00003cd4       0x24 C:/ti/simplelink_cc13x2_sdk_2_30_00_45/kernel/nortos\lib/nortos_cc13x2_v1.am4fg(ClockPTimer_nortos.om4fg)
                0x00003cd4                ClockP_getTicks
 .text.ClockP_getTicksUntilInterrupt
                0x00003cf8       0x30 C:/ti/simplelink_cc13x2_sdk_2_30_00_45/kernel/nortos\lib/nortos_cc13x2_v1.am4fg(ClockPTimer_nortos.om4fg)
                0x00003cf8                ClockP_getTicksUntilInterrupt
 .text.ClockP_walkQueueDynamic
                0x00003d28       0x70 C:/ti/simplelink_cc13x2_sdk_2_30_00_45/kernel/nortos\lib/nortos_cc13x2_v1.am4fg(ClockPTimer_nortos.om4fg)
                0x00003d28                ClockP_walkQueueDynamic
 .text.ClockP_workFuncDynamic
                0x00003d98       0xc0 C:/ti/simplelink_cc13x2_sdk_2_30_00_45/kernel/nortos\lib/nortos_cc13x2_v1.am4fg(ClockPTimer_nortos.om4fg)
                0x00003d98                ClockP_workFuncDynamic
 .text.ClockP_add
                0x00003e58       0x20 C:/ti/simplelink_cc13x2_sdk_2_30_00_45/kernel/nortos\lib/nortos_cc13x2_v1.am4fg(ClockPTimer_nortos.om4fg)
                0x00003e58                ClockP_add
 .text.ClockP_destruct
                0x00003e78       0x1c C:/ti/simplelink_cc13x2_sdk_2_30_00_45/kernel/nortos\lib/nortos_cc13x2_v1.am4fg(ClockPTimer_nortos.om4fg)
                0x00003e78                ClockP_destruct
 .text.ClockP_start
                0x00003e94       0x84 C:/ti/simplelink_cc13x2_sdk_2_30_00_45/kernel/nortos\lib/nortos_cc13x2_v1.am4fg(ClockPTimer_nortos.om4fg)
                0x00003e94                ClockP_start
 .text.ClockP_construct
                0x00003f18       0x54 C:/ti/simplelink_cc13x2_sdk_2_30_00_45/kernel/nortos\lib/nortos_cc13x2_v1.am4fg(ClockPTimer_nortos.om4fg)
                0x00003f18                ClockP_construct
 .text.ClockP_stop
                0x00003f6c        0x8 C:/ti/simplelink_cc13x2_sdk_2_30_00_45/kernel/nortos\lib/nortos_cc13x2_v1.am4fg(ClockPTimer_nortos.om4fg)
                0x00003f6c                ClockP_stop
 .text.ClockP_setTimeout
                0x00003f74        0x4 C:/ti/simplelink_cc13x2_sdk_2_30_00_45/kernel/nortos\lib/nortos_cc13x2_v1.am4fg(ClockPTimer_nortos.om4fg)
                0x00003f74                ClockP_setTimeout
 .text.ClockP_getTimeout
                0x00003f78       0x14 C:/ti/simplelink_cc13x2_sdk_2_30_00_45/kernel/nortos\lib/nortos_cc13x2_v1.am4fg(ClockPTimer_nortos.om4fg)
                0x00003f78                ClockP_getTimeout
 .text.ClockP_isActive
                0x00003f8c        0x4 C:/ti/simplelink_cc13x2_sdk_2_30_00_45/kernel/nortos\lib/nortos_cc13x2_v1.am4fg(ClockPTimer_nortos.om4fg)
                0x00003f8c                ClockP_isActive
 .text.TimerP_dynamicStub
                0x00003f90       0x20 C:/ti/simplelink_cc13x2_sdk_2_30_00_45/kernel/nortos\lib/nortos_cc13x2_v1.am4fg(TimerPCC26XX_nortos.om4fg)
                0x00003f90                TimerP_dynamicStub
 .text.TimerP_Params_init
                0x00003fb0       0x10 C:/ti/simplelink_cc13x2_sdk_2_30_00_45/kernel/nortos\lib/nortos_cc13x2_v1.am4fg(TimerPCC26XX_nortos.om4fg)
                0x00003fb0                TimerP_Params_init
 .text.TimerP_getMaxTicks
                0x00003fc0       0x24 C:/ti/simplelink_cc13x2_sdk_2_30_00_45/kernel/nortos\lib/nortos_cc13x2_v1.am4fg(TimerPCC26XX_nortos.om4fg)
                0x00003fc0                TimerP_getMaxTicks
 .text.TimerP_setNextTick
                0x00003fe4       0x58 C:/ti/simplelink_cc13x2_sdk_2_30_00_45/kernel/nortos\lib/nortos_cc13x2_v1.am4fg(TimerPCC26XX_nortos.om4fg)
                0x00003fe4                TimerP_setNextTick
 .text.TimerP_start
                0x0000403c       0x7c C:/ti/simplelink_cc13x2_sdk_2_30_00_45/kernel/nortos\lib/nortos_cc13x2_v1.am4fg(TimerPCC26XX_nortos.om4fg)
                0x0000403c                TimerP_start
 .text.TimerP_construct.part.0
                0x000040b8      0x100 C:/ti/simplelink_cc13x2_sdk_2_30_00_45/kernel/nortos\lib/nortos_cc13x2_v1.am4fg(TimerPCC26XX_nortos.om4fg)
 .text.TimerP_construct
                0x000041b8       0x10 C:/ti/simplelink_cc13x2_sdk_2_30_00_45/kernel/nortos\lib/nortos_cc13x2_v1.am4fg(TimerPCC26XX_nortos.om4fg)
                0x000041b8                TimerP_construct
 .text.TimerP_getFreq
                0x000041c8        0xc C:/ti/simplelink_cc13x2_sdk_2_30_00_45/kernel/nortos\lib/nortos_cc13x2_v1.am4fg(TimerPCC26XX_nortos.om4fg)
                0x000041c8                TimerP_getFreq
 .text.TimerP_getCurrentTick
                0x000041d4       0x34 C:/ti/simplelink_cc13x2_sdk_2_30_00_45/kernel/nortos\lib/nortos_cc13x2_v1.am4fg(TimerPCC26XX_nortos.om4fg)
                0x000041d4                TimerP_getCurrentTick
 .text.HwiP_dispatch
                0x00004208       0x1c C:/ti/simplelink_cc13x2_sdk_2_30_00_45/kernel/nortos\lib/nortos_cc13x2_v1.am4fg(HwiPCC26XX_nortos.om4fg)
 .text.HwiP_enable
                0x00004224        0x4 C:/ti/simplelink_cc13x2_sdk_2_30_00_45/kernel/nortos\lib/nortos_cc13x2_v1.am4fg(HwiPCC26XX_nortos.om4fg)
                0x00004224                HwiP_enable
 .text.HwiP_disable
                0x00004228       0x10 C:/ti/simplelink_cc13x2_sdk_2_30_00_45/kernel/nortos\lib/nortos_cc13x2_v1.am4fg(HwiPCC26XX_nortos.om4fg)
                0x00004228                HwiP_disable
 .text.HwiP_restore
                0x00004238        0x8 C:/ti/simplelink_cc13x2_sdk_2_30_00_45/kernel/nortos\lib/nortos_cc13x2_v1.am4fg(HwiPCC26XX_nortos.om4fg)
                0x00004238                HwiP_restore
 .text.HwiP_enableInterrupt
                0x00004240        0xc C:/ti/simplelink_cc13x2_sdk_2_30_00_45/kernel/nortos\lib/nortos_cc13x2_v1.am4fg(HwiPCC26XX_nortos.om4fg)
                0x00004240                HwiP_enableInterrupt
 .text.HwiP_construct
                0x0000424c       0x88 C:/ti/simplelink_cc13x2_sdk_2_30_00_45/kernel/nortos\lib/nortos_cc13x2_v1.am4fg(HwiPCC26XX_nortos.om4fg)
                0x0000424c                HwiP_construct
 .text.HwiP_Params_init
                0x000042d4       0x14 C:/ti/simplelink_cc13x2_sdk_2_30_00_45/kernel/nortos\lib/nortos_cc13x2_v1.am4fg(HwiPCC26XX_nortos.om4fg)
                0x000042d4                HwiP_Params_init
 .text.HwiP_setFunc
                0x000042e8       0x1c C:/ti/simplelink_cc13x2_sdk_2_30_00_45/kernel/nortos\lib/nortos_cc13x2_v1.am4fg(HwiPCC26XX_nortos.om4fg)
                0x000042e8                HwiP_setFunc
 .text.HwiP_post
                0x00004304        0xc C:/ti/simplelink_cc13x2_sdk_2_30_00_45/kernel/nortos\lib/nortos_cc13x2_v1.am4fg(HwiPCC26XX_nortos.om4fg)
                0x00004304                HwiP_post
 .text.HwiP_inISR
                0x00004310       0x14 C:/ti/simplelink_cc13x2_sdk_2_30_00_45/kernel/nortos\lib/nortos_cc13x2_v1.am4fg(HwiPCC26XX_nortos.om4fg)
                0x00004310                HwiP_inISR
 .text.PowerCC26XX_standbyPolicy
                0x00004324       0xd0 C:/ti/simplelink_cc13x2_sdk_2_30_00_45/kernel/nortos\lib/nortos_cc13x2_v1.am4fg(PowerCC26X2_nortos.om4fg)
                0x00004324                PowerCC26XX_standbyPolicy
 .text.PowerCC26XX_schedulerDisable
                0x000043f4       0x10 C:/ti/simplelink_cc13x2_sdk_2_30_00_45/kernel/nortos\lib/nortos_cc13x2_v1.am4fg(PowerCC26X2_nortos.om4fg)
                0x000043f4                PowerCC26XX_schedulerDisable
 .text.PowerCC26XX_schedulerRestore
                0x00004404        0xc C:/ti/simplelink_cc13x2_sdk_2_30_00_45/kernel/nortos\lib/nortos_cc13x2_v1.am4fg(PowerCC26X2_nortos.om4fg)
                0x00004404                PowerCC26XX_schedulerRestore
 .text.resetISR
                0x00004410       0x10 C:/ti/simplelink_cc13x2_sdk_2_30_00_45/kernel/nortos\lib/nortos_cc13x2_v1.am4fg(startup_cc13xx_cc26xx_gcc.om4fg)
                0x00004410                resetISR
 .text.nmiISR   0x00004420        0x4 C:/ti/simplelink_cc13x2_sdk_2_30_00_45/kernel/nortos\lib/nortos_cc13x2_v1.am4fg(startup_cc13xx_cc26xx_gcc.om4fg)
 .text.faultISR
                0x00004424        0x4 C:/ti/simplelink_cc13x2_sdk_2_30_00_45/kernel/nortos\lib/nortos_cc13x2_v1.am4fg(startup_cc13xx_cc26xx_gcc.om4fg)
 .text.busFaultHandler
                0x00004428        0x4 C:/ti/simplelink_cc13x2_sdk_2_30_00_45/kernel/nortos\lib/nortos_cc13x2_v1.am4fg(startup_cc13xx_cc26xx_gcc.om4fg)
 .text.defaultHandler
                0x0000442c        0x4 C:/ti/simplelink_cc13x2_sdk_2_30_00_45/kernel/nortos\lib/nortos_cc13x2_v1.am4fg(startup_cc13xx_cc26xx_gcc.om4fg)
 .text.localProgramStart
                0x00004430       0x98 C:/ti/simplelink_cc13x2_sdk_2_30_00_45/kernel/nortos\lib/nortos_cc13x2_v1.am4fg(startup_cc13xx_cc26xx_gcc.om4fg)
                0x00004430                localProgramStart
 .text._fini    0x000044c8        0x4 C:/ti/simplelink_cc13x2_sdk_2_30_00_45/kernel/nortos\lib/nortos_cc13x2_v1.am4fg(startup_cc13xx_cc26xx_gcc.om4fg)
                0x000044c8                _fini
 .text.QueueP_init
                0x000044cc        0x8 C:/ti/simplelink_cc13x2_sdk_2_30_00_45/kernel/nortos\lib/nortos_cc13x2_v1.am4fg(QueueP_nortos.om4fg)
                0x000044cc                QueueP_init
 .text.QueueP_empty
                0x000044d4        0xc C:/ti/simplelink_cc13x2_sdk_2_30_00_45/kernel/nortos\lib/nortos_cc13x2_v1.am4fg(QueueP_nortos.om4fg)
                0x000044d4                QueueP_empty
 .text.QueueP_get
                0x000044e0       0x1c C:/ti/simplelink_cc13x2_sdk_2_30_00_45/kernel/nortos\lib/nortos_cc13x2_v1.am4fg(QueueP_nortos.om4fg)
                0x000044e0                QueueP_get
 .text.QueueP_head
                0x000044fc        0x4 C:/ti/simplelink_cc13x2_sdk_2_30_00_45/kernel/nortos\lib/nortos_cc13x2_v1.am4fg(QueueP_nortos.om4fg)
                0x000044fc                QueueP_head
 .text.QueueP_next
                0x00004500        0x4 C:/ti/simplelink_cc13x2_sdk_2_30_00_45/kernel/nortos\lib/nortos_cc13x2_v1.am4fg(QueueP_nortos.om4fg)
                0x00004500                QueueP_next
 .text.QueueP_put
                0x00004504       0x20 C:/ti/simplelink_cc13x2_sdk_2_30_00_45/kernel/nortos\lib/nortos_cc13x2_v1.am4fg(QueueP_nortos.om4fg)
                0x00004504                QueueP_put
 .text.QueueP_remove
                0x00004524       0x10 C:/ti/simplelink_cc13x2_sdk_2_30_00_45/kernel/nortos\lib/nortos_cc13x2_v1.am4fg(QueueP_nortos.om4fg)
                0x00004524                QueueP_remove
 .text.NOROM_ChipInfo_GetPackageType
                0x00004534       0x18 C:/ti/simplelink_cc13x2_sdk_2_30_00_45/source\ti/devices/cc13x2_cc26x2_v1/driverlib/bin/gcc/driverlib.lib(chipinfo.o)
                0x00004534                NOROM_ChipInfo_GetPackageType
 .text.NOROM_ChipInfo_GetChipFamily
                0x0000454c       0x1c C:/ti/simplelink_cc13x2_sdk_2_30_00_45/source\ti/devices/cc13x2_cc26x2_v1/driverlib/bin/gcc/driverlib.lib(chipinfo.o)
                0x0000454c                NOROM_ChipInfo_GetChipFamily
 .text.NOROM_ChipInfo_GetChipType
                0x00004568       0x50 C:/ti/simplelink_cc13x2_sdk_2_30_00_45/source\ti/devices/cc13x2_cc26x2_v1/driverlib/bin/gcc/driverlib.lib(chipinfo.o)
                0x00004568                NOROM_ChipInfo_GetChipType
 .text.NOROM_ChipInfo_GetHwRevision
                0x000045b8       0x44 C:/ti/simplelink_cc13x2_sdk_2_30_00_45/source\ti/devices/cc13x2_cc26x2_v1/driverlib/bin/gcc/driverlib.lib(chipinfo.o)
                0x000045b8                NOROM_ChipInfo_GetHwRevision
 .text.NOROM_ThisLibraryIsFor_CC13x2_CC26x2_HwRev1x_HaltIfViolated
                0x000045fc       0x16 C:/ti/simplelink_cc13x2_sdk_2_30_00_45/source\ti/devices/cc13x2_cc26x2_v1/driverlib/bin/gcc/driverlib.lib(chipinfo.o)
                0x000045fc                NOROM_ThisLibraryIsFor_CC13x2_CC26x2_HwRev1x_HaltIfViolated
 .text.NOROM_CPUcpsid
                0x00004612        0x8 C:/ti/simplelink_cc13x2_sdk_2_30_00_45/source\ti/devices/cc13x2_cc26x2_v1/driverlib/bin/gcc/driverlib.lib(cpu.o)
                0x00004612                NOROM_CPUcpsid
 .text.NOROM_CPUcpsie
                0x0000461a        0x8 C:/ti/simplelink_cc13x2_sdk_2_30_00_45/source\ti/devices/cc13x2_cc26x2_v1/driverlib/bin/gcc/driverlib.lib(cpu.o)
                0x0000461a                NOROM_CPUcpsie
 .text.NOROM_CPUdelay
                0x00004622        0x6 C:/ti/simplelink_cc13x2_sdk_2_30_00_45/source\ti/devices/cc13x2_cc26x2_v1/driverlib/bin/gcc/driverlib.lib(cpu.o)
                0x00004622                NOROM_CPUdelay
 .text.NOROM_IntRegister
                0x00004628       0x2c C:/ti/simplelink_cc13x2_sdk_2_30_00_45/source\ti/devices/cc13x2_cc26x2_v1/driverlib/bin/gcc/driverlib.lib(interrupt.o)
                0x00004628                NOROM_IntRegister
 .text.OSCHfSourceSwitch
                0x00004654       0x34 C:/ti/simplelink_cc13x2_sdk_2_30_00_45/source\ti/devices/cc13x2_cc26x2_v1/driverlib/bin/gcc/driverlib.lib(osc.o)
 .text.NOROM_OSCHF_TurnOnXosc
                0x00004688       0x24 C:/ti/simplelink_cc13x2_sdk_2_30_00_45/source\ti/devices/cc13x2_cc26x2_v1/driverlib/bin/gcc/driverlib.lib(osc.o)
                0x00004688                NOROM_OSCHF_TurnOnXosc
 .text.NOROM_OSCHF_AttemptToSwitchToXosc
                0x000046ac       0x64 C:/ti/simplelink_cc13x2_sdk_2_30_00_45/source\ti/devices/cc13x2_cc26x2_v1/driverlib/bin/gcc/driverlib.lib(osc.o)
                0x000046ac                NOROM_OSCHF_AttemptToSwitchToXosc
 .text.NOROM_OSCHF_SwitchToRcOscTurnOffXosc
                0x00004710       0x40 C:/ti/simplelink_cc13x2_sdk_2_30_00_45/source\ti/devices/cc13x2_cc26x2_v1/driverlib/bin/gcc/driverlib.lib(osc.o)
                0x00004710                NOROM_OSCHF_SwitchToRcOscTurnOffXosc
 .text.NOROM_RFCCpeIntGetAndClear
                0x00004750       0x10 C:/ti/simplelink_cc13x2_sdk_2_30_00_45/source\ti/devices/cc13x2_cc26x2_v1/driverlib/bin/gcc/driverlib.lib(rfc.o)
                0x00004750                NOROM_RFCCpeIntGetAndClear
 .text.NOROM_RFCDoorbellSendTo
                0x00004760       0x28 C:/ti/simplelink_cc13x2_sdk_2_30_00_45/source\ti/devices/cc13x2_cc26x2_v1/driverlib/bin/gcc/driverlib.lib(rfc.o)
                0x00004760                NOROM_RFCDoorbellSendTo
 .text.NOROM_RFCSynthPowerDown
                0x00004788       0x58 C:/ti/simplelink_cc13x2_sdk_2_30_00_45/source\ti/devices/cc13x2_cc26x2_v1/driverlib/bin/gcc/driverlib.lib(rfc.o)
                0x00004788                NOROM_RFCSynthPowerDown
 .text.NOROM_RFCCpePatchReset
                0x000047e0        0x2 C:/ti/simplelink_cc13x2_sdk_2_30_00_45/source\ti/devices/cc13x2_cc26x2_v1/driverlib/bin/gcc/driverlib.lib(rfc.o)
                0x000047e0                NOROM_RFCCpePatchReset
 .text.NOROM_RFCOverrideSearch
                0x000047e2       0x26 C:/ti/simplelink_cc13x2_sdk_2_30_00_45/source\ti/devices/cc13x2_cc26x2_v1/driverlib/bin/gcc/driverlib.lib(rfc.o)
                0x000047e2                NOROM_RFCOverrideSearch
 .text.NOROM_RFCAnaDivTxOverride
                0x00004808       0x40 C:/ti/simplelink_cc13x2_sdk_2_30_00_45/source\ti/devices/cc13x2_cc26x2_v1/driverlib/bin/gcc/driverlib.lib(rfc.o)
                0x00004808                NOROM_RFCAnaDivTxOverride
 .text.NOROM_RFCOverrideUpdate
                0x00004848        0x4 C:/ti/simplelink_cc13x2_sdk_2_30_00_45/source\ti/devices/cc13x2_cc26x2_v1/driverlib/bin/gcc/driverlib.lib(rfc.o)
                0x00004848                NOROM_RFCOverrideUpdate
 .text.NOROM_RFCHwIntGetAndClear
                0x0000484c       0x10 C:/ti/simplelink_cc13x2_sdk_2_30_00_45/source\ti/devices/cc13x2_cc26x2_v1/driverlib/bin/gcc/driverlib.lib(rfc.o)
                0x0000484c                NOROM_RFCHwIntGetAndClear
 .text.TrimAfterColdResetWakeupFromShutDown
                0x0000485c      0x1c8 C:/ti/simplelink_cc13x2_sdk_2_30_00_45/source\ti/devices/cc13x2_cc26x2_v1/driverlib/bin/gcc/driverlib.lib(setup.o)
 .text.NOROM_SetupTrimDevice
                0x00004a24       0x98 C:/ti/simplelink_cc13x2_sdk_2_30_00_45/source\ti/devices/cc13x2_cc26x2_v1/driverlib/bin/gcc/driverlib.lib(setup.o)
                0x00004a24                NOROM_SetupTrimDevice
 .text.NOROM_SetupStepVddrTrimTo
                0x00004abc       0x80 C:/ti/simplelink_cc13x2_sdk_2_30_00_45/source\ti/devices/cc13x2_cc26x2_v1/driverlib/bin/gcc/driverlib.lib(setup_rom.o)
                0x00004abc                NOROM_SetupStepVddrTrimTo
 .text.NOROM_SetupAfterColdResetWakeupFromShutDownCfg1
                0x00004b3c       0x70 C:/ti/simplelink_cc13x2_sdk_2_30_00_45/source\ti/devices/cc13x2_cc26x2_v1/driverlib/bin/gcc/driverlib.lib(setup_rom.o)
                0x00004b3c                NOROM_SetupAfterColdResetWakeupFromShutDownCfg1
 .text.NOROM_SysCtrlIdle
                0x00004bac       0x38 C:/ti/simplelink_cc13x2_sdk_2_30_00_45/source\ti/devices/cc13x2_cc26x2_v1/driverlib/bin/gcc/driverlib.lib(sys_ctrl.o)
                0x00004bac                NOROM_SysCtrlIdle
 .text.NOROM_SysCtrlStandby
                0x00004be4      0x12c C:/ti/simplelink_cc13x2_sdk_2_30_00_45/source\ti/devices/cc13x2_cc26x2_v1/driverlib/bin/gcc/driverlib.lib(sys_ctrl.o)
                0x00004be4                NOROM_SysCtrlStandby
 .text.NOROM_AUXSYSIFOpModeChange
                0x00004d10       0x3c C:/ti/simplelink_cc13x2_sdk_2_30_00_45/source\ti/devices/cc13x2_cc26x2_v1/driverlib/bin/gcc/driverlib.lib(aux_sysif.o)
                0x00004d10                NOROM_AUXSYSIFOpModeChange
 .text.memcpy   0x00004d4c       0x16 C:/ti/ccs901/ccs/tools/compiler/gcc-arm-none-eabi-7-2017-q4-major-win32/arm-none-eabi/lib/thumb/v7e-m/fpv4-sp/hard\libc_nano.a(lib_a-memcpy-stub.o)
                0x00004d4c                memcpy
 .text.memset   0x00004d62       0x10 C:/ti/ccs901/ccs/tools/compiler/gcc-arm-none-eabi-7-2017-q4-major-win32/arm-none-eabi/lib/thumb/v7e-m/fpv4-sp/hard\libc_nano.a(lib_a-memset.o)
                0x00004d62                memset
                0x00004d74                . = ALIGN (0x4)
 *fill*         0x00004d72        0x2 
 *(.ctors)
                0x00004d74                . = ALIGN (0x4)
 *(.dtors)
                0x00004d74                . = ALIGN (0x4)
                0x00004d74                __init_array_start = .
 *(.init_array*)
                0x00004d74                __init_array_end = .
 *(.init)
 *(.fini*)
                [!provide]                PROVIDE (__etext, .)
                [!provide]                PROVIDE (_etext, .)
                [!provide]                PROVIDE (etext, .)

.glue_7         0x00004d74        0x0
 .glue_7        0x00004d74        0x0 linker stubs

.glue_7t        0x00004d74        0x0
 .glue_7t       0x00004d74        0x0 linker stubs

.vfp11_veneer   0x00004d74        0x0
 .vfp11_veneer  0x00004d74        0x0 linker stubs

.v4_bx          0x00004d74        0x0
 .v4_bx         0x00004d74        0x0 linker stubs

.iplt           0x00004d74        0x0
 .iplt          0x00004d74        0x0 ./CC1352P1_LAUNCHXL_fxns.o

.rodata         0x00004d74     0x120a
 *(.rodata)
 .rodata        0x00004d74       0x2c ./CC1352P1_LAUNCHXL_fxns.o
 *(.rodata.*)
 .rodata.BoardGpioInitTable
                0x00004da0       0x14 ./syscfg/Board.o
                0x00004da0                BoardGpioInitTable
 .rodata.PINCC26XX_hwAttrs
                0x00004db4        0x8 ./syscfg/Board.o
                0x00004db4                PINCC26XX_hwAttrs
 .rodata.PowerCC26X2_config
                0x00004dbc       0x10 ./syscfg/Board.o
                0x00004dbc                PowerCC26X2_config
 .rodata.RFCC26XX_hwAttrs
                0x00004dcc        0xc ./syscfg/Board.o
                0x00004dcc                RFCC26XX_hwAttrs
 .rodata.patchGenfskRfe
                0x00004dd8      0x800 ./smartrf_settings/smartrf_settings.o
 .rodata.patchImageProp
                0x000055d8      0x550 ./smartrf_settings/smartrf_settings.o
 .rodata.patchSimplelinkLrmMce
                0x00005b28      0x390 ./smartrf_settings/smartrf_settings.o
 .rodata.RF_defaultParams
                0x00005eb8       0x1c C:/ti/simplelink_cc13x2_sdk_2_30_00_45/source\ti/drivers/rf/lib/rf_multiMode_cc13x2_v1.am4fg(RFCC26X2_multiMode.om4fg)
 .rodata.resourceDB
                0x00005ed4       0x54 C:/ti/simplelink_cc13x2_sdk_2_30_00_45/source\ti/drivers/lib/drivers_cc13x2_v1.am4fg(PowerCC26X2.om4fg)
                0x00005ed4                resourceDB
 .rodata.SwiP_defaultParams
                0x00005f28       0x10 C:/ti/simplelink_cc13x2_sdk_2_30_00_45/kernel/nortos\lib/nortos_cc13x2_v1.am4fg(SwiP_nortos.om4fg)
 .rodata.CSWTCH.11
                0x00005f38       0x3e C:/ti/simplelink_cc13x2_sdk_2_30_00_45/source\ti/devices/cc13x2_cc26x2_v1/driverlib/bin/gcc/driverlib.lib(rfc.o)
 .rodata.g_Order_to_OpMode
                0x00005f76        0x4 C:/ti/simplelink_cc13x2_sdk_2_30_00_45/source\ti/devices/cc13x2_cc26x2_v1/driverlib/bin/gcc/driverlib.lib(aux_sysif.o)
 .rodata.g_OpMode_to_order
                0x00005f7a        0x4 C:/ti/simplelink_cc13x2_sdk_2_30_00_45/source\ti/devices/cc13x2_cc26x2_v1/driverlib/bin/gcc/driverlib.lib(aux_sysif.o)

.data           0x20000000      0x1f0 load address 0x00005f80
                0x00005f80                __data_load__ = LOADADDR (.data)
                0x20000000                __data_start__ = .
 *(.data)
 *(.data.*)
 .data.pinTable
                0x20000000        0x8 ./rfPacketTx.o
                0x20000000                pinTable
 .data.RF_cmdFs
                0x20000008       0x18 ./smartrf_settings/smartrf_settings.o
                0x20000008                RF_cmdFs
 .data.RF_cmdPropRadioDivSetup
                0x20000020       0x30 ./smartrf_settings/smartrf_settings.o
                0x20000020                RF_cmdPropRadioDivSetup
 .data.RF_cmdPropTx
                0x20000050       0x18 ./smartrf_settings/smartrf_settings.o
                0x20000050                RF_cmdPropTx
 .data.RF_prop  0x20000068       0x10 ./smartrf_settings/smartrf_settings.o
                0x20000068                RF_prop
 .data.pOverrides
                0x20000078       0x74 ./smartrf_settings/smartrf_settings.o
                0x20000078                pOverrides
 .data.pOverridesTx20
                0x200000ec       0x10 ./smartrf_settings/smartrf_settings.o
                0x200000ec                pOverridesTx20
 .data.pOverridesTxStd
                0x200000fc       0x10 ./smartrf_settings/smartrf_settings.o
                0x200000fc                pOverridesTxStd
 .data.PowerCC26X2_module
                0x2000010c       0xc8 C:/ti/simplelink_cc13x2_sdk_2_30_00_45/source\ti/drivers/lib/drivers_cc13x2_v1.am4fg(PowerCC26X2.om4fg)
                0x2000010c                PowerCC26X2_module
 .data.SemaphoreP_defaultParams
                0x200001d4        0x8 C:/ti/simplelink_cc13x2_sdk_2_30_00_45/kernel/nortos\lib/nortos_cc13x2_v1.am4fg(SemaphoreP_nortos.om4fg)
                0x200001d4                SemaphoreP_defaultParams
 .data.ClockP_tickPeriod
                0x200001dc        0x4 C:/ti/simplelink_cc13x2_sdk_2_30_00_45/kernel/nortos\lib/nortos_cc13x2_v1.am4fg(ClockPTimer_nortos.om4fg)
                0x200001dc                ClockP_tickPeriod
 .data.TimerP_defaultParams
                0x200001e0        0xc C:/ti/simplelink_cc13x2_sdk_2_30_00_45/kernel/nortos\lib/nortos_cc13x2_v1.am4fg(TimerPCC26XX_nortos.om4fg)
 .data.HwiP_swiPIntNum
                0x200001ec        0x4 C:/ti/simplelink_cc13x2_sdk_2_30_00_45/kernel/nortos\lib/nortos_cc13x2_v1.am4fg(HwiPCC26XX_nortos.om4fg)
                0x200001ec                HwiP_swiPIntNum
                0x200001f0                . = ALIGN (0x4)
                0x200001f0                __data_end__ = .

.igot.plt       0x200001f0        0x0 load address 0x00006170
 .igot.plt      0x200001f0        0x0 ./CC1352P1_LAUNCHXL_fxns.o

vtable_ram      0x20000200       0xd8 load address 0x00006170
 vtable_ram     0x20000200       0xd8 C:/ti/simplelink_cc13x2_sdk_2_30_00_45/source\ti/devices/cc13x2_cc26x2_v1/driverlib/bin/gcc/driverlib.lib(interrupt.o)

.ARM.exidx      0x00006248        0x8
                0x00006248                __exidx_start = .
 *(.ARM.exidx* .gnu.linkonce.armexidx.*)
 .ARM.exidx     0x00006248        0x8 c:/ti/ccs901/ccs/tools/compiler/gcc-arm-none-eabi-7-2017-q4-major-win32/bin/../lib/gcc/arm-none-eabi/7.2.1/thumb/v7e-m/fpv4-sp/hard\libgcc.a(_udivmoddi4.o)
                0x00006250                __exidx_end = .

.ARM.extab
 *(.ARM.extab* .gnu.linkonce.armextab.*)

.nvs
 *(.nvs)

.ccfg           0x00057fa8       0x58
 *(.ccfg)
 .ccfg          0x00057fa8       0x58 ./ccfg.o
                0x00057fa8                __ccfg

.rel.dyn        0x00058000        0x0
 .rel.iplt      0x00058000        0x0 ./CC1352P1_LAUNCHXL_fxns.o

.bss            0x200002d8      0x7e0
                0x200002d8                __bss_start__ = .
 *(.shbss)
 *(.bss)
 *(.bss.*)
 .bss.antennaPins
                0x200002d8        0x4 ./CC1352P1_LAUNCHXL_fxns.o
 .bss.antennaState
                0x200002dc        0xc ./CC1352P1_LAUNCHXL_fxns.o
 .bss.ledPinHandle
                0x200002e8        0x4 ./rfPacketTx.o
 .bss.ledPinState
                0x200002ec        0xc ./rfPacketTx.o
 .bss.packet    0x200002f8       0x1e ./rfPacketTx.o
 *fill*         0x20000316        0x2 
 .bss.rfHandle  0x20000318        0x4 ./rfPacketTx.o
 *fill*         0x2000031c        0x4 
 .bss.rfObject  0x20000320       0xc8 ./rfPacketTx.o
 .bss.seqNumber
                0x200003e8        0x2 ./rfPacketTx.o
 .bss.bPropPatchEntered
                0x200003ea        0x1 ./smartrf_settings/smartrf_settings.o
 *fill*         0x200003eb        0x1 
 .bss.RF_Sch    0x200003ec       0x30 C:/ti/simplelink_cc13x2_sdk_2_30_00_45/source\ti/drivers/rf/lib/rf_multiMode_cc13x2_v1.am4fg(RFCC26X2_multiMode.om4fg)
 .bss.RF_clkPowerUpObj
                0x2000041c       0x24 C:/ti/simplelink_cc13x2_sdk_2_30_00_45/source\ti/drivers/rf/lib/rf_multiMode_cc13x2_v1.am4fg(RFCC26X2_multiMode.om4fg)
 .bss.RF_cmdPool
                0x20000440      0x1c0 C:/ti/simplelink_cc13x2_sdk_2_30_00_45/source\ti/drivers/rf/lib/rf_multiMode_cc13x2_v1.am4fg(RFCC26X2_multiMode.om4fg)
 .bss.RF_cmdQ   0x20000600       0x20 C:/ti/simplelink_cc13x2_sdk_2_30_00_45/source\ti/drivers/rf/lib/rf_multiMode_cc13x2_v1.am4fg(RFCC26X2_multiMode.om4fg)
 .bss.RF_core   0x20000620       0x10 C:/ti/simplelink_cc13x2_sdk_2_30_00_45/source\ti/drivers/rf/lib/rf_multiMode_cc13x2_v1.am4fg(RFCC26X2_multiMode.om4fg)
 .bss.RF_currClient
                0x20000630        0x4 C:/ti/simplelink_cc13x2_sdk_2_30_00_45/source\ti/drivers/rf/lib/rf_multiMode_cc13x2_v1.am4fg(RFCC26X2_multiMode.om4fg)
 .bss.RF_errTolValInUs
                0x20000634        0x4 C:/ti/simplelink_cc13x2_sdk_2_30_00_45/source\ti/drivers/rf/lib/rf_multiMode_cc13x2_v1.am4fg(RFCC26X2_multiMode.om4fg)
 .bss.RF_hwiCpe0Obj
                0x20000638       0x1c C:/ti/simplelink_cc13x2_sdk_2_30_00_45/source\ti/drivers/rf/lib/rf_multiMode_cc13x2_v1.am4fg(RFCC26X2_multiMode.om4fg)
 .bss.RF_hwiHwObj
                0x20000654       0x1c C:/ti/simplelink_cc13x2_sdk_2_30_00_45/source\ti/drivers/rf/lib/rf_multiMode_cc13x2_v1.am4fg(RFCC26X2_multiMode.om4fg)
 .bss.RF_nRtc2  0x20000670        0x4 C:/ti/simplelink_cc13x2_sdk_2_30_00_45/source\ti/drivers/rf/lib/rf_multiMode_cc13x2_v1.am4fg(RFCC26X2_multiMode.om4fg)
 .bss.RF_numClients
                0x20000674        0x1 C:/ti/simplelink_cc13x2_sdk_2_30_00_45/source\ti/drivers/rf/lib/rf_multiMode_cc13x2_v1.am4fg(RFCC26X2_multiMode.om4fg)
 .bss.RF_powerConstraint
                0x20000675        0x1 C:/ti/simplelink_cc13x2_sdk_2_30_00_45/source\ti/drivers/rf/lib/rf_multiMode_cc13x2_v1.am4fg(RFCC26X2_multiMode.om4fg)
 *fill*         0x20000676        0x2 
 .bss.RF_ratModule
                0x20000678       0x68 C:/ti/simplelink_cc13x2_sdk_2_30_00_45/source\ti/drivers/rf/lib/rf_multiMode_cc13x2_v1.am4fg(RFCC26X2_multiMode.om4fg)
 .bss.RF_ratSyncCmd
                0x200006e0       0x14 C:/ti/simplelink_cc13x2_sdk_2_30_00_45/source\ti/drivers/rf/lib/rf_multiMode_cc13x2_v1.am4fg(RFCC26X2_multiMode.om4fg)
 .bss.RF_rtcTimestampA
                0x200006f4        0x4 C:/ti/simplelink_cc13x2_sdk_2_30_00_45/source\ti/drivers/rf/lib/rf_multiMode_cc13x2_v1.am4fg(RFCC26X2_multiMode.om4fg)
 .bss.RF_swiFsmObj
                0x200006f8       0x34 C:/ti/simplelink_cc13x2_sdk_2_30_00_45/source\ti/drivers/rf/lib/rf_multiMode_cc13x2_v1.am4fg(RFCC26X2_multiMode.om4fg)
 .bss.RF_swiHwObj
                0x2000072c       0x34 C:/ti/simplelink_cc13x2_sdk_2_30_00_45/source\ti/drivers/rf/lib/rf_multiMode_cc13x2_v1.am4fg(RFCC26X2_multiMode.om4fg)
 .bss.RF_wakeupNotifyObj
                0x20000760       0x14 C:/ti/simplelink_cc13x2_sdk_2_30_00_45/source\ti/drivers/rf/lib/rf_multiMode_cc13x2_v1.am4fg(RFCC26X2_multiMode.om4fg)
 .bss.bDisableFlashInIdleConstraint
                0x20000774        0x1 C:/ti/simplelink_cc13x2_sdk_2_30_00_45/source\ti/drivers/rf/lib/rf_multiMode_cc13x2_v1.am4fg(RFCC26X2_multiMode.om4fg)
 *fill*         0x20000775        0x3 
 .bss.defaultPinConfig
                0x20000778        0x4 C:/ti/simplelink_cc13x2_sdk_2_30_00_45/source\ti/drivers/lib/drivers_cc13x2_v1.am4fg(PINCC26XX.om4fg)
 .bss.pinGpioConfigTable
                0x2000077c       0x1f C:/ti/simplelink_cc13x2_sdk_2_30_00_45/source\ti/drivers/lib/drivers_cc13x2_v1.am4fg(PINCC26XX.om4fg)
 *fill*         0x2000079b        0x1 
 .bss.pinHwi    0x2000079c       0x1c C:/ti/simplelink_cc13x2_sdk_2_30_00_45/source\ti/drivers/lib/drivers_cc13x2_v1.am4fg(PINCC26XX.om4fg)
 .bss.pinLowerBound
                0x200007b8        0x4 C:/ti/simplelink_cc13x2_sdk_2_30_00_45/source\ti/drivers/lib/drivers_cc13x2_v1.am4fg(PINCC26XX.om4fg)
                0x200007b8                pinLowerBound
 .bss.pinSemaphore
                0x200007bc       0x1c C:/ti/simplelink_cc13x2_sdk_2_30_00_45/source\ti/drivers/lib/drivers_cc13x2_v1.am4fg(PINCC26XX.om4fg)
 .bss.pinSwi    0x200007d8       0x34 C:/ti/simplelink_cc13x2_sdk_2_30_00_45/source\ti/drivers/lib/drivers_cc13x2_v1.am4fg(PINCC26XX.om4fg)
 .bss.pinUpperBound
                0x2000080c        0x4 C:/ti/simplelink_cc13x2_sdk_2_30_00_45/source\ti/drivers/lib/drivers_cc13x2_v1.am4fg(PINCC26XX.om4fg)
                0x2000080c                pinUpperBound
 .bss.SemaphoreP_initialized
                0x20000810        0x1 C:/ti/simplelink_cc13x2_sdk_2_30_00_45/kernel/nortos\lib/nortos_cc13x2_v1.am4fg(SemaphoreP_nortos.om4fg)
 .bss.doEnablePolicy
                0x20000811        0x1 C:/ti/simplelink_cc13x2_sdk_2_30_00_45/kernel/nortos\lib/nortos_cc13x2_v1.am4fg(SemaphoreP_nortos.om4fg)
 .bss.pendInProgress
                0x20000812        0x1 C:/ti/simplelink_cc13x2_sdk_2_30_00_45/kernel/nortos\lib/nortos_cc13x2_v1.am4fg(SemaphoreP_nortos.om4fg)
 *fill*         0x20000813        0x1 
 .bss.SwiP_currentTrigger
                0x20000814        0x4 C:/ti/simplelink_cc13x2_sdk_2_30_00_45/kernel/nortos\lib/nortos_cc13x2_v1.am4fg(SwiP_nortos.om4fg)
 .bss.SwiP_hwiStruct
                0x20000818       0x1c C:/ti/simplelink_cc13x2_sdk_2_30_00_45/kernel/nortos\lib/nortos_cc13x2_v1.am4fg(SwiP_nortos.om4fg)
 .bss.SwiP_initialized
                0x20000834        0x1 C:/ti/simplelink_cc13x2_sdk_2_30_00_45/kernel/nortos\lib/nortos_cc13x2_v1.am4fg(SwiP_nortos.om4fg)
 *fill*         0x20000835        0x3 
 .bss.SwiP_lockState
                0x20000838        0x4 C:/ti/simplelink_cc13x2_sdk_2_30_00_45/kernel/nortos\lib/nortos_cc13x2_v1.am4fg(SwiP_nortos.om4fg)
 .bss.SwiP_readyList
                0x2000083c       0x20 C:/ti/simplelink_cc13x2_sdk_2_30_00_45/kernel/nortos\lib/nortos_cc13x2_v1.am4fg(SwiP_nortos.om4fg)
 .bss.SwiP_readyMask
                0x2000085c        0x4 C:/ti/simplelink_cc13x2_sdk_2_30_00_45/kernel/nortos\lib/nortos_cc13x2_v1.am4fg(SwiP_nortos.om4fg)
 .bss.SwiP_schedulerRunning
                0x20000860        0x1 C:/ti/simplelink_cc13x2_sdk_2_30_00_45/kernel/nortos\lib/nortos_cc13x2_v1.am4fg(SwiP_nortos.om4fg)
 *fill*         0x20000861        0x3 
 .bss.ClockP_defaultParams
                0x20000864        0xc C:/ti/simplelink_cc13x2_sdk_2_30_00_45/kernel/nortos\lib/nortos_cc13x2_v1.am4fg(ClockPTimer_nortos.om4fg)
 .bss.ClockP_initialized
                0x20000870        0x1 C:/ti/simplelink_cc13x2_sdk_2_30_00_45/kernel/nortos\lib/nortos_cc13x2_v1.am4fg(ClockPTimer_nortos.om4fg)
 *fill*         0x20000871        0x7 
 .bss.ClockP_module
                0x20000878       0xa0 C:/ti/simplelink_cc13x2_sdk_2_30_00_45/kernel/nortos\lib/nortos_cc13x2_v1.am4fg(ClockPTimer_nortos.om4fg)
 .bss.timerFreq
                0x20000918        0x8 C:/ti/simplelink_cc13x2_sdk_2_30_00_45/kernel/nortos\lib/nortos_cc13x2_v1.am4fg(ClockPTimer_nortos.om4fg)
 .bss.usecsPerTimerTick
                0x20000920        0x4 C:/ti/simplelink_cc13x2_sdk_2_30_00_45/kernel/nortos\lib/nortos_cc13x2_v1.am4fg(ClockPTimer_nortos.om4fg)
 .bss.TimerP_handle
                0x20000924        0x4 C:/ti/simplelink_cc13x2_sdk_2_30_00_45/kernel/nortos\lib/nortos_cc13x2_v1.am4fg(TimerPCC26XX_nortos.om4fg)
 .bss.TimerP_hwiStruct
                0x20000928       0x1c C:/ti/simplelink_cc13x2_sdk_2_30_00_45/kernel/nortos\lib/nortos_cc13x2_v1.am4fg(TimerPCC26XX_nortos.om4fg)
 .bss.TimerP_initialized
                0x20000944        0x1 C:/ti/simplelink_cc13x2_sdk_2_30_00_45/kernel/nortos\lib/nortos_cc13x2_v1.am4fg(TimerPCC26XX_nortos.om4fg)
 *fill*         0x20000945        0x3 
 .bss.HwiP_dispatchTable
                0x20000948       0xd8 C:/ti/simplelink_cc13x2_sdk_2_30_00_45/kernel/nortos\lib/nortos_cc13x2_v1.am4fg(HwiPCC26XX_nortos.om4fg)
 .bss.PowerCC26X2_swiKey
                0x20000a20        0x4 C:/ti/simplelink_cc13x2_sdk_2_30_00_45/kernel/nortos\lib/nortos_cc13x2_v1.am4fg(PowerCC26X2_nortos.om4fg)
 .bss.oscHfGlobals
                0x20000a24       0x14 C:/ti/simplelink_cc13x2_sdk_2_30_00_45/source\ti/devices/cc13x2_cc26x2_v1/driverlib/bin/gcc/driverlib.lib(osc.o)
 *(COMMON)
 COMMON         0x20000a38       0x7c C:/ti/simplelink_cc13x2_sdk_2_30_00_45/source\ti/drivers/lib/drivers_cc13x2_v1.am4fg(PINCC26XX.om4fg)
                0x20000a38                pinHandleTable
 COMMON         0x20000ab4        0x1 C:/ti/simplelink_cc13x2_sdk_2_30_00_45/source\ti/devices/cc13x2_cc26x2_v1/driverlib/bin/gcc/driverlib.lib(driverlib_release.o)
                0x20000ab4                driverlib_release_0_52354
                0x20000ab8                . = ALIGN (0x4)
 *fill*         0x20000ab5        0x3 
                0x20000ab8                __bss_end__ = .

.heap           0x20000ab8      0x100
                0x20000ab8                __heap_start__ = .
                0x20000ab8                end = __heap_start__
                0x20000ab8                _end = end
                0x20000ab8                __end = end
                0x20000bb8                . = (. + HEAPSIZE)
 *fill*         0x20000ab8      0x100 
 *(.heap)
                0x20000bb8                __heap_end__ = .
                0x20000bb8                __HeapLimit = __heap_end__

.stack          0x20000bb8      0x400
                0x20000bb8                _stack = .
                0x20000bb8                __stack = .
 *(.stack)
                0x20000fb8                . = (. + STACKSIZE)
 *fill*         0x20000bb8      0x400 
                0x20000fb8                _stack_end = .
                0x20000fb8                __stack_end = .
LOAD C:/ti/simplelink_cc13x2_sdk_2_30_00_45/source\ti/display/lib/display.am4fg
LOAD C:/ti/simplelink_cc13x2_sdk_2_30_00_45/source\ti/grlib/lib/gcc/m4f/grlib.a
LOAD C:/ti/simplelink_cc13x2_sdk_2_30_00_45/source\third_party/spiffs/lib/gcc/m4f/spiffs_cc26xx.a
LOAD C:/ti/simplelink_cc13x2_sdk_2_30_00_45/source\ti/drivers/rf/lib/rf_multiMode_cc13x2_v1.am4fg
LOAD C:/ti/simplelink_cc13x2_sdk_2_30_00_45/source\ti/drivers/lib/drivers_cc13x2_v1.am4fg
LOAD C:/ti/simplelink_cc13x2_sdk_2_30_00_45/kernel/nortos\lib/nortos_cc13x2_v1.am4fg
LOAD C:/ti/simplelink_cc13x2_sdk_2_30_00_45/source\ti/devices/cc13x2_cc26x2_v1/driverlib/bin/gcc/driverlib.lib
LOAD c:/ti/ccs901/ccs/tools/compiler/gcc-arm-none-eabi-7-2017-q4-major-win32/bin/../lib/gcc/arm-none-eabi/7.2.1/thumb/v7e-m/fpv4-sp/hard\libgcc.a
LOAD C:/ti/ccs901/ccs/tools/compiler/gcc-arm-none-eabi-7-2017-q4-major-win32/arm-none-eabi/lib/thumb/v7e-m/fpv4-sp/hard\libc_nano.a
LOAD C:/ti/ccs901/ccs/tools/compiler/gcc-arm-none-eabi-7-2017-q4-major-win32/arm-none-eabi/lib/thumb/v7e-m/fpv4-sp/hard\libm.a
LOAD C:/ti/ccs901/ccs/tools/compiler/gcc-arm-none-eabi-7-2017-q4-major-win32/arm-none-eabi/lib/thumb/v7e-m/fpv4-sp/hard\libnosys.a
START GROUP
LOAD c:/ti/ccs901/ccs/tools/compiler/gcc-arm-none-eabi-7-2017-q4-major-win32/bin/../lib/gcc/arm-none-eabi/7.2.1/thumb/v7e-m/fpv4-sp/hard\libgcc.a
LOAD C:/ti/ccs901/ccs/tools/compiler/gcc-arm-none-eabi-7-2017-q4-major-win32/arm-none-eabi/lib/thumb/v7e-m/fpv4-sp/hard\libg_nano.a
LOAD C:/ti/ccs901/ccs/tools/compiler/gcc-arm-none-eabi-7-2017-q4-major-win32/arm-none-eabi/lib/thumb/v7e-m/fpv4-sp/hard\libc_nano.a
END GROUP
START GROUP
LOAD c:/ti/ccs901/ccs/tools/compiler/gcc-arm-none-eabi-7-2017-q4-major-win32/bin/../lib/gcc/arm-none-eabi/7.2.1/thumb/v7e-m/fpv4-sp/hard\libgcc.a
LOAD C:/ti/ccs901/ccs/tools/compiler/gcc-arm-none-eabi-7-2017-q4-major-win32/arm-none-eabi/lib/thumb/v7e-m/fpv4-sp/hard\libc_nano.a
END GROUP
OUTPUT(rfPacketTx_CC1352P1_LAUNCHXL_nortos_gcc_syscfg.out elf32-littlearm)

.debug_info     0x00000000    0x202fe
 .debug_info    0x00000000     0x235e ./CC1352P1_LAUNCHXL_fxns.o
 .debug_info    0x0000235e      0x1b6 ./ccfg.o
 .debug_info    0x00002514       0xc7 ./main_nortos.o
 .debug_info    0x000025db     0x270d ./rfPacketTx.o
 .debug_info    0x00004ce8     0x21f6 ./syscfg/Board.o
 .debug_info    0x00006ede     0x168a ./smartrf_settings/smartrf_settings.o
 .debug_info    0x00008568     0x8445 C:/ti/simplelink_cc13x2_sdk_2_30_00_45/source\ti/drivers/rf/lib/rf_multiMode_cc13x2_v1.am4fg(RFCC26X2_multiMode.om4fg)
 .debug_info    0x000109ad      0xbe2 C:/ti/simplelink_cc13x2_sdk_2_30_00_45/source\ti/drivers/lib/drivers_cc13x2_v1.am4fg(List.om4fg)
 .debug_info    0x0001158f     0x13e0 C:/ti/simplelink_cc13x2_sdk_2_30_00_45/source\ti/drivers/lib/drivers_cc13x2_v1.am4fg(PINCC26XX.om4fg)
 .debug_info    0x0001296f     0x1ef7 C:/ti/simplelink_cc13x2_sdk_2_30_00_45/source\ti/drivers/lib/drivers_cc13x2_v1.am4fg(PowerCC26X2.om4fg)
 .debug_info    0x00014866      0xae9 C:/ti/simplelink_cc13x2_sdk_2_30_00_45/source\ti/drivers/lib/drivers_cc13x2_v1.am4fg(PowerCC26X2_calibrateRCOSC.om4fg)
 .debug_info    0x0001534f      0x1e0 C:/ti/simplelink_cc13x2_sdk_2_30_00_45/kernel/nortos\lib/nortos_cc13x2_v1.am4fg(NoRTOS.om4fg)
 .debug_info    0x0001552f     0x113d C:/ti/simplelink_cc13x2_sdk_2_30_00_45/kernel/nortos\lib/nortos_cc13x2_v1.am4fg(SemaphoreP_nortos.om4fg)
 .debug_info    0x0001666c     0x1558 C:/ti/simplelink_cc13x2_sdk_2_30_00_45/kernel/nortos\lib/nortos_cc13x2_v1.am4fg(SwiP_nortos.om4fg)
 .debug_info    0x00017bc4     0x1ba5 C:/ti/simplelink_cc13x2_sdk_2_30_00_45/kernel/nortos\lib/nortos_cc13x2_v1.am4fg(ClockPTimer_nortos.om4fg)
 .debug_info    0x00019769     0x14c5 C:/ti/simplelink_cc13x2_sdk_2_30_00_45/kernel/nortos\lib/nortos_cc13x2_v1.am4fg(TimerPCC26XX_nortos.om4fg)
 .debug_info    0x0001ac2e     0x152f C:/ti/simplelink_cc13x2_sdk_2_30_00_45/kernel/nortos\lib/nortos_cc13x2_v1.am4fg(HwiPCC26XX_nortos.om4fg)
 .debug_info    0x0001c15d      0xe7c C:/ti/simplelink_cc13x2_sdk_2_30_00_45/kernel/nortos\lib/nortos_cc13x2_v1.am4fg(PowerCC26X2_nortos.om4fg)
 .debug_info    0x0001cfd9      0xb2e C:/ti/simplelink_cc13x2_sdk_2_30_00_45/kernel/nortos\lib/nortos_cc13x2_v1.am4fg(startup_cc13xx_cc26xx_gcc.om4fg)
 .debug_info    0x0001db07      0x3fe C:/ti/simplelink_cc13x2_sdk_2_30_00_45/kernel/nortos\lib/nortos_cc13x2_v1.am4fg(QueueP_nortos.om4fg)
 .debug_info    0x0001df05      0x3da C:/ti/simplelink_cc13x2_sdk_2_30_00_45/source\ti/devices/cc13x2_cc26x2_v1/driverlib/bin/gcc/driverlib.lib(chipinfo.o)
 .debug_info    0x0001e2df      0x141 C:/ti/simplelink_cc13x2_sdk_2_30_00_45/source\ti/devices/cc13x2_cc26x2_v1/driverlib/bin/gcc/driverlib.lib(cpu.o)
 .debug_info    0x0001e420       0x95 C:/ti/simplelink_cc13x2_sdk_2_30_00_45/source\ti/devices/cc13x2_cc26x2_v1/driverlib/bin/gcc/driverlib.lib(driverlib_release.o)
 .debug_info    0x0001e4b5      0x34e C:/ti/simplelink_cc13x2_sdk_2_30_00_45/source\ti/devices/cc13x2_cc26x2_v1/driverlib/bin/gcc/driverlib.lib(interrupt.o)
 .debug_info    0x0001e803      0x755 C:/ti/simplelink_cc13x2_sdk_2_30_00_45/source\ti/devices/cc13x2_cc26x2_v1/driverlib/bin/gcc/driverlib.lib(osc.o)
 .debug_info    0x0001ef58      0x415 C:/ti/simplelink_cc13x2_sdk_2_30_00_45/source\ti/devices/cc13x2_cc26x2_v1/driverlib/bin/gcc/driverlib.lib(rfc.o)
 .debug_info    0x0001f36d      0x224 C:/ti/simplelink_cc13x2_sdk_2_30_00_45/source\ti/devices/cc13x2_cc26x2_v1/driverlib/bin/gcc/driverlib.lib(setup.o)
 .debug_info    0x0001f591      0x83c C:/ti/simplelink_cc13x2_sdk_2_30_00_45/source\ti/devices/cc13x2_cc26x2_v1/driverlib/bin/gcc/driverlib.lib(setup_rom.o)
 .debug_info    0x0001fdcd      0x406 C:/ti/simplelink_cc13x2_sdk_2_30_00_45/source\ti/devices/cc13x2_cc26x2_v1/driverlib/bin/gcc/driverlib.lib(sys_ctrl.o)
 .debug_info    0x000201d3      0x12b C:/ti/simplelink_cc13x2_sdk_2_30_00_45/source\ti/devices/cc13x2_cc26x2_v1/driverlib/bin/gcc/driverlib.lib(aux_sysif.o)

.debug_abbrev   0x00000000     0x4976
 .debug_abbrev  0x00000000      0x30f ./CC1352P1_LAUNCHXL_fxns.o
 .debug_abbrev  0x0000030f       0x74 ./ccfg.o
 .debug_abbrev  0x00000383       0x81 ./main_nortos.o
 .debug_abbrev  0x00000404      0x268 ./rfPacketTx.o
 .debug_abbrev  0x0000066c      0x221 ./syscfg/Board.o
 .debug_abbrev  0x0000088d      0x2a1 ./smartrf_settings/smartrf_settings.o
 .debug_abbrev  0x00000b2e      0x6a1 C:/ti/simplelink_cc13x2_sdk_2_30_00_45/source\ti/drivers/rf/lib/rf_multiMode_cc13x2_v1.am4fg(RFCC26X2_multiMode.om4fg)
 .debug_abbrev  0x000011cf      0x1f7 C:/ti/simplelink_cc13x2_sdk_2_30_00_45/source\ti/drivers/lib/drivers_cc13x2_v1.am4fg(List.om4fg)
 .debug_abbrev  0x000013c6      0x425 C:/ti/simplelink_cc13x2_sdk_2_30_00_45/source\ti/drivers/lib/drivers_cc13x2_v1.am4fg(PINCC26XX.om4fg)
 .debug_abbrev  0x000017eb      0x55b C:/ti/simplelink_cc13x2_sdk_2_30_00_45/source\ti/drivers/lib/drivers_cc13x2_v1.am4fg(PowerCC26X2.om4fg)
 .debug_abbrev  0x00001d46      0x2be C:/ti/simplelink_cc13x2_sdk_2_30_00_45/source\ti/drivers/lib/drivers_cc13x2_v1.am4fg(PowerCC26X2_calibrateRCOSC.om4fg)
 .debug_abbrev  0x00002004      0x10c C:/ti/simplelink_cc13x2_sdk_2_30_00_45/kernel/nortos\lib/nortos_cc13x2_v1.am4fg(NoRTOS.om4fg)
 .debug_abbrev  0x00002110      0x3b4 C:/ti/simplelink_cc13x2_sdk_2_30_00_45/kernel/nortos\lib/nortos_cc13x2_v1.am4fg(SemaphoreP_nortos.om4fg)
 .debug_abbrev  0x000024c4      0x438 C:/ti/simplelink_cc13x2_sdk_2_30_00_45/kernel/nortos\lib/nortos_cc13x2_v1.am4fg(SwiP_nortos.om4fg)
 .debug_abbrev  0x000028fc      0x463 C:/ti/simplelink_cc13x2_sdk_2_30_00_45/kernel/nortos\lib/nortos_cc13x2_v1.am4fg(ClockPTimer_nortos.om4fg)
 .debug_abbrev  0x00002d5f      0x546 C:/ti/simplelink_cc13x2_sdk_2_30_00_45/kernel/nortos\lib/nortos_cc13x2_v1.am4fg(TimerPCC26XX_nortos.om4fg)
 .debug_abbrev  0x000032a5      0x42e C:/ti/simplelink_cc13x2_sdk_2_30_00_45/kernel/nortos\lib/nortos_cc13x2_v1.am4fg(HwiPCC26XX_nortos.om4fg)
 .debug_abbrev  0x000036d3      0x289 C:/ti/simplelink_cc13x2_sdk_2_30_00_45/kernel/nortos\lib/nortos_cc13x2_v1.am4fg(PowerCC26X2_nortos.om4fg)
 .debug_abbrev  0x0000395c      0x29f C:/ti/simplelink_cc13x2_sdk_2_30_00_45/kernel/nortos\lib/nortos_cc13x2_v1.am4fg(startup_cc13xx_cc26xx_gcc.om4fg)
 .debug_abbrev  0x00003bfb      0x15b C:/ti/simplelink_cc13x2_sdk_2_30_00_45/kernel/nortos\lib/nortos_cc13x2_v1.am4fg(QueueP_nortos.om4fg)
 .debug_abbrev  0x00003d56      0x145 C:/ti/simplelink_cc13x2_sdk_2_30_00_45/source\ti/devices/cc13x2_cc26x2_v1/driverlib/bin/gcc/driverlib.lib(chipinfo.o)
 .debug_abbrev  0x00003e9b       0xab C:/ti/simplelink_cc13x2_sdk_2_30_00_45/source\ti/devices/cc13x2_cc26x2_v1/driverlib/bin/gcc/driverlib.lib(cpu.o)
 .debug_abbrev  0x00003f46       0x52 C:/ti/simplelink_cc13x2_sdk_2_30_00_45/source\ti/devices/cc13x2_cc26x2_v1/driverlib/bin/gcc/driverlib.lib(driverlib_release.o)
 .debug_abbrev  0x00003f98      0x12d C:/ti/simplelink_cc13x2_sdk_2_30_00_45/source\ti/devices/cc13x2_cc26x2_v1/driverlib/bin/gcc/driverlib.lib(interrupt.o)
 .debug_abbrev  0x000040c5      0x1bf C:/ti/simplelink_cc13x2_sdk_2_30_00_45/source\ti/devices/cc13x2_cc26x2_v1/driverlib/bin/gcc/driverlib.lib(osc.o)
 .debug_abbrev  0x00004284      0x1be C:/ti/simplelink_cc13x2_sdk_2_30_00_45/source\ti/devices/cc13x2_cc26x2_v1/driverlib/bin/gcc/driverlib.lib(rfc.o)
 .debug_abbrev  0x00004442      0x174 C:/ti/simplelink_cc13x2_sdk_2_30_00_45/source\ti/devices/cc13x2_cc26x2_v1/driverlib/bin/gcc/driverlib.lib(setup.o)
 .debug_abbrev  0x000045b6      0x1ac C:/ti/simplelink_cc13x2_sdk_2_30_00_45/source\ti/devices/cc13x2_cc26x2_v1/driverlib/bin/gcc/driverlib.lib(setup_rom.o)
 .debug_abbrev  0x00004762      0x180 C:/ti/simplelink_cc13x2_sdk_2_30_00_45/source\ti/devices/cc13x2_cc26x2_v1/driverlib/bin/gcc/driverlib.lib(sys_ctrl.o)
 .debug_abbrev  0x000048e2       0x94 C:/ti/simplelink_cc13x2_sdk_2_30_00_45/source\ti/devices/cc13x2_cc26x2_v1/driverlib/bin/gcc/driverlib.lib(aux_sysif.o)

.debug_loc      0x00000000     0xb005
 .debug_loc     0x00000000      0x145 ./CC1352P1_LAUNCHXL_fxns.o
 .debug_loc     0x00000145       0x6b ./rfPacketTx.o
 .debug_loc     0x000001b0      0x267 ./smartrf_settings/smartrf_settings.o
 .debug_loc     0x00000417     0x4d02 C:/ti/simplelink_cc13x2_sdk_2_30_00_45/source\ti/drivers/rf/lib/rf_multiMode_cc13x2_v1.am4fg(RFCC26X2_multiMode.om4fg)
 .debug_loc     0x00005119      0x3af C:/ti/simplelink_cc13x2_sdk_2_30_00_45/source\ti/drivers/lib/drivers_cc13x2_v1.am4fg(List.om4fg)
 .debug_loc     0x000054c8      0xfe6 C:/ti/simplelink_cc13x2_sdk_2_30_00_45/source\ti/drivers/lib/drivers_cc13x2_v1.am4fg(PINCC26XX.om4fg)
 .debug_loc     0x000064ae      0xc0f C:/ti/simplelink_cc13x2_sdk_2_30_00_45/source\ti/drivers/lib/drivers_cc13x2_v1.am4fg(PowerCC26X2.om4fg)
 .debug_loc     0x000070bd      0x2f0 C:/ti/simplelink_cc13x2_sdk_2_30_00_45/source\ti/drivers/lib/drivers_cc13x2_v1.am4fg(PowerCC26X2_calibrateRCOSC.om4fg)
 .debug_loc     0x000073ad       0x2c C:/ti/simplelink_cc13x2_sdk_2_30_00_45/kernel/nortos\lib/nortos_cc13x2_v1.am4fg(NoRTOS.om4fg)
 .debug_loc     0x000073d9      0x531 C:/ti/simplelink_cc13x2_sdk_2_30_00_45/kernel/nortos\lib/nortos_cc13x2_v1.am4fg(SemaphoreP_nortos.om4fg)
 .debug_loc     0x0000790a      0x8af C:/ti/simplelink_cc13x2_sdk_2_30_00_45/kernel/nortos\lib/nortos_cc13x2_v1.am4fg(SwiP_nortos.om4fg)
 .debug_loc     0x000081b9      0xbe9 C:/ti/simplelink_cc13x2_sdk_2_30_00_45/kernel/nortos\lib/nortos_cc13x2_v1.am4fg(ClockPTimer_nortos.om4fg)
 .debug_loc     0x00008da2      0x702 C:/ti/simplelink_cc13x2_sdk_2_30_00_45/kernel/nortos\lib/nortos_cc13x2_v1.am4fg(TimerPCC26XX_nortos.om4fg)
 .debug_loc     0x000094a4      0x4ec C:/ti/simplelink_cc13x2_sdk_2_30_00_45/kernel/nortos\lib/nortos_cc13x2_v1.am4fg(HwiPCC26XX_nortos.om4fg)
 .debug_loc     0x00009990      0x11f C:/ti/simplelink_cc13x2_sdk_2_30_00_45/kernel/nortos\lib/nortos_cc13x2_v1.am4fg(PowerCC26X2_nortos.om4fg)
 .debug_loc     0x00009aaf       0xb6 C:/ti/simplelink_cc13x2_sdk_2_30_00_45/kernel/nortos\lib/nortos_cc13x2_v1.am4fg(startup_cc13xx_cc26xx_gcc.om4fg)
 .debug_loc     0x00009b65      0x254 C:/ti/simplelink_cc13x2_sdk_2_30_00_45/kernel/nortos\lib/nortos_cc13x2_v1.am4fg(QueueP_nortos.om4fg)
 .debug_loc     0x00009db9      0x197 C:/ti/simplelink_cc13x2_sdk_2_30_00_45/source\ti/devices/cc13x2_cc26x2_v1/driverlib/bin/gcc/driverlib.lib(chipinfo.o)
 .debug_loc     0x00009f50      0x186 C:/ti/simplelink_cc13x2_sdk_2_30_00_45/source\ti/devices/cc13x2_cc26x2_v1/driverlib/bin/gcc/driverlib.lib(interrupt.o)
 .debug_loc     0x0000a0d6      0x2de C:/ti/simplelink_cc13x2_sdk_2_30_00_45/source\ti/devices/cc13x2_cc26x2_v1/driverlib/bin/gcc/driverlib.lib(osc.o)
 .debug_loc     0x0000a3b4       0xee C:/ti/simplelink_cc13x2_sdk_2_30_00_45/source\ti/devices/cc13x2_cc26x2_v1/driverlib/bin/gcc/driverlib.lib(rfc.o)
 .debug_loc     0x0000a4a2      0x103 C:/ti/simplelink_cc13x2_sdk_2_30_00_45/source\ti/devices/cc13x2_cc26x2_v1/driverlib/bin/gcc/driverlib.lib(setup.o)
 .debug_loc     0x0000a5a5      0x834 C:/ti/simplelink_cc13x2_sdk_2_30_00_45/source\ti/devices/cc13x2_cc26x2_v1/driverlib/bin/gcc/driverlib.lib(setup_rom.o)
 .debug_loc     0x0000add9      0x1d5 C:/ti/simplelink_cc13x2_sdk_2_30_00_45/source\ti/devices/cc13x2_cc26x2_v1/driverlib/bin/gcc/driverlib.lib(sys_ctrl.o)
 .debug_loc     0x0000afae       0x57 C:/ti/simplelink_cc13x2_sdk_2_30_00_45/source\ti/devices/cc13x2_cc26x2_v1/driverlib/bin/gcc/driverlib.lib(aux_sysif.o)

.debug_aranges  0x00000000      0xd98
 .debug_aranges
                0x00000000       0x48 ./CC1352P1_LAUNCHXL_fxns.o
 .debug_aranges
                0x00000048       0x18 ./ccfg.o
 .debug_aranges
                0x00000060       0x20 ./main_nortos.o
 .debug_aranges
                0x00000080       0x20 ./rfPacketTx.o
 .debug_aranges
                0x000000a0       0x28 ./syscfg/Board.o
 .debug_aranges
                0x000000c8       0x30 ./smartrf_settings/smartrf_settings.o
 .debug_aranges
                0x000000f8      0x258 C:/ti/simplelink_cc13x2_sdk_2_30_00_45/source\ti/drivers/rf/lib/rf_multiMode_cc13x2_v1.am4fg(RFCC26X2_multiMode.om4fg)
 .debug_aranges
                0x00000350       0x48 C:/ti/simplelink_cc13x2_sdk_2_30_00_45/source\ti/drivers/lib/drivers_cc13x2_v1.am4fg(List.om4fg)
 .debug_aranges
                0x00000398       0xf0 C:/ti/simplelink_cc13x2_sdk_2_30_00_45/source\ti/drivers/lib/drivers_cc13x2_v1.am4fg(PINCC26XX.om4fg)
 .debug_aranges
                0x00000488      0x110 C:/ti/simplelink_cc13x2_sdk_2_30_00_45/source\ti/drivers/lib/drivers_cc13x2_v1.am4fg(PowerCC26X2.om4fg)
 .debug_aranges
                0x00000598       0x38 C:/ti/simplelink_cc13x2_sdk_2_30_00_45/source\ti/drivers/lib/drivers_cc13x2_v1.am4fg(PowerCC26X2_calibrateRCOSC.om4fg)
 .debug_aranges
                0x000005d0       0x30 C:/ti/simplelink_cc13x2_sdk_2_30_00_45/kernel/nortos\lib/nortos_cc13x2_v1.am4fg(NoRTOS.om4fg)
 .debug_aranges
                0x00000600       0x78 C:/ti/simplelink_cc13x2_sdk_2_30_00_45/kernel/nortos\lib/nortos_cc13x2_v1.am4fg(SemaphoreP_nortos.om4fg)
 .debug_aranges
                0x00000678       0xb0 C:/ti/simplelink_cc13x2_sdk_2_30_00_45/kernel/nortos\lib/nortos_cc13x2_v1.am4fg(SwiP_nortos.om4fg)
 .debug_aranges
                0x00000728       0xe8 C:/ti/simplelink_cc13x2_sdk_2_30_00_45/kernel/nortos\lib/nortos_cc13x2_v1.am4fg(ClockPTimer_nortos.om4fg)
 .debug_aranges
                0x00000810       0x98 C:/ti/simplelink_cc13x2_sdk_2_30_00_45/kernel/nortos\lib/nortos_cc13x2_v1.am4fg(TimerPCC26XX_nortos.om4fg)
 .debug_aranges
                0x000008a8       0xb0 C:/ti/simplelink_cc13x2_sdk_2_30_00_45/kernel/nortos\lib/nortos_cc13x2_v1.am4fg(HwiPCC26XX_nortos.om4fg)
 .debug_aranges
                0x00000958       0x30 C:/ti/simplelink_cc13x2_sdk_2_30_00_45/kernel/nortos\lib/nortos_cc13x2_v1.am4fg(PowerCC26X2_nortos.om4fg)
 .debug_aranges
                0x00000988       0x50 C:/ti/simplelink_cc13x2_sdk_2_30_00_45/kernel/nortos\lib/nortos_cc13x2_v1.am4fg(startup_cc13xx_cc26xx_gcc.om4fg)
 .debug_aranges
                0x000009d8       0x80 C:/ti/simplelink_cc13x2_sdk_2_30_00_45/kernel/nortos\lib/nortos_cc13x2_v1.am4fg(QueueP_nortos.om4fg)
 .debug_aranges
                0x00000a58       0x48 C:/ti/simplelink_cc13x2_sdk_2_30_00_45/source\ti/devices/cc13x2_cc26x2_v1/driverlib/bin/gcc/driverlib.lib(chipinfo.o)
 .debug_aranges
                0x00000aa0       0x40 C:/ti/simplelink_cc13x2_sdk_2_30_00_45/source\ti/devices/cc13x2_cc26x2_v1/driverlib/bin/gcc/driverlib.lib(cpu.o)
 .debug_aranges
                0x00000ae0       0x18 C:/ti/simplelink_cc13x2_sdk_2_30_00_45/source\ti/devices/cc13x2_cc26x2_v1/driverlib/bin/gcc/driverlib.lib(driverlib_release.o)
 .debug_aranges
                0x00000af8       0x78 C:/ti/simplelink_cc13x2_sdk_2_30_00_45/source\ti/devices/cc13x2_cc26x2_v1/driverlib/bin/gcc/driverlib.lib(interrupt.o)
 .debug_aranges
                0x00000b70       0x78 C:/ti/simplelink_cc13x2_sdk_2_30_00_45/source\ti/devices/cc13x2_cc26x2_v1/driverlib/bin/gcc/driverlib.lib(osc.o)
 .debug_aranges
                0x00000be8       0x58 C:/ti/simplelink_cc13x2_sdk_2_30_00_45/source\ti/devices/cc13x2_cc26x2_v1/driverlib/bin/gcc/driverlib.lib(rfc.o)
 .debug_aranges
                0x00000c40       0x28 C:/ti/simplelink_cc13x2_sdk_2_30_00_45/source\ti/devices/cc13x2_cc26x2_v1/driverlib/bin/gcc/driverlib.lib(setup.o)
 .debug_aranges
                0x00000c68       0xb8 C:/ti/simplelink_cc13x2_sdk_2_30_00_45/source\ti/devices/cc13x2_cc26x2_v1/driverlib/bin/gcc/driverlib.lib(setup_rom.o)
 .debug_aranges
                0x00000d20       0x58 C:/ti/simplelink_cc13x2_sdk_2_30_00_45/source\ti/devices/cc13x2_cc26x2_v1/driverlib/bin/gcc/driverlib.lib(sys_ctrl.o)
 .debug_aranges
                0x00000d78       0x20 C:/ti/simplelink_cc13x2_sdk_2_30_00_45/source\ti/devices/cc13x2_cc26x2_v1/driverlib/bin/gcc/driverlib.lib(aux_sysif.o)

.debug_ranges   0x00000000     0x1f38
 .debug_ranges  0x00000000       0x38 ./CC1352P1_LAUNCHXL_fxns.o
 .debug_ranges  0x00000038       0x10 ./main_nortos.o
 .debug_ranges  0x00000048       0x10 ./rfPacketTx.o
 .debug_ranges  0x00000058       0x18 ./syscfg/Board.o
 .debug_ranges  0x00000070       0x20 ./smartrf_settings/smartrf_settings.o
 .debug_ranges  0x00000090      0xdd8 C:/ti/simplelink_cc13x2_sdk_2_30_00_45/source\ti/drivers/rf/lib/rf_multiMode_cc13x2_v1.am4fg(RFCC26X2_multiMode.om4fg)
 .debug_ranges  0x00000e68       0x38 C:/ti/simplelink_cc13x2_sdk_2_30_00_45/source\ti/drivers/lib/drivers_cc13x2_v1.am4fg(List.om4fg)
 .debug_ranges  0x00000ea0      0x240 C:/ti/simplelink_cc13x2_sdk_2_30_00_45/source\ti/drivers/lib/drivers_cc13x2_v1.am4fg(PINCC26XX.om4fg)
 .debug_ranges  0x000010e0      0x1d8 C:/ti/simplelink_cc13x2_sdk_2_30_00_45/source\ti/drivers/lib/drivers_cc13x2_v1.am4fg(PowerCC26X2.om4fg)
 .debug_ranges  0x000012b8      0x128 C:/ti/simplelink_cc13x2_sdk_2_30_00_45/source\ti/drivers/lib/drivers_cc13x2_v1.am4fg(PowerCC26X2_calibrateRCOSC.om4fg)
 .debug_ranges  0x000013e0       0x20 C:/ti/simplelink_cc13x2_sdk_2_30_00_45/kernel/nortos\lib/nortos_cc13x2_v1.am4fg(NoRTOS.om4fg)
 .debug_ranges  0x00001400      0x128 C:/ti/simplelink_cc13x2_sdk_2_30_00_45/kernel/nortos\lib/nortos_cc13x2_v1.am4fg(SemaphoreP_nortos.om4fg)
 .debug_ranges  0x00001528       0xb8 C:/ti/simplelink_cc13x2_sdk_2_30_00_45/kernel/nortos\lib/nortos_cc13x2_v1.am4fg(SwiP_nortos.om4fg)
 .debug_ranges  0x000015e0      0x180 C:/ti/simplelink_cc13x2_sdk_2_30_00_45/kernel/nortos\lib/nortos_cc13x2_v1.am4fg(ClockPTimer_nortos.om4fg)
 .debug_ranges  0x00001760      0x270 C:/ti/simplelink_cc13x2_sdk_2_30_00_45/kernel/nortos\lib/nortos_cc13x2_v1.am4fg(TimerPCC26XX_nortos.om4fg)
 .debug_ranges  0x000019d0       0xb8 C:/ti/simplelink_cc13x2_sdk_2_30_00_45/kernel/nortos\lib/nortos_cc13x2_v1.am4fg(HwiPCC26XX_nortos.om4fg)
 .debug_ranges  0x00001a88       0x38 C:/ti/simplelink_cc13x2_sdk_2_30_00_45/kernel/nortos\lib/nortos_cc13x2_v1.am4fg(PowerCC26X2_nortos.om4fg)
 .debug_ranges  0x00001ac0       0x40 C:/ti/simplelink_cc13x2_sdk_2_30_00_45/kernel/nortos\lib/nortos_cc13x2_v1.am4fg(startup_cc13xx_cc26xx_gcc.om4fg)
 .debug_ranges  0x00001b00       0x70 C:/ti/simplelink_cc13x2_sdk_2_30_00_45/kernel/nortos\lib/nortos_cc13x2_v1.am4fg(QueueP_nortos.om4fg)
 .debug_ranges  0x00001b70       0x68 C:/ti/simplelink_cc13x2_sdk_2_30_00_45/source\ti/devices/cc13x2_cc26x2_v1/driverlib/bin/gcc/driverlib.lib(chipinfo.o)
 .debug_ranges  0x00001bd8       0x30 C:/ti/simplelink_cc13x2_sdk_2_30_00_45/source\ti/devices/cc13x2_cc26x2_v1/driverlib/bin/gcc/driverlib.lib(cpu.o)
 .debug_ranges  0x00001c08       0x68 C:/ti/simplelink_cc13x2_sdk_2_30_00_45/source\ti/devices/cc13x2_cc26x2_v1/driverlib/bin/gcc/driverlib.lib(interrupt.o)
 .debug_ranges  0x00001c70       0xb0 C:/ti/simplelink_cc13x2_sdk_2_30_00_45/source\ti/devices/cc13x2_cc26x2_v1/driverlib/bin/gcc/driverlib.lib(osc.o)
 .debug_ranges  0x00001d20       0x48 C:/ti/simplelink_cc13x2_sdk_2_30_00_45/source\ti/devices/cc13x2_cc26x2_v1/driverlib/bin/gcc/driverlib.lib(rfc.o)
 .debug_ranges  0x00001d68       0x68 C:/ti/simplelink_cc13x2_sdk_2_30_00_45/source\ti/devices/cc13x2_cc26x2_v1/driverlib/bin/gcc/driverlib.lib(setup.o)
 .debug_ranges  0x00001dd0       0xc0 C:/ti/simplelink_cc13x2_sdk_2_30_00_45/source\ti/devices/cc13x2_cc26x2_v1/driverlib/bin/gcc/driverlib.lib(setup_rom.o)
 .debug_ranges  0x00001e90       0x98 C:/ti/simplelink_cc13x2_sdk_2_30_00_45/source\ti/devices/cc13x2_cc26x2_v1/driverlib/bin/gcc/driverlib.lib(sys_ctrl.o)
 .debug_ranges  0x00001f28       0x10 C:/ti/simplelink_cc13x2_sdk_2_30_00_45/source\ti/devices/cc13x2_cc26x2_v1/driverlib/bin/gcc/driverlib.lib(aux_sysif.o)

.debug_line     0x00000000     0x9520
 .debug_line    0x00000000      0x4af ./CC1352P1_LAUNCHXL_fxns.o
 .debug_line    0x000004af      0x1d1 ./ccfg.o
 .debug_line    0x00000680      0x1c9 ./main_nortos.o
 .debug_line    0x00000849      0x3f1 ./rfPacketTx.o
 .debug_line    0x00000c3a      0x409 ./syscfg/Board.o
 .debug_line    0x00001043      0x43c ./smartrf_settings/smartrf_settings.o
 .debug_line    0x0000147f     0x1ba2 C:/ti/simplelink_cc13x2_sdk_2_30_00_45/source\ti/drivers/rf/lib/rf_multiMode_cc13x2_v1.am4fg(RFCC26X2_multiMode.om4fg)
 .debug_line    0x00003021      0x47b C:/ti/simplelink_cc13x2_sdk_2_30_00_45/source\ti/drivers/lib/drivers_cc13x2_v1.am4fg(List.om4fg)
 .debug_line    0x0000349c      0x938 C:/ti/simplelink_cc13x2_sdk_2_30_00_45/source\ti/drivers/lib/drivers_cc13x2_v1.am4fg(PINCC26XX.om4fg)
 .debug_line    0x00003dd4      0xad3 C:/ti/simplelink_cc13x2_sdk_2_30_00_45/source\ti/drivers/lib/drivers_cc13x2_v1.am4fg(PowerCC26X2.om4fg)
 .debug_line    0x000048a7      0x662 C:/ti/simplelink_cc13x2_sdk_2_30_00_45/source\ti/drivers/lib/drivers_cc13x2_v1.am4fg(PowerCC26X2_calibrateRCOSC.om4fg)
 .debug_line    0x00004f09      0x285 C:/ti/simplelink_cc13x2_sdk_2_30_00_45/kernel/nortos\lib/nortos_cc13x2_v1.am4fg(NoRTOS.om4fg)
 .debug_line    0x0000518e      0x5b6 C:/ti/simplelink_cc13x2_sdk_2_30_00_45/kernel/nortos\lib/nortos_cc13x2_v1.am4fg(SemaphoreP_nortos.om4fg)
 .debug_line    0x00005744      0x5c2 C:/ti/simplelink_cc13x2_sdk_2_30_00_45/kernel/nortos\lib/nortos_cc13x2_v1.am4fg(SwiP_nortos.om4fg)
 .debug_line    0x00005d06      0x6f9 C:/ti/simplelink_cc13x2_sdk_2_30_00_45/kernel/nortos\lib/nortos_cc13x2_v1.am4fg(ClockPTimer_nortos.om4fg)
 .debug_line    0x000063ff      0x6db C:/ti/simplelink_cc13x2_sdk_2_30_00_45/kernel/nortos\lib/nortos_cc13x2_v1.am4fg(TimerPCC26XX_nortos.om4fg)
 .debug_line    0x00006ada      0x5bc C:/ti/simplelink_cc13x2_sdk_2_30_00_45/kernel/nortos\lib/nortos_cc13x2_v1.am4fg(HwiPCC26XX_nortos.om4fg)
 .debug_line    0x00007096      0x610 C:/ti/simplelink_cc13x2_sdk_2_30_00_45/kernel/nortos\lib/nortos_cc13x2_v1.am4fg(PowerCC26X2_nortos.om4fg)
 .debug_line    0x000076a6      0x396 C:/ti/simplelink_cc13x2_sdk_2_30_00_45/kernel/nortos\lib/nortos_cc13x2_v1.am4fg(startup_cc13xx_cc26xx_gcc.om4fg)
 .debug_line    0x00007a3c      0x338 C:/ti/simplelink_cc13x2_sdk_2_30_00_45/kernel/nortos\lib/nortos_cc13x2_v1.am4fg(QueueP_nortos.om4fg)
 .debug_line    0x00007d74      0x223 C:/ti/simplelink_cc13x2_sdk_2_30_00_45/source\ti/devices/cc13x2_cc26x2_v1/driverlib/bin/gcc/driverlib.lib(chipinfo.o)
 .debug_line    0x00007f97      0x19b C:/ti/simplelink_cc13x2_sdk_2_30_00_45/source\ti/devices/cc13x2_cc26x2_v1/driverlib/bin/gcc/driverlib.lib(cpu.o)
 .debug_line    0x00008132      0x148 C:/ti/simplelink_cc13x2_sdk_2_30_00_45/source\ti/devices/cc13x2_cc26x2_v1/driverlib/bin/gcc/driverlib.lib(driverlib_release.o)
 .debug_line    0x0000827a      0x264 C:/ti/simplelink_cc13x2_sdk_2_30_00_45/source\ti/devices/cc13x2_cc26x2_v1/driverlib/bin/gcc/driverlib.lib(interrupt.o)
 .debug_line    0x000084de      0x362 C:/ti/simplelink_cc13x2_sdk_2_30_00_45/source\ti/devices/cc13x2_cc26x2_v1/driverlib/bin/gcc/driverlib.lib(osc.o)
 .debug_line    0x00008840      0x254 C:/ti/simplelink_cc13x2_sdk_2_30_00_45/source\ti/devices/cc13x2_cc26x2_v1/driverlib/bin/gcc/driverlib.lib(rfc.o)
 .debug_line    0x00008a94      0x1f6 C:/ti/simplelink_cc13x2_sdk_2_30_00_45/source\ti/devices/cc13x2_cc26x2_v1/driverlib/bin/gcc/driverlib.lib(setup.o)
 .debug_line    0x00008c8a      0x411 C:/ti/simplelink_cc13x2_sdk_2_30_00_45/source\ti/devices/cc13x2_cc26x2_v1/driverlib/bin/gcc/driverlib.lib(setup_rom.o)
 .debug_line    0x0000909b      0x323 C:/ti/simplelink_cc13x2_sdk_2_30_00_45/source\ti/devices/cc13x2_cc26x2_v1/driverlib/bin/gcc/driverlib.lib(sys_ctrl.o)
 .debug_line    0x000093be      0x162 C:/ti/simplelink_cc13x2_sdk_2_30_00_45/source\ti/devices/cc13x2_cc26x2_v1/driverlib/bin/gcc/driverlib.lib(aux_sysif.o)

.debug_str      0x00000000     0x6cdb
 .debug_str     0x00000000      0xeea ./CC1352P1_LAUNCHXL_fxns.o
                                0xfeb (size before relaxing)
 .debug_str     0x00000eea      0x1a9 ./ccfg.o
                                0x36b (size before relaxing)
 .debug_str     0x00001093       0x16 ./main_nortos.o
                                0x1f6 (size before relaxing)
 .debug_str     0x000010a9      0x351 ./rfPacketTx.o
                               0x1136 (size before relaxing)
 .debug_str     0x000013fa      0x1b0 ./syscfg/Board.o
                                0xf91 (size before relaxing)
 .debug_str     0x000015aa      0x12d ./smartrf_settings/smartrf_settings.o
                                0xc8d (size before relaxing)
 .debug_str     0x000016d7     0x223b C:/ti/simplelink_cc13x2_sdk_2_30_00_45/source\ti/drivers/rf/lib/rf_multiMode_cc13x2_v1.am4fg(RFCC26X2_multiMode.om4fg)
                               0x313c (size before relaxing)
 .debug_str     0x00003912       0x8f C:/ti/simplelink_cc13x2_sdk_2_30_00_45/source\ti/drivers/lib/drivers_cc13x2_v1.am4fg(List.om4fg)
                                0x728 (size before relaxing)
 .debug_str     0x000039a1      0x4bd C:/ti/simplelink_cc13x2_sdk_2_30_00_45/source\ti/drivers/lib/drivers_cc13x2_v1.am4fg(PINCC26XX.om4fg)
                                0xb0d (size before relaxing)
 .debug_str     0x00003e5e      0x68d C:/ti/simplelink_cc13x2_sdk_2_30_00_45/source\ti/drivers/lib/drivers_cc13x2_v1.am4fg(PowerCC26X2.om4fg)
                               0x10cb (size before relaxing)
 .debug_str     0x000044eb      0x1de C:/ti/simplelink_cc13x2_sdk_2_30_00_45/source\ti/drivers/lib/drivers_cc13x2_v1.am4fg(PowerCC26X2_calibrateRCOSC.om4fg)
                                0x744 (size before relaxing)
 .debug_str     0x000046c9       0xde C:/ti/simplelink_cc13x2_sdk_2_30_00_45/kernel/nortos\lib/nortos_cc13x2_v1.am4fg(NoRTOS.om4fg)
                                0x32a (size before relaxing)
 .debug_str     0x000047a7      0x1a5 C:/ti/simplelink_cc13x2_sdk_2_30_00_45/kernel/nortos\lib/nortos_cc13x2_v1.am4fg(SemaphoreP_nortos.om4fg)
                                0x9d5 (size before relaxing)
 .debug_str     0x0000494c      0x270 C:/ti/simplelink_cc13x2_sdk_2_30_00_45/kernel/nortos\lib/nortos_cc13x2_v1.am4fg(SwiP_nortos.om4fg)
                                0xa75 (size before relaxing)
 .debug_str     0x00004bbc      0x466 C:/ti/simplelink_cc13x2_sdk_2_30_00_45/kernel/nortos\lib/nortos_cc13x2_v1.am4fg(ClockPTimer_nortos.om4fg)
                                0xe60 (size before relaxing)
 .debug_str     0x00005022      0x23a C:/ti/simplelink_cc13x2_sdk_2_30_00_45/kernel/nortos\lib/nortos_cc13x2_v1.am4fg(TimerPCC26XX_nortos.om4fg)
                                0xacb (size before relaxing)
 .debug_str     0x0000525c      0x2ea C:/ti/simplelink_cc13x2_sdk_2_30_00_45/kernel/nortos\lib/nortos_cc13x2_v1.am4fg(HwiPCC26XX_nortos.om4fg)
                                0xad3 (size before relaxing)
 .debug_str     0x00005546       0x83 C:/ti/simplelink_cc13x2_sdk_2_30_00_45/kernel/nortos\lib/nortos_cc13x2_v1.am4fg(PowerCC26X2_nortos.om4fg)
                                0xa17 (size before relaxing)
 .debug_str     0x000055c9      0x12d C:/ti/simplelink_cc13x2_sdk_2_30_00_45/kernel/nortos\lib/nortos_cc13x2_v1.am4fg(startup_cc13xx_cc26xx_gcc.om4fg)
                                0x7ab (size before relaxing)
 .debug_str     0x000056f6       0x73 C:/ti/simplelink_cc13x2_sdk_2_30_00_45/kernel/nortos\lib/nortos_cc13x2_v1.am4fg(QueueP_nortos.om4fg)
                                0x32d (size before relaxing)
 .debug_str     0x00005769      0x457 C:/ti/simplelink_cc13x2_sdk_2_30_00_45/source\ti/devices/cc13x2_cc26x2_v1/driverlib/bin/gcc/driverlib.lib(chipinfo.o)
                                0x6a4 (size before relaxing)
 .debug_str     0x00005bc0       0x61 C:/ti/simplelink_cc13x2_sdk_2_30_00_45/source\ti/devices/cc13x2_cc26x2_v1/driverlib/bin/gcc/driverlib.lib(cpu.o)
                                0x269 (size before relaxing)
 .debug_str     0x00005c21       0x29 C:/ti/simplelink_cc13x2_sdk_2_30_00_45/source\ti/devices/cc13x2_cc26x2_v1/driverlib/bin/gcc/driverlib.lib(driverlib_release.o)
                                0x22b (size before relaxing)
 .debug_str     0x00005c4a      0x183 C:/ti/simplelink_cc13x2_sdk_2_30_00_45/source\ti/devices/cc13x2_cc26x2_v1/driverlib/bin/gcc/driverlib.lib(interrupt.o)
                                0x3bd (size before relaxing)
 .debug_str     0x00005dcd      0x55f C:/ti/simplelink_cc13x2_sdk_2_30_00_45/source\ti/devices/cc13x2_cc26x2_v1/driverlib/bin/gcc/driverlib.lib(osc.o)
                                0x85e (size before relaxing)
 .debug_str     0x0000632c       0xa7 C:/ti/simplelink_cc13x2_sdk_2_30_00_45/source\ti/devices/cc13x2_cc26x2_v1/driverlib/bin/gcc/driverlib.lib(rfc.o)
                                0x46f (size before relaxing)
 .debug_str     0x000063d3      0x14f C:/ti/simplelink_cc13x2_sdk_2_30_00_45/source\ti/devices/cc13x2_cc26x2_v1/driverlib/bin/gcc/driverlib.lib(setup.o)
                                0x372 (size before relaxing)
 .debug_str     0x00006522      0x51a C:/ti/simplelink_cc13x2_sdk_2_30_00_45/source\ti/devices/cc13x2_cc26x2_v1/driverlib/bin/gcc/driverlib.lib(setup_rom.o)
                                0x773 (size before relaxing)
 .debug_str     0x00006a3c      0x20e C:/ti/simplelink_cc13x2_sdk_2_30_00_45/source\ti/devices/cc13x2_cc26x2_v1/driverlib/bin/gcc/driverlib.lib(sys_ctrl.o)
                                0x4e4 (size before relaxing)
 .debug_str     0x00006c4a       0x91 C:/ti/simplelink_cc13x2_sdk_2_30_00_45/source\ti/devices/cc13x2_cc26x2_v1/driverlib/bin/gcc/driverlib.lib(aux_sysif.o)
                                0x296 (size before relaxing)

.comment        0x00000000       0xee
 .comment       0x00000000       0x7e ./CC1352P1_LAUNCHXL_fxns.o
                                 0x7f (size before relaxing)
 .comment       0x0000007e       0x7f ./ccfg.o
 .comment       0x0000007e       0x7f ./main_nortos.o
 .comment       0x0000007e       0x7f ./rfPacketTx.o
 .comment       0x0000007e       0x7f ./syscfg/Board.o
 .comment       0x0000007e       0x7f ./smartrf_settings/smartrf_settings.o
 .comment       0x0000007e       0x7f C:/ti/simplelink_cc13x2_sdk_2_30_00_45/source\ti/drivers/rf/lib/rf_multiMode_cc13x2_v1.am4fg(RFCC26X2_multiMode.om4fg)
 .comment       0x0000007e       0x7f C:/ti/simplelink_cc13x2_sdk_2_30_00_45/source\ti/drivers/lib/drivers_cc13x2_v1.am4fg(List.om4fg)
 .comment       0x0000007e       0x7f C:/ti/simplelink_cc13x2_sdk_2_30_00_45/source\ti/drivers/lib/drivers_cc13x2_v1.am4fg(PINCC26XX.om4fg)