Archive member included to satisfy reference by file (symbol)

C:/ti/simplelink_cc13x2_sdk_2_30_00_45/source/ti/display/lib\display.am4fg(DisplayUart.om4fg)
                              ./CC1352P1_LAUNCHXL.o (DisplayUartMin_fxnTable)
C:/ti/simplelink_cc13x2_sdk_2_30_00_45/source/ti/drivers/rf/lib\rf_multiMode_cc13x2_v1.am4fg(RFCC26X2_multiMode.om4fg)
                              ./easylink/EasyLink.o (RF_open)
C:/ti/simplelink_cc13x2_sdk_2_30_00_45/source/ti/drivers/lib\drivers_cc13x2_v1.am4fg(NVSSPI25X.om4fg)
                              ./CC1352P1_LAUNCHXL.o (NVSSPI25X_fxnTable)
C:/ti/simplelink_cc13x2_sdk_2_30_00_45/source/ti/drivers/lib\drivers_cc13x2_v1.am4fg(SDSPI.om4fg)
                              ./CC1352P1_LAUNCHXL.o (SDSPI_fxnTable)
C:/ti/simplelink_cc13x2_sdk_2_30_00_45/source/ti/drivers/lib\drivers_cc13x2_v1.am4fg(List.om4fg)
                              C:/ti/simplelink_cc13x2_sdk_2_30_00_45/source/ti/drivers/rf/lib\rf_multiMode_cc13x2_v1.am4fg(RFCC26X2_multiMode.om4fg) (List_clearList)
C:/ti/simplelink_cc13x2_sdk_2_30_00_45/source/ti/drivers/lib\drivers_cc13x2_v1.am4fg(ADCCC26XX.om4fg)
                              ./CC1352P1_LAUNCHXL.o (ADCCC26XX_fxnTable)
C:/ti/simplelink_cc13x2_sdk_2_30_00_45/source/ti/drivers/lib\drivers_cc13x2_v1.am4fg(ADCBufCC26X2.om4fg)
                              ./CC1352P1_LAUNCHXL.o (ADCBufCC26X2_fxnTable)
C:/ti/simplelink_cc13x2_sdk_2_30_00_45/source/ti/drivers/lib\drivers_cc13x2_v1.am4fg(UDMACC26XX.om4fg)
                              C:/ti/simplelink_cc13x2_sdk_2_30_00_45/source/ti/drivers/lib\drivers_cc13x2_v1.am4fg(ADCBufCC26X2.om4fg) (UDMACC26XX_open)
C:/ti/simplelink_cc13x2_sdk_2_30_00_45/source/ti/drivers/lib\drivers_cc13x2_v1.am4fg(GPIOCC26XX.om4fg)
                              C:/ti/simplelink_cc13x2_sdk_2_30_00_45/source/ti/drivers/lib\drivers_cc13x2_v1.am4fg(NVSSPI25X.om4fg) (GPIO_setConfig)
C:/ti/simplelink_cc13x2_sdk_2_30_00_45/source/ti/drivers/lib\drivers_cc13x2_v1.am4fg(I2CCC26XX.om4fg)
                              ./CC1352P1_LAUNCHXL.o (I2CCC26XX_fxnTable)
C:/ti/simplelink_cc13x2_sdk_2_30_00_45/source/ti/drivers/lib\drivers_cc13x2_v1.am4fg(NVSCC26XX.om4fg)
                              ./CC1352P1_LAUNCHXL.o (NVSCC26XX_fxnTable)
C:/ti/simplelink_cc13x2_sdk_2_30_00_45/source/ti/drivers/lib\drivers_cc13x2_v1.am4fg(PINCC26XX.om4fg)
                              ./CC1352P1_LAUNCHXL.o (PIN_init)
C:/ti/simplelink_cc13x2_sdk_2_30_00_45/source/ti/drivers/lib\drivers_cc13x2_v1.am4fg(PowerCC26X2.om4fg)
                              C:/ti/simplelink_cc13x2_sdk_2_30_00_45/source/ti/drivers/lib\drivers_cc13x2_v1.am4fg(UDMACC26XX.om4fg) (Power_getDependencyCount)
C:/ti/simplelink_cc13x2_sdk_2_30_00_45/source/ti/drivers/lib\drivers_cc13x2_v1.am4fg(PowerCC26X2_calibrateRCOSC.om4fg)
                              C:/ti/simplelink_cc13x2_sdk_2_30_00_45/source/ti/drivers/lib\drivers_cc13x2_v1.am4fg(PowerCC26X2.om4fg) (PowerCC26X2_initiateCalibration)
C:/ti/simplelink_cc13x2_sdk_2_30_00_45/source/ti/drivers/lib\drivers_cc13x2_v1.am4fg(PWMTimerCC26XX.om4fg)
                              ./CC1352P1_LAUNCHXL.o (PWMTimerCC26XX_fxnTable)
C:/ti/simplelink_cc13x2_sdk_2_30_00_45/source/ti/drivers/lib\drivers_cc13x2_v1.am4fg(SPI.om4fg)
                              C:/ti/simplelink_cc13x2_sdk_2_30_00_45/source/ti/drivers/lib\drivers_cc13x2_v1.am4fg(NVSSPI25X.om4fg) (SPI_close)
C:/ti/simplelink_cc13x2_sdk_2_30_00_45/source/ti/drivers/lib\drivers_cc13x2_v1.am4fg(SPICC26X2DMA.om4fg)
                              ./CC1352P1_LAUNCHXL.o (SPICC26X2DMA_fxnTable)
C:/ti/simplelink_cc13x2_sdk_2_30_00_45/source/ti/drivers/lib\drivers_cc13x2_v1.am4fg(GPTimerCC26XX.om4fg)
                              C:/ti/simplelink_cc13x2_sdk_2_30_00_45/source/ti/drivers/lib\drivers_cc13x2_v1.am4fg(ADCBufCC26X2.om4fg) (GPTimerCC26XX_Params_init)
C:/ti/simplelink_cc13x2_sdk_2_30_00_45/source/ti/drivers/lib\drivers_cc13x2_v1.am4fg(UART.om4fg)
                              C:/ti/simplelink_cc13x2_sdk_2_30_00_45/source/ti/display/lib\display.am4fg(DisplayUart.om4fg) (UART_close)
C:/ti/simplelink_cc13x2_sdk_2_30_00_45/source/ti/drivers/lib\drivers_cc13x2_v1.am4fg(UARTCC26XX.om4fg)
                              ./CC1352P1_LAUNCHXL.o (UARTCC26XX_fxnTable)
C:/ti/simplelink_cc13x2_sdk_2_30_00_45/source/ti/drivers/lib\drivers_cc13x2_v1.am4fg(WatchdogCC26XX.om4fg)
                              ./CC1352P1_LAUNCHXL.o (WatchdogCC26XX_fxnTable)
C:/ti/simplelink_cc13x2_sdk_2_30_00_45/source/ti/drivers/lib\drivers_cc13x2_v1.am4fg(RingBuf.om4fg)
                              C:/ti/simplelink_cc13x2_sdk_2_30_00_45/source/ti/drivers/lib\drivers_cc13x2_v1.am4fg(UARTCC26XX.om4fg) (RingBuf_construct)
C:/ti/simplelink_cc13x2_sdk_2_30_00_45/source/ti/drivers/lib\drivers_cc13x2_v1.am4fg(ADCBuf.om4fg)
                              C:/ti/simplelink_cc13x2_sdk_2_30_00_45/source/ti/drivers/lib\drivers_cc13x2_v1.am4fg(ADCBufCC26X2.om4fg) (ADCBuf_convertCancel)
[...]
Memory Configuration

Name             Origin             Length             Attributes
FLASH            0x00000000         0x00057fa8         xr
FLASH_CCFG       0x00057fa8         0x00000058         xr
SRAM             0x20000000         0x00014000         xrw
GPRAM            0x11000000         0x00002000         xrw
*default*        0x00000000         0xffffffff

Linker script and memory map

LOAD ./CC1352P1_LAUNCHXL.o
LOAD ./CC1352P1_LAUNCHXL_fxns.o
LOAD ./ccfg.o
LOAD ./rfEasyLinkRx.o
LOAD ./easylink/EasyLink.o
LOAD ./smartrf_settings/smartrf_settings.o
                0x00000400                STACKSIZE = 0x400
                0x00001000                HEAPSIZE = 0x1000
                [!provide]                PROVIDE (_intvecs_base_address, DEFINED (_intvecs_base_address)?_intvecs_base_address:0x0)

.intvecs        0x00000000       0x3c
 *(.intvecs)
 .intvecs       0x00000000       0x3c C:\projects\cc1352p\tirtos_builds_CC1352P1_LAUNCHXL_release_gcc\Debug\configPkg\package\cfg\release_pm4fg.om4fg
                0x00000000                ti_sysbios_family_arm_m3_Hwi_resetVectors
                [!provide]                PROVIDE (_vtable_base_address, DEFINED (_vtable_base_address)?_vtable_base_address:0x20000000)

.vtable         0x20000000       0xd8
 *(.vtable)
 .vtable        0x20000000       0xd8 C:\projects\cc1352p\tirtos_builds_CC1352P1_LAUNCHXL_release_gcc\Debug\configPkg\package\cfg\release_pm4fg.om4fg
                0x20000000                ti_sysbios_family_arm_m3_Hwi_ramVectors
                0x20000100                _rom_data_start = 0x20000100
                0x0000000c                _rom_data_size = DEFINED (ROM_DATA_SIZE)?0xc:DEFINED (ROM_DATA_SIZE_NO_OAD)?0x108:0x0

.rom_data_reserve
                0x20000100        0xc
                0x2000010c                . = (. + _rom_data_size)
 *fill*         0x20000100        0xc 
                0x20001800                UDMACC26XX_CONFIG_BASE = 0x20001800
                0x20001830                DMA_SPI0_RX_CONTROL_TABLE_ENTRY_ADDRESS = (UDMACC26XX_CONFIG_BASE + 0x30)
                0x20001840                DMA_SPI0_TX_CONTROL_TABLE_ENTRY_ADDRESS = (UDMACC26XX_CONFIG_BASE + 0x40)
                0x20001870                DMA_ADC_PRI_CONTROL_TABLE_ENTRY_ADDRESS = (UDMACC26XX_CONFIG_BASE + 0x70)
                0x20001890                DMA_GPT0A_PRI_CONTROL_TABLE_ENTRY_ADDRESS = (UDMACC26XX_CONFIG_BASE + 0x90)
                0x20001900                DMA_SPI1_RX_CONTROL_TABLE_ENTRY_ADDRESS = (UDMACC26XX_CONFIG_BASE + 0x100)
                0x20001910                DMA_SPI1_TX_CONTROL_TABLE_ENTRY_ADDRESS = (UDMACC26XX_CONFIG_BASE + 0x110)
                0x20001a30                DMA_SPI0_RX_ALT_CONTROL_TABLE_ENTRY_ADDRESS = (UDMACC26XX_CONFIG_BASE + 0x230)
                0x20001a40                DMA_SPI0_TX_ALT_CONTROL_TABLE_ENTRY_ADDRESS = (UDMACC26XX_CONFIG_BASE + 0x240)
                0x20001a70                DMA_ADC_ALT_CONTROL_TABLE_ENTRY_ADDRESS = (UDMACC26XX_CONFIG_BASE + 0x270)
                0x20001a90                DMA_GPT0A_ALT_CONTROL_TABLE_ENTRY_ADDRESS = (UDMACC26XX_CONFIG_BASE + 0x290)
                0x20001b00                DMA_SPI1_RX_ALT_CONTROL_TABLE_ENTRY_ADDRESS = (UDMACC26XX_CONFIG_BASE + 0x300)
                0x20001b10                DMA_SPI1_TX_ALT_CONTROL_TABLE_ENTRY_ADDRESS = (UDMACC26XX_CONFIG_BASE + 0x310)
                0x00000000                UDMACC26XX_dmaSpi0RxControlTableEntry_is_placed = 0x0

.dmaSpi0RxControlTableEntry
 *(.dmaSpi0RxControlTableEntry)
                0x00000000                UDMACC26XX_dmaSpi0TxControlTableEntry_is_placed = 0x0

.dmaSpi0TxControlTableEntry
 *(.dmaSpi0TxControlTableEntry)
                0x00000000                UDMACC26XX_dmaADCPriControlTableEntry_is_placed = 0x0

.dmaADCPriControlTableEntry
 *(.dmaADCPriControlTableEntry)
                0x00000000                UDMACC26XX_dmaGPT0APriControlTableEntry_is_placed = 0x0

.dmaGPT0APriControlTableEntry
 *(.dmaGPT0APriControlTableEntry)
                0x00000000                UDMACC26XX_dmaSpi1RxControlTableEntry_is_placed = 0x0

.dmaSpi1RxControlTableEntry
 *(.dmaSpi1RxControlTableEntry)
                0x00000000                UDMACC26XX_dmaSpi1TxControlTableEntry_is_placed = 0x0

.dmaSpi1TxControlTableEntry
 *(.dmaSpi1TxControlTableEntry)
                0x00000000                UDMACC26XX_dmaSpi0RxAltControlTableEntry_is_placed = 0x0

.dmaSpi0RxAltControlTableEntry
 *(.dmaSpi0RxAltControlTableEntry)
                0x00000000                UDMACC26XX_dmaSpi0TxAltControlTableEntry_is_placed = 0x0

.dmaSpi0TxAltControlTableEntry
 *(.dmaSpi0TxAltControlTableEntry)
                0x00000000                UDMACC26XX_dmaADCAltControlTableEntry_is_placed = 0x0

.dmaADCAltControlTableEntry
 *(.dmaADCAltControlTableEntry)
                0x00000000                UDMACC26XX_dmaGPT0AAltControlTableEntry_is_placed = 0x0

.dmaGPT0AAltControlTableEntry
 *(.dmaGPT0AAltControlTableEntry)
                0x00000000                UDMACC26XX_dmaSpi1RxAltControlTableEntry_is_placed = 0x0

.dmaSpi1RxAltControlTableEntry
 *(.dmaSpi1RxAltControlTableEntry)
                0x00000000                UDMACC26XX_dmaSpi1TxAltControlTableEntry_is_placed = 0x0

.dmaSpi1TxAltControlTableEntry
 *(.dmaSpi1TxAltControlTableEntry)
                0x00002000                _rom_rodata_start = 0x2000
                0x00000000                _rom_rodata_size = DEFINED (ROM_RODATA_SIZE)?0x0:DEFINED (ROM_RODATA_SIZE_NO_OAD)?0x330:0x0

.rom_rodata_reserve
                0x00002000        0x0 load address 0x0000003c
                0x00002000                . = (. + _rom_rodata_size)

.text           0x00000040     0x5cc8
 CREATE_OBJECT_SYMBOLS
 *(.text)
 .text          0x00000040       0x30 c:/ti/ccs901/ccs/tools/compiler/gcc-arm-none-eabi-7-2017-q4-major-win32/bin/../lib/gcc/arm-none-eabi/7.2.1/thumb/v7e-m/fpv4-sp/hard\libgcc.a(_aeabi_uldivmod.o)
                0x00000040                __aeabi_uldivmod
 .text          0x00000070      0x2cc c:/ti/ccs901/ccs/tools/compiler/gcc-arm-none-eabi-7-2017-q4-major-win32/bin/../lib/gcc/arm-none-eabi/7.2.1/thumb/v7e-m/fpv4-sp/hard\libgcc.a(_udivmoddi4.o)
                0x00000070                __udivmoddi4
 .text          0x0000033c        0x4 c:/ti/ccs901/ccs/tools/compiler/gcc-arm-none-eabi-7-2017-q4-major-win32/bin/../lib/gcc/arm-none-eabi/7.2.1/thumb/v7e-m/fpv4-sp/hard\libgcc.a(_dvmd_tls.o)
                0x0000033c                __aeabi_idiv0
                0x0000033c                __aeabi_ldiv0
 *(.text.*)
 .text.CC1352P1_LAUNCHXL_initGeneral
                0x00000340       0x1c ./CC1352P1_LAUNCHXL.o
                0x00000340                CC1352P1_LAUNCHXL_initGeneral
 .text.CC1352P1_LAUNCHXL_sendExtFlashByte
                0x0000035c       0x66 ./CC1352P1_LAUNCHXL_fxns.o
                0x0000035c                CC1352P1_LAUNCHXL_sendExtFlashByte
 *fill*         0x000003c2        0x2 
 .text.CC1352P1_LAUNCHXL_wakeUpExtFlash
                0x000003c4       0x48 ./CC1352P1_LAUNCHXL_fxns.o
                0x000003c4                CC1352P1_LAUNCHXL_wakeUpExtFlash
 .text.CC1352P1_LAUNCHXL_shutDownExtFlash
                0x0000040c       0x34 ./CC1352P1_LAUNCHXL_fxns.o
                0x0000040c                CC1352P1_LAUNCHXL_shutDownExtFlash
 .text.initAntennaSwitch
                0x00000440       0x2c ./CC1352P1_LAUNCHXL_fxns.o
                0x00000440                initAntennaSwitch
 .text.rfDriverCallback
                0x0000046c      0x114 ./CC1352P1_LAUNCHXL_fxns.o
                0x0000046c                rfDriverCallback
 .text.Board_initHook
                0x00000580        0xc ./CC1352P1_LAUNCHXL_fxns.o
                0x00000580                Board_initHook
 .text.rxDoneCb
                0x0000058c       0x7c ./rfEasyLinkRx.o
                0x0000058c                rxDoneCb
 .text.rfEasyLinkRxFnx
                0x00000608       0xb0 ./rfEasyLinkRx.o
 .text.rxTask_init
                0x000006b8       0x4c ./rfEasyLinkRx.o
                0x000006b8                rxTask_init
 .text.main     0x00000704       0xa0 ./rfEasyLinkRx.o
                0x00000704                main
 .text.rxDoneCallback
                0x000007a4      0x104 ./easylink/EasyLink.o
 .text.EasyLink_Params_init
                0x000008a8       0x18 ./easylink/EasyLink.o
                0x000008a8                EasyLink_Params_init
 .text.EasyLink_init
                0x000008c0      0x590 ./easylink/EasyLink.o
                0x000008c0                EasyLink_init
 .text.EasyLink_receiveAsync
                0x00000e50      0x160 ./easylink/EasyLink.o
                0x00000e50                EasyLink_receiveAsync
 .text.EasyLink_abort
                0x00000fb0       0x68 ./easylink/EasyLink.o
                0x00000fb0                EasyLink_abort
 .text.EasyLink_enableRxAddrFilter
                0x00001018       0x90 ./easylink/EasyLink.o
                0x00001018                EasyLink_enableRxAddrFilter
 .text.rf_patch_cpe_prop
                0x000010a8       0x9c ./smartrf_settings/smartrf_settings.o
 .text.rf_patch_rfe_genfsk
                0x00001144       0x4c ./smartrf_settings/smartrf_settings.o
 .text.rf_patch_mce_sl_longrange
                0x00001190       0x64 ./smartrf_settings/smartrf_settings.o
 .text.RF_schChkCmdInsert
                0x000011f4       0x98 C:/ti/simplelink_cc13x2_sdk_2_30_00_45/source/ti/drivers/rf/lib\rf_multiMode_cc13x2_v1.am4fg(RFCC26X2_multiMode.om4fg)
 .text.RF_defaultCallback
                0x0000128c        0x4 C:/ti/simplelink_cc13x2_sdk_2_30_00_45/source/ti/drivers/rf/lib\rf_multiMode_cc13x2_v1.am4fg(RFCC26X2_multiMode.om4fg)
 .text.RF_attachOverrides
                0x00001290       0x6c C:/ti/simplelink_cc13x2_sdk_2_30_00_45/source/ti/drivers/rf/lib\rf_multiMode_cc13x2_v1.am4fg(RFCC26X2_multiMode.om4fg)
 .text.RF_detachOverrides
                0x000012fc       0x70 C:/ti/simplelink_cc13x2_sdk_2_30_00_45/source/ti/drivers/rf/lib\rf_multiMode_cc13x2_v1.am4fg(RFCC26X2_multiMode.om4fg)
 .text.RF_issueRadioFreeCb
                0x0000136c       0x7c C:/ti/simplelink_cc13x2_sdk_2_30_00_45/source/ti/drivers/rf/lib\rf_multiMode_cc13x2_v1.am4fg(RFCC26X2_multiMode.om4fg)
 .text.RF_clkReqAccess
                0x000013e8        0x8 C:/ti/simplelink_cc13x2_sdk_2_30_00_45/source/ti/drivers/rf/lib\rf_multiMode_cc13x2_v1.am4fg(RFCC26X2_multiMode.om4fg)
 .text.RF_syncCb
                0x000013f0       0x8c C:/ti/simplelink_cc13x2_sdk_2_30_00_45/source/ti/drivers/rf/lib\rf_multiMode_cc13x2_v1.am4fg(RFCC26X2_multiMode.om4fg)
 .text.RF_searchAndReplacePAOverride
                0x0000147c       0x34 C:/ti/simplelink_cc13x2_sdk_2_30_00_45/source/ti/drivers/rf/lib\rf_multiMode_cc13x2_v1.am4fg(RFCC26X2_multiMode.om4fg)
 .text.RF_applyRfCorePatch
                0x000014b0       0x5c C:/ti/simplelink_cc13x2_sdk_2_30_00_45/source/ti/drivers/rf/lib\rf_multiMode_cc13x2_v1.am4fg(RFCC26X2_multiMode.om4fg)
 .text.RF_hwiHw
                0x0000150c       0x80 C:/ti/simplelink_cc13x2_sdk_2_30_00_45/source/ti/drivers/rf/lib\rf_multiMode_cc13x2_v1.am4fg(RFCC26X2_multiMode.om4fg)
 .text.RF_swiFsm
                0x0000158c       0x24 C:/ti/simplelink_cc13x2_sdk_2_30_00_45/source/ti/drivers/rf/lib\rf_multiMode_cc13x2_v1.am4fg(RFCC26X2_multiMode.om4fg)
 .text.RF_discardPendCmd
                0x000015b0       0xa8 C:/ti/simplelink_cc13x2_sdk_2_30_00_45/source/ti/drivers/rf/lib\rf_multiMode_cc13x2_v1.am4fg(RFCC26X2_multiMode.om4fg)
 .text.RF_abortCmd
                0x00001658      0x180 C:/ti/simplelink_cc13x2_sdk_2_30_00_45/source/ti/drivers/rf/lib\rf_multiMode_cc13x2_v1.am4fg(RFCC26X2_multiMode.om4fg)
 .text.RF_ieeeRequestFgCommand
                0x000017d8       0x34 C:/ti/simplelink_cc13x2_sdk_2_30_00_45/source/ti/drivers/rf/lib\rf_multiMode_cc13x2_v1.am4fg(RFCC26X2_multiMode.om4fg)
 .text.RF_fsmXOSCState
                0x0000180c       0x70 C:/ti/simplelink_cc13x2_sdk_2_30_00_45/source/ti/drivers/rf/lib\rf_multiMode_cc13x2_v1.am4fg(RFCC26X2_multiMode.om4fg)
 .text.RF_hwiCpe0ChangePhy
                0x0000187c       0x24 C:/ti/simplelink_cc13x2_sdk_2_30_00_45/source/ti/drivers/rf/lib\rf_multiMode_cc13x2_v1.am4fg(RFCC26X2_multiMode.om4fg)
 .text.RF_decodeOverridePointers
                0x000018a0      0x150 C:/ti/simplelink_cc13x2_sdk_2_30_00_45/source/ti/drivers/rf/lib\rf_multiMode_cc13x2_v1.am4fg(RFCC26X2_multiMode.om4fg)
 .text.RF_updatePaConfiguration
                0x000019f0       0xc4 C:/ti/simplelink_cc13x2_sdk_2_30_00_45/source/ti/drivers/rf/lib\rf_multiMode_cc13x2_v1.am4fg(RFCC26X2_multiMode.om4fg)
 .text.RF_initRadioSetup
                0x00001ab4       0xa8 C:/ti/simplelink_cc13x2_sdk_2_30_00_45/source/ti/drivers/rf/lib\rf_multiMode_cc13x2_v1.am4fg(RFCC26X2_multiMode.om4fg)
 .text.RF_fsmSetupState
                0x00001b5c      0x15c C:/ti/simplelink_cc13x2_sdk_2_30_00_45/source/ti/drivers/rf/lib\rf_multiMode_cc13x2_v1.am4fg(RFCC26X2_multiMode.om4fg)
 .text.RF_fsmChangePhyState
                0x00001cb8      0x134 C:/ti/simplelink_cc13x2_sdk_2_30_00_45/source/ti/drivers/rf/lib\rf_multiMode_cc13x2_v1.am4fg(RFCC26X2_multiMode.om4fg)
 .text.RF_wakeupNotification
                0x00001dec       0x58 C:/ti/simplelink_cc13x2_sdk_2_30_00_45/source/ti/drivers/rf/lib\rf_multiMode_cc13x2_v1.am4fg(RFCC26X2_multiMode.om4fg)
 .text.RF_pendCmd.part.17
                0x00001e44       0xe8 C:/ti/simplelink_cc13x2_sdk_2_30_00_45/source/ti/drivers/rf/lib\rf_multiMode_cc13x2_v1.am4fg(RFCC26X2_multiMode.om4fg)
 .text.RF_powerConstraintSet
                0x00001f2c       0x1c C:/ti/simplelink_cc13x2_sdk_2_30_00_45/source/ti/drivers/rf/lib\rf_multiMode_cc13x2_v1.am4fg(RFCC26X2_multiMode.om4fg)
                0x00001f2c                RF_powerConstraintSet
 .text.RF_ratRestartChannels
                0x00001f48       0xb0 C:/ti/simplelink_cc13x2_sdk_2_30_00_45/source/ti/drivers/rf/lib\rf_multiMode_cc13x2_v1.am4fg(RFCC26X2_multiMode.om4fg)
 .text.RF_powerConstraintRelease
                0x00001ff8       0x34 C:/ti/simplelink_cc13x2_sdk_2_30_00_45/source/ti/drivers/rf/lib\rf_multiMode_cc13x2_v1.am4fg(RFCC26X2_multiMode.om4fg)
                0x00001ff8                RF_powerConstraintRelease
 .text.RF_clkInactivity
                0x0000202c       0x1c C:/ti/simplelink_cc13x2_sdk_2_30_00_45/source/ti/drivers/rf/lib\rf_multiMode_cc13x2_v1.am4fg(RFCC26X2_multiMode.om4fg)
 .text.RF_radioOpDoneCb
                0x00002048      0x168 C:/ti/simplelink_cc13x2_sdk_2_30_00_45/source/ti/drivers/rf/lib\rf_multiMode_cc13x2_v1.am4fg(RFCC26X2_multiMode.om4fg)
 .text.RF_ratFreeChannel
                0x000021b0       0x98 C:/ti/simplelink_cc13x2_sdk_2_30_00_45/source/ti/drivers/rf/lib\rf_multiMode_cc13x2_v1.am4fg(RFCC26X2_multiMode.om4fg)
 .text.RF_swiHw
                0x00002248       0xcc C:/ti/simplelink_cc13x2_sdk_2_30_00_45/source/ti/drivers/rf/lib\rf_multiMode_cc13x2_v1.am4fg(RFCC26X2_multiMode.om4fg)
 .text.RF_open  0x00002314      0x250 C:/ti/simplelink_cc13x2_sdk_2_30_00_45/source/ti/drivers/rf/lib\rf_multiMode_cc13x2_v1.am4fg(RFCC26X2_multiMode.om4fg)
                0x00002314                RF_open
 .text.RF_close
                0x00002564      0x178 C:/ti/simplelink_cc13x2_sdk_2_30_00_45/source/ti/drivers/rf/lib\rf_multiMode_cc13x2_v1.am4fg(RFCC26X2_multiMode.om4fg)
                0x00002564                RF_close
 .text.RF_getCurrentTime
                0x000026dc       0x8c C:/ti/simplelink_cc13x2_sdk_2_30_00_45/source/ti/drivers/rf/lib\rf_multiMode_cc13x2_v1.am4fg(RFCC26X2_multiMode.om4fg)
                0x000026dc                RF_getCurrentTime
 .text.RF_cmdDispatchTime
                0x00002768       0x78 C:/ti/simplelink_cc13x2_sdk_2_30_00_45/source/ti/drivers/rf/lib\rf_multiMode_cc13x2_v1.am4fg(RFCC26X2_multiMode.om4fg)
 .text.RF_dispatchNextCmd
                0x000027e0      0x104 C:/ti/simplelink_cc13x2_sdk_2_30_00_45/source/ti/drivers/rf/lib\rf_multiMode_cc13x2_v1.am4fg(RFCC26X2_multiMode.om4fg)
 .text.RF_hwiCpe0Active
                0x000028e4      0x11c C:/ti/simplelink_cc13x2_sdk_2_30_00_45/source/ti/drivers/rf/lib\rf_multiMode_cc13x2_v1.am4fg(RFCC26X2_multiMode.om4fg)
 .text.RF_hwiCpe0PowerFsm
                0x00002a00       0x88 C:/ti/simplelink_cc13x2_sdk_2_30_00_45/source/ti/drivers/rf/lib\rf_multiMode_cc13x2_v1.am4fg(RFCC26X2_multiMode.om4fg)
 .text.RF_calculateDispatchTime
                0x00002a88       0xd4 C:/ti/simplelink_cc13x2_sdk_2_30_00_45/source/ti/drivers/rf/lib\rf_multiMode_cc13x2_v1.am4fg(RFCC26X2_multiMode.om4fg)
 .text.RF_dispatchNextEvent
                0x00002b5c       0x70 C:/ti/simplelink_cc13x2_sdk_2_30_00_45/source/ti/drivers/rf/lib\rf_multiMode_cc13x2_v1.am4fg(RFCC26X2_multiMode.om4fg)
 .text.RF_fsmPowerUpState
                0x00002bcc      0x12c C:/ti/simplelink_cc13x2_sdk_2_30_00_45/source/ti/drivers/rf/lib\rf_multiMode_cc13x2_v1.am4fg(RFCC26X2_multiMode.om4fg)
 .text.RF_fsmActiveState
                0x00002cf8      0x480 C:/ti/simplelink_cc13x2_sdk_2_30_00_45/source/ti/drivers/rf/lib\rf_multiMode_cc13x2_v1.am4fg(RFCC26X2_multiMode.om4fg)
 .text.RF_clkPowerUp
                0x00003178       0x24 C:/ti/simplelink_cc13x2_sdk_2_30_00_45/source/ti/drivers/rf/lib\rf_multiMode_cc13x2_v1.am4fg(RFCC26X2_multiMode.om4fg)
 .text.RF_postCmd
                0x0000319c       0xf0 C:/ti/simplelink_cc13x2_sdk_2_30_00_45/source/ti/drivers/rf/lib\rf_multiMode_cc13x2_v1.am4fg(RFCC26X2_multiMode.om4fg)
                0x0000319c                RF_postCmd
 .text.RF_scheduleCmd
                0x0000328c      0x2e4 C:/ti/simplelink_cc13x2_sdk_2_30_00_45/source/ti/drivers/rf/lib\rf_multiMode_cc13x2_v1.am4fg(RFCC26X2_multiMode.om4fg)
                0x0000328c                RF_scheduleCmd
 .text.RF_pendCmd
                0x00003570       0x10 C:/ti/simplelink_cc13x2_sdk_2_30_00_45/source/ti/drivers/rf/lib\rf_multiMode_cc13x2_v1.am4fg(RFCC26X2_multiMode.om4fg)
                0x00003570                RF_pendCmd
 .text.RF_runCmd
                0x00003580       0x30 C:/ti/simplelink_cc13x2_sdk_2_30_00_45/source/ti/drivers/rf/lib\rf_multiMode_cc13x2_v1.am4fg(RFCC26X2_multiMode.om4fg)
                0x00003580                RF_runCmd
 .text.RF_cancelCmd
                0x000035b0       0x1c C:/ti/simplelink_cc13x2_sdk_2_30_00_45/source/ti/drivers/rf/lib\rf_multiMode_cc13x2_v1.am4fg(RFCC26X2_multiMode.om4fg)
                0x000035b0                RF_cancelCmd
 .text.RF_Params_init
                0x000035cc       0x1c C:/ti/simplelink_cc13x2_sdk_2_30_00_45/source/ti/drivers/rf/lib\rf_multiMode_cc13x2_v1.am4fg(RFCC26X2_multiMode.om4fg)
                0x000035cc                RF_Params_init
 .text.RF_getTxPower
                0x000035e8       0x9c C:/ti/simplelink_cc13x2_sdk_2_30_00_45/source/ti/drivers/rf/lib\rf_multiMode_cc13x2_v1.am4fg(RFCC26X2_multiMode.om4fg)
                0x000035e8                RF_getTxPower
 .text.List_clearList
                0x00003684       0x18 C:/ti/simplelink_cc13x2_sdk_2_30_00_45/source/ti/drivers/lib\drivers_cc13x2_v1.am4fg(List.om4fg)
                0x00003684                List_clearList
 .text.List_get
                0x0000369c       0x28 C:/ti/simplelink_cc13x2_sdk_2_30_00_45/source/ti/drivers/lib\drivers_cc13x2_v1.am4fg(List.om4fg)
                0x0000369c                List_get
 .text.List_insert
                0x000036c4       0x30 C:/ti/simplelink_cc13x2_sdk_2_30_00_45/source/ti/drivers/lib\drivers_cc13x2_v1.am4fg(List.om4fg)
                0x000036c4                List_insert
 .text.List_put
                0x000036f4       0x2c C:/ti/simplelink_cc13x2_sdk_2_30_00_45/source/ti/drivers/lib\drivers_cc13x2_v1.am4fg(List.om4fg)
                0x000036f4                List_put
 .text.List_putHead
                0x00003720       0x2c C:/ti/simplelink_cc13x2_sdk_2_30_00_45/source/ti/drivers/lib\drivers_cc13x2_v1.am4fg(List.om4fg)
                0x00003720                List_putHead
 .text.List_remove
                0x0000374c       0x30 C:/ti/simplelink_cc13x2_sdk_2_30_00_45/source/ti/drivers/lib\drivers_cc13x2_v1.am4fg(List.om4fg)
                0x0000374c                List_remove
 .text.PIN_swi  0x0000377c       0x44 C:/ti/simplelink_cc13x2_sdk_2_30_00_45/source/ti/drivers/lib\drivers_cc13x2_v1.am4fg(PINCC26XX.om4fg)
 .text.PIN_hwi  0x000037c0       0x1c C:/ti/simplelink_cc13x2_sdk_2_30_00_45/source/ti/drivers/lib\drivers_cc13x2_v1.am4fg(PINCC26XX.om4fg)
 .text.PINCC26XX_setIoCfg
                0x000037dc      0x11c C:/ti/simplelink_cc13x2_sdk_2_30_00_45/source/ti/drivers/lib\drivers_cc13x2_v1.am4fg(PINCC26XX.om4fg)
 .text.PIN_init
                0x000038f8      0x200 C:/ti/simplelink_cc13x2_sdk_2_30_00_45/source/ti/drivers/lib\drivers_cc13x2_v1.am4fg(PINCC26XX.om4fg)
                0x000038f8                PIN_init
 .text.PIN_open
                0x00003af8       0xbc C:/ti/simplelink_cc13x2_sdk_2_30_00_45/source/ti/drivers/lib\drivers_cc13x2_v1.am4fg(PINCC26XX.om4fg)
                0x00003af8                PIN_open
 .text.PIN_remove
                0x00003bb4       0x6c C:/ti/simplelink_cc13x2_sdk_2_30_00_45/source/ti/drivers/lib\drivers_cc13x2_v1.am4fg(PINCC26XX.om4fg)
                0x00003bb4                PIN_remove
 .text.PIN_close
                0x00003c20       0x20 C:/ti/simplelink_cc13x2_sdk_2_30_00_45/source/ti/drivers/lib\drivers_cc13x2_v1.am4fg(PINCC26XX.om4fg)
                0x00003c20                PIN_close
 .text.PIN_setOutputValue
                0x00003c40       0x34 C:/ti/simplelink_cc13x2_sdk_2_30_00_45/source/ti/drivers/lib\drivers_cc13x2_v1.am4fg(PINCC26XX.om4fg)
                0x00003c40                PIN_setOutputValue
 .text.PIN_getOutputValue
                0x00003c74       0x14 C:/ti/simplelink_cc13x2_sdk_2_30_00_45/source/ti/drivers/lib\drivers_cc13x2_v1.am4fg(PINCC26XX.om4fg)
                0x00003c74                PIN_getOutputValue
 .text.PINCC26XX_setMux
                0x00003c88       0x40 C:/ti/simplelink_cc13x2_sdk_2_30_00_45/source/ti/drivers/lib\drivers_cc13x2_v1.am4fg(PINCC26XX.om4fg)
                0x00003c88                PINCC26XX_setMux
 .text.emptyClockFunc
                0x00003cc8        0x4 C:/ti/simplelink_cc13x2_sdk_2_30_00_45/source/ti/drivers/lib\drivers_cc13x2_v1.am4fg(PowerCC26X2.om4fg)
 .text.nopResourceHandler
                0x00003ccc        0x4 C:/ti/simplelink_cc13x2_sdk_2_30_00_45/source/ti/drivers/lib\drivers_cc13x2_v1.am4fg(PowerCC26X2.om4fg)
 .text.notify   0x00003cd0       0x34 C:/ti/simplelink_cc13x2_sdk_2_30_00_45/source/ti/drivers/lib\drivers_cc13x2_v1.am4fg(PowerCC26X2.om4fg)
 .text.configureRFCoreClocks
                0x00003d04       0x14 C:/ti/simplelink_cc13x2_sdk_2_30_00_45/source/ti/drivers/lib\drivers_cc13x2_v1.am4fg(PowerCC26X2.om4fg)
 .text.configureXOSCHF
                0x00003d18       0x50 C:/ti/simplelink_cc13x2_sdk_2_30_00_45/source/ti/drivers/lib\drivers_cc13x2_v1.am4fg(PowerCC26X2.om4fg)
 .text.Power_getConstraintMask
                0x00003d68        0xc C:/ti/simplelink_cc13x2_sdk_2_30_00_45/source/ti/drivers/lib\drivers_cc13x2_v1.am4fg(PowerCC26X2.om4fg)
                0x00003d68                Power_getConstraintMask
 .text.Power_getTransitionLatency
                0x00003d74       0x1c C:/ti/simplelink_cc13x2_sdk_2_30_00_45/source/ti/drivers/lib\drivers_cc13x2_v1.am4fg(PowerCC26X2.om4fg)
                0x00003d74                Power_getTransitionLatency
 .text.Power_idleFunc
                0x00003d90       0x18 C:/ti/simplelink_cc13x2_sdk_2_30_00_45/source/ti/drivers/lib\drivers_cc13x2_v1.am4fg(PowerCC26X2.om4fg)
                0x00003d90                Power_idleFunc
 .text.Power_registerNotify
                0x00003da8       0x24 C:/ti/simplelink_cc13x2_sdk_2_30_00_45/source/ti/drivers/lib\drivers_cc13x2_v1.am4fg(PowerCC26X2.om4fg)
                0x00003da8                Power_registerNotify
 .text.Power_releaseConstraint
                0x00003dcc       0x34 C:/ti/simplelink_cc13x2_sdk_2_30_00_45/source/ti/drivers/lib\drivers_cc13x2_v1.am4fg(PowerCC26X2.om4fg)
                0x00003dcc                Power_releaseConstraint
 .text.oscillatorISR
                0x00003e00       0xc0 C:/ti/simplelink_cc13x2_sdk_2_30_00_45/source/ti/drivers/lib\drivers_cc13x2_v1.am4fg(PowerCC26X2.om4fg)
 .text.Power_releaseDependency
                0x00003ec0       0xa8 C:/ti/simplelink_cc13x2_sdk_2_30_00_45/source/ti/drivers/lib\drivers_cc13x2_v1.am4fg(PowerCC26X2.om4fg)
                0x00003ec0                Power_releaseDependency
 .text.Power_setConstraint
                0x00003f68       0x2c C:/ti/simplelink_cc13x2_sdk_2_30_00_45/source/ti/drivers/lib\drivers_cc13x2_v1.am4fg(PowerCC26X2.om4fg)
                0x00003f68                Power_setConstraint
 .text.Power_init
                0x00003f94      0x124 C:/ti/simplelink_cc13x2_sdk_2_30_00_45/source/ti/drivers/lib\drivers_cc13x2_v1.am4fg(PowerCC26X2.om4fg)
                0x00003f94                Power_init
 .text.Power_setDependency
                0x000040b8       0xb0 C:/ti/simplelink_cc13x2_sdk_2_30_00_45/source/ti/drivers/lib\drivers_cc13x2_v1.am4fg(PowerCC26X2.om4fg)
                0x000040b8                Power_setDependency
 .text.Power_sleep
                0x00004168      0x19c C:/ti/simplelink_cc13x2_sdk_2_30_00_45/source/ti/drivers/lib\drivers_cc13x2_v1.am4fg(PowerCC26X2.om4fg)
                0x00004168                Power_sleep
 .text.Power_unregisterNotify
                0x00004304       0x20 C:/ti/simplelink_cc13x2_sdk_2_30_00_45/source/ti/drivers/lib\drivers_cc13x2_v1.am4fg(PowerCC26X2.om4fg)
                0x00004304                Power_unregisterNotify
 .text.PowerCC26XX_calibrate
                0x00004324       0x18 C:/ti/simplelink_cc13x2_sdk_2_30_00_45/source/ti/drivers/lib\drivers_cc13x2_v1.am4fg(PowerCC26X2.om4fg)
                0x00004324                PowerCC26XX_calibrate
 .text.PowerCC26XX_isStableXOSC_HF
                0x0000433c       0x48 C:/ti/simplelink_cc13x2_sdk_2_30_00_45/source/ti/drivers/lib\drivers_cc13x2_v1.am4fg(PowerCC26X2.om4fg)
                0x0000433c                PowerCC26XX_isStableXOSC_HF
 .text.PowerCC26XX_switchXOSC_HF
                0x00004384       0x3c C:/ti/simplelink_cc13x2_sdk_2_30_00_45/source/ti/drivers/lib\drivers_cc13x2_v1.am4fg(PowerCC26X2.om4fg)
                0x00004384                PowerCC26XX_switchXOSC_HF
 .text.runCalibrateFsm
                0x000043c0      0x224 C:/ti/simplelink_cc13x2_sdk_2_30_00_45/source/ti/drivers/lib\drivers_cc13x2_v1.am4fg(PowerCC26X2_calibrateRCOSC.om4fg)
 .text.PowerCC26X2_initiateCalibration
                0x000045e4       0x74 C:/ti/simplelink_cc13x2_sdk_2_30_00_45/source/ti/drivers/lib\drivers_cc13x2_v1.am4fg(PowerCC26X2_calibrateRCOSC.om4fg)
                0x000045e4                PowerCC26X2_initiateCalibration
 .text.PowerCC26X2_auxISR
                0x00004658      0x2a8 C:/ti/simplelink_cc13x2_sdk_2_30_00_45/source/ti/drivers/lib\drivers_cc13x2_v1.am4fg(PowerCC26X2_calibrateRCOSC.om4fg)
                0x00004658                PowerCC26X2_auxISR
 .text.PowerCC26X2_calibrate
                0x00004900       0x14 C:/ti/simplelink_cc13x2_sdk_2_30_00_45/source/ti/drivers/lib\drivers_cc13x2_v1.am4fg(PowerCC26X2_calibrateRCOSC.om4fg)
                0x00004900                PowerCC26X2_calibrate
 .text.ClockP_construct
                0x00004914       0x4c C:/ti/simplelink_cc13x2_sdk_2_30_00_45/kernel/tirtos/packages/ti/dpl/lib\dpl_cc13x2_v1.am4fg(ClockP_tirtos.om4fg)
                0x00004914                ClockP_construct
 .text.ClockP_destruct
                0x00004960        0x4 C:/ti/simplelink_cc13x2_sdk_2_30_00_45/kernel/tirtos/packages/ti/dpl/lib\dpl_cc13x2_v1.am4fg(ClockP_tirtos.om4fg)
                0x00004960                ClockP_destruct
 .text.ClockP_getTimeout
                0x00004964        0x4 C:/ti/simplelink_cc13x2_sdk_2_30_00_45/kernel/tirtos/packages/ti/dpl/lib\dpl_cc13x2_v1.am4fg(ClockP_tirtos.om4fg)
                0x00004964                ClockP_getTimeout
 .text.ClockP_isActive
                0x00004968       0x10 C:/ti/simplelink_cc13x2_sdk_2_30_00_45/kernel/tirtos/packages/ti/dpl/lib\dpl_cc13x2_v1.am4fg(ClockP_tirtos.om4fg)
                0x00004968                ClockP_isActive
 .text.ClockP_Params_init
                0x00004978        0xc C:/ti/simplelink_cc13x2_sdk_2_30_00_45/kernel/tirtos/packages/ti/dpl/lib\dpl_cc13x2_v1.am4fg(ClockP_tirtos.om4fg)
                0x00004978                ClockP_Params_init
 .text.ClockP_setTimeout
                0x00004984        0x4 C:/ti/simplelink_cc13x2_sdk_2_30_00_45/kernel/tirtos/packages/ti/dpl/lib\dpl_cc13x2_v1.am4fg(ClockP_tirtos.om4fg)
                0x00004984                ClockP_setTimeout
 .text.ClockP_start
                0x00004988        0x4 C:/ti/simplelink_cc13x2_sdk_2_30_00_45/kernel/tirtos/packages/ti/dpl/lib\dpl_cc13x2_v1.am4fg(ClockP_tirtos.om4fg)
                0x00004988                ClockP_start
 .text.ClockP_stop
                0x0000498c        0x4 C:/ti/simplelink_cc13x2_sdk_2_30_00_45/kernel/tirtos/packages/ti/dpl/lib\dpl_cc13x2_v1.am4fg(ClockP_tirtos.om4fg)
                0x0000498c                ClockP_stop
 .text.HwiP_construct
                0x00004990       0x38 C:/ti/simplelink_cc13x2_sdk_2_30_00_45/kernel/tirtos/packages/ti/dpl/lib\dpl_cc13x2_v1.am4fg(HwiP_tirtos.om4fg)
                0x00004990                HwiP_construct
 .text.HwiP_destruct
                0x000049c8        0x4 C:/ti/simplelink_cc13x2_sdk_2_30_00_45/kernel/tirtos/packages/ti/dpl/lib\dpl_cc13x2_v1.am4fg(HwiP_tirtos.om4fg)
                0x000049c8                HwiP_destruct
 .text.HwiP_disable
                0x000049cc        0x4 C:/ti/simplelink_cc13x2_sdk_2_30_00_45/kernel/tirtos/packages/ti/dpl/lib\dpl_cc13x2_v1.am4fg(HwiP_tirtos.om4fg)
                0x000049cc                HwiP_disable
 .text.HwiP_enableInterrupt
                0x000049d0        0x4 C:/ti/simplelink_cc13x2_sdk_2_30_00_45/kernel/tirtos/packages/ti/dpl/lib\dpl_cc13x2_v1.am4fg(HwiP_tirtos.om4fg)
                0x000049d0                HwiP_enableInterrupt
 .text.HwiP_post
                0x000049d4        0x4 C:/ti/simplelink_cc13x2_sdk_2_30_00_45/kernel/tirtos/packages/ti/dpl/lib\dpl_cc13x2_v1.am4fg(HwiP_tirtos.om4fg)
                0x000049d4                HwiP_post
 .text.HwiP_setFunc
                0x000049d8        0x4 C:/ti/simplelink_cc13x2_sdk_2_30_00_45/kernel/tirtos/packages/ti/dpl/lib\dpl_cc13x2_v1.am4fg(HwiP_tirtos.om4fg)
                0x000049d8                HwiP_setFunc
 .text.HwiP_Params_init
                0x000049dc       0x10 C:/ti/simplelink_cc13x2_sdk_2_30_00_45/kernel/tirtos/packages/ti/dpl/lib\dpl_cc13x2_v1.am4fg(HwiP_tirtos.om4fg)
                0x000049dc                HwiP_Params_init
 .text.HwiP_restore
                0x000049ec        0x4 C:/ti/simplelink_cc13x2_sdk_2_30_00_45/kernel/tirtos/packages/ti/dpl/lib\dpl_cc13x2_v1.am4fg(HwiP_tirtos.om4fg)
                0x000049ec                HwiP_restore
 .text.SemaphoreP_constructBinary
                0x000049f0       0x2c C:/ti/simplelink_cc13x2_sdk_2_30_00_45/kernel/tirtos/packages/ti/dpl/lib\dpl_cc13x2_v1.am4fg(SemaphoreP_tirtos.om4fg)
                0x000049f0                SemaphoreP_constructBinary
 .text.SemaphoreP_destruct
                0x00004a1c        0x4 C:/ti/simplelink_cc13x2_sdk_2_30_00_45/kernel/tirtos/packages/ti/dpl/lib\dpl_cc13x2_v1.am4fg(SemaphoreP_tirtos.om4fg)
                0x00004a1c                SemaphoreP_destruct
 .text.SemaphoreP_pend
                0x00004a20       0x10 C:/ti/simplelink_cc13x2_sdk_2_30_00_45/kernel/tirtos/packages/ti/dpl/lib\dpl_cc13x2_v1.am4fg(SemaphoreP_tirtos.om4fg)
                0x00004a20                SemaphoreP_pend
 .text.SemaphoreP_post
                0x00004a30        0x4 C:/ti/simplelink_cc13x2_sdk_2_30_00_45/kernel/tirtos/packages/ti/dpl/lib\dpl_cc13x2_v1.am4fg(SemaphoreP_tirtos.om4fg)
                0x00004a30                SemaphoreP_post
 .text.SwiP_Params_init
                0x00004a34       0x10 C:/ti/simplelink_cc13x2_sdk_2_30_00_45/kernel/tirtos/packages/ti/dpl/lib\dpl_cc13x2_v1.am4fg(SwiP_tirtos.om4fg)
                0x00004a34                SwiP_Params_init
 .text.SwiP_construct
                0x00004a44       0x38 C:/ti/simplelink_cc13x2_sdk_2_30_00_45/kernel/tirtos/packages/ti/dpl/lib\dpl_cc13x2_v1.am4fg(SwiP_tirtos.om4fg)
                0x00004a44                SwiP_construct
 .text.SwiP_destruct
                0x00004a7c        0x4 C:/ti/simplelink_cc13x2_sdk_2_30_00_45/kernel/tirtos/packages/ti/dpl/lib\dpl_cc13x2_v1.am4fg(SwiP_tirtos.om4fg)
                0x00004a7c                SwiP_destruct
 .text.SwiP_disable
                0x00004a80        0x4 C:/ti/simplelink_cc13x2_sdk_2_30_00_45/kernel/tirtos/packages/ti/dpl/lib\dpl_cc13x2_v1.am4fg(SwiP_tirtos.om4fg)
                0x00004a80                SwiP_disable
 .text.SwiP_getTrigger
                0x00004a84        0x4 C:/ti/simplelink_cc13x2_sdk_2_30_00_45/kernel/tirtos/packages/ti/dpl/lib\dpl_cc13x2_v1.am4fg(SwiP_tirtos.om4fg)
                0x00004a84                SwiP_getTrigger
 .text.SwiP_or  0x00004a88        0x4 C:/ti/simplelink_cc13x2_sdk_2_30_00_45/kernel/tirtos/packages/ti/dpl/lib\dpl_cc13x2_v1.am4fg(SwiP_tirtos.om4fg)
                0x00004a88                SwiP_or
 .text.SwiP_restore
                0x00004a8c        0x4 C:/ti/simplelink_cc13x2_sdk_2_30_00_45/kernel/tirtos/packages/ti/dpl/lib\dpl_cc13x2_v1.am4fg(SwiP_tirtos.om4fg)
                0x00004a8c                SwiP_restore
 .text.PowerCC26XX_standbyPolicy
                0x00004a90       0xb8 C:/ti/simplelink_cc13x2_sdk_2_30_00_45/kernel/tirtos/packages/ti/dpl/lib\dpl_cc13x2_v1.am4fg(PowerCC26X2_tirtos.om4fg)
                0x00004a90                PowerCC26XX_standbyPolicy
 .text.PowerCC26XX_schedulerDisable
                0x00004b48       0x24 C:/ti/simplelink_cc13x2_sdk_2_30_00_45/kernel/tirtos/packages/ti/dpl/lib\dpl_cc13x2_v1.am4fg(PowerCC26X2_tirtos.om4fg)
                0x00004b48                PowerCC26XX_schedulerDisable
 .text.PowerCC26XX_schedulerRestore
                0x00004b6c       0x28 C:/ti/simplelink_cc13x2_sdk_2_30_00_45/kernel/tirtos/packages/ti/dpl/lib\dpl_cc13x2_v1.am4fg(PowerCC26X2_tirtos.om4fg)
                0x00004b6c                PowerCC26XX_schedulerRestore
 .text.xdc_runtime_Startup_getState__I
                0x00004b94       0x7c C:\projects\cc1352p\tirtos_builds_CC1352P1_LAUNCHXL_release_gcc\Debug\configPkg\package\cfg\release_pm4fg.om4fg
                0x00004b94                xdc_runtime_Startup_getState(int0_t)
 .text.xdc_runtime_Startup_exec__I
                0x00004c10       0x18 C:\projects\cc1352p\tirtos_builds_CC1352P1_LAUNCHXL_release_gcc\Debug\configPkg\package\cfg\release_pm4fg.om4fg
                0x00004c10                xdc_runtime_Startup_exec(int0_t)
 .text.xdc_runtime_System_SupportProxy_abort__E
                0x00004c28        0x4 C:\projects\cc1352p\tirtos_builds_CC1352P1_LAUNCHXL_release_gcc\Debug\configPkg\package\cfg\release_pm4fg.om4fg
                0x00004c28                xdc_runtime_System_SupportProxy_abort__E
 .text.xdc_runtime_System_SupportProxy_exit__E
                0x00004c2c        0x4 C:\projects\cc1352p\tirtos_builds_CC1352P1_LAUNCHXL_release_gcc\Debug\configPkg\package\cfg\release_pm4fg.om4fg
                0x00004c2c                xdc_runtime_System_SupportProxy_exit__E
 .text.xdc_runtime_System_SupportProxy_flush__E
                0x00004c30        0x4 C:\projects\cc1352p\tirtos_builds_CC1352P1_LAUNCHXL_release_gcc\Debug\configPkg\package\cfg\release_pm4fg.om4fg
                0x00004c30                xdc_runtime_System_SupportProxy_flush__E
 .text.xdc_runtime_System_SupportProxy_putch__E
                0x00004c34        0x4 C:\projects\cc1352p\tirtos_builds_CC1352P1_LAUNCHXL_release_gcc\Debug\configPkg\package\cfg\release_pm4fg.om4fg
                0x00004c34                xdc_runtime_System_SupportProxy_putch__E
 .text.xdc_runtime_System_SupportProxy_ready__E
                0x00004c38        0x4 C:\projects\cc1352p\tirtos_builds_CC1352P1_LAUNCHXL_release_gcc\Debug\configPkg\package\cfg\release_pm4fg.om4fg
                0x00004c38                xdc_runtime_System_SupportProxy_ready__E
 .text.ti_sysbios_knl_Clock_doTick__I
                0x00004c3c       0x18 C:\projects\cc1352p\tirtos_builds_CC1352P1_LAUNCHXL_release_gcc\Debug\configPkg\package\cfg\release_pm4fg.om4fg
                0x00004c3c                ti_sysbios_knl_Clock_doTick(int0_t)
 .text.ti_sysbios_BIOS_startFunc__I
                0x00004c54       0x2c C:\projects\cc1352p\tirtos_builds_CC1352P1_LAUNCHXL_release_gcc\Debug\configPkg\package\cfg\release_pm4fg.om4fg
                0x00004c54                ti_sysbios_BIOS_startFunc(int0_t)
 .text.ti_sysbios_BIOS_atExitFunc__I
                0x00004c80       0x14 C:\projects\cc1352p\tirtos_builds_CC1352P1_LAUNCHXL_release_gcc\Debug\configPkg\package\cfg\release_pm4fg.om4fg
                0x00004c80                ti_sysbios_BIOS_atExitFunc(int0_t)
 .text.ti_sysbios_BIOS_errorRaiseHook__I
                0x00004c94       0x18 C:\projects\cc1352p\tirtos_builds_CC1352P1_LAUNCHXL_release_gcc\Debug\configPkg\package\cfg\release_pm4fg.om4fg
                0x00004c94                ti_sysbios_BIOS_errorRaiseHook(int0_t)
 .text.ti_sysbios_BIOS_exitFunc__I
                0x00004cac       0x14 C:\projects\cc1352p\tirtos_builds_CC1352P1_LAUNCHXL_release_gcc\Debug\configPkg\package\cfg\release_pm4fg.om4fg
                0x00004cac                ti_sysbios_BIOS_exitFunc(int0_t)
 .text.ti_sysbios_rts_gnu_MemAlloc_alloc
                0x00004cc0       0x30 C:\projects\cc1352p\tirtos_builds_CC1352P1_LAUNCHXL_release_gcc\Debug\configPkg\package\cfg\release_pm4fg.om4fg
 .text.xdc_runtime_System_SupportProxy_Module__startupDone__S
                0x00004cf0        0x4 C:\projects\cc1352p\tirtos_builds_CC1352P1_LAUNCHXL_release_gcc\Debug\configPkg\package\cfg\release_pm4fg.om4fg
                0x00004cf0                xdc_runtime_System_SupportProxy_Module__startupDone(void) static
 .text.xdc_runtime_Startup_reset__I
                0x00004cf4       0x78 C:\projects\cc1352p\tirtos_builds_CC1352P1_LAUNCHXL_release_gcc\Debug\configPkg\package\cfg\release_pm4fg.om4fg
                0x00004cf4                xdc_runtime_Startup_reset(int0_t)
 .text.malloc   0x00004d6c        0x4 C:\projects\cc1352p\tirtos_builds_CC1352P1_LAUNCHXL_release_gcc\Debug\configPkg\package\cfg\release_pm4fg.om4fg
                0x00004d6c                malloc
 .text.ti_sysbios_knl_Clock_getTicksUntilInterrupt__E
                0x00004d70       0x2c C:\projects\cc1352p\tirtos_builds_CC1352P1_LAUNCHXL_release_gcc\src\sysbios\rom_sysbios.am4fg(knl_Clock.o)
                0x00004d70                ti_sysbios_knl_Clock_getTicksUntilInterrupt__E
 .text.ti_sysbios_knl_Clock_workFuncDynamic__E
                0x00004d9c       0x9c C:\projects\cc1352p\tirtos_builds_CC1352P1_LAUNCHXL_release_gcc\src\sysbios\rom_sysbios.am4fg(knl_Clock.o)
                0x00004d9c                ti_sysbios_knl_Clock_workFuncDynamic__E
 .text.ti_sysbios_knl_Clock_getTimeout__E
                0x00004e38       0x2e C:\projects\cc1352p\tirtos_builds_CC1352P1_LAUNCHXL_release_gcc\src\sysbios\rom_sysbios.am4fg(knl_Clock.o)
                0x00004e38                ti_sysbios_knl_Clock_getTimeout__E
 .text.ti_sysbios_knl_Clock_isActive__E
                0x00004e66        0x4 C:\projects\cc1352p\tirtos_builds_CC1352P1_LAUNCHXL_release_gcc\src\sysbios\rom_sysbios.am4fg(knl_Clock.o)
                0x00004e66                ti_sysbios_knl_Clock_isActive__E
 *fill*         0x00004e6a        0x2 
 .text.ti_sysbios_knl_Swi_getTrigger__E
                0x00004e6c        0xc C:\projects\cc1352p\tirtos_builds_CC1352P1_LAUNCHXL_release_gcc\src\sysbios\rom_sysbios.am4fg(knl_Swi.o)
                0x00004e6c                ti_sysbios_knl_Swi_getTrigger__E
 .text.ti_sysbios_knl_Swi_construct2__E
                0x00004e78       0x1c C:\projects\cc1352p\tirtos_builds_CC1352P1_LAUNCHXL_release_gcc\src\sysbios\rom_sysbios.am4fg(knl_Swi.o)
                0x00004e78                ti_sysbios_knl_Swi_construct2__E
 .text.ti_sysbios_knl_Swi_or__E
                0x00004e94       0x1e C:\projects\cc1352p\tirtos_builds_CC1352P1_LAUNCHXL_release_gcc\src\sysbios\rom_sysbios.am4fg(knl_Swi.o)
                0x00004e94                ti_sysbios_knl_Swi_or__E
 *fill*         0x00004eb2        0x2 
 .text.ti_sysbios_family_arm_m3_Hwi_construct2__E
                0x00004eb4       0x44 C:\projects\cc1352p\tirtos_builds_CC1352P1_LAUNCHXL_release_gcc\src\sysbios\rom_sysbios.am4fg(m3_Hwi.o)
                0x00004eb4                ti_sysbios_family_arm_m3_Hwi_construct2__E
 .text.ti_sysbios_family_arm_m3_Hwi_setFunc__E
                0x00004ef8        0x6 C:\projects\cc1352p\tirtos_builds_CC1352P1_LAUNCHXL_release_gcc\src\sysbios\rom_sysbios.am4fg(m3_Hwi.o)
                0x00004ef8                ti_sysbios_family_arm_m3_Hwi_setFunc__E
 *fill*         0x00004efe        0x2 
 .text.ti_sysbios_family_arm_m3_Hwi_post__E
                0x00004f00       0x14 C:\projects\cc1352p\tirtos_builds_CC1352P1_LAUNCHXL_release_gcc\src\sysbios\rom_sysbios.am4fg(m3_Hwi.o)
                0x00004f00                ti_sysbios_family_arm_m3_Hwi_post__E
 .text.ti_sysbios_family_arm_cc26xx_Boot_trimDevice
                0x00004f14        0x4 C:\projects\cc1352p\tirtos_builds_CC1352P1_LAUNCHXL_release_gcc\src\sysbios\rom_sysbios.am4fg(cc26xx_Boot.o)
                0x00004f14                ti_sysbios_family_arm_cc26xx_Boot_trimDevice
 .text.ti_sysbios_family_arm_cc26xx_Timer_getMaxTicks__E
                0x00004f18       0x22 C:\projects\cc1352p\tirtos_builds_CC1352P1_LAUNCHXL_release_gcc\src\sysbios\rom_sysbios.am4fg(cc26xx_Timer.o)
                0x00004f18                ti_sysbios_family_arm_cc26xx_Timer_getMaxTicks__E
 *fill*         0x00004f3a        0x2 
 .text.ti_sysbios_family_arm_cc26xx_Timer_setThreshold__I
                0x00004f3c       0x40 C:\projects\cc1352p\tirtos_builds_CC1352P1_LAUNCHXL_release_gcc\src\sysbios\rom_sysbios.am4fg(cc26xx_Timer.o)
                0x00004f3c                ti_sysbios_family_arm_cc26xx_Timer_setThreshold(int0_t)
 .text.ti_sysbios_family_arm_cc26xx_Timer_setNextTick__E
                0x00004f7c       0x30 C:\projects\cc1352p\tirtos_builds_CC1352P1_LAUNCHXL_release_gcc\src\sysbios\rom_sysbios.am4fg(cc26xx_Timer.o)
                0x00004f7c                ti_sysbios_family_arm_cc26xx_Timer_setNextTick__E
 .text.ti_sysbios_family_arm_cc26xx_Timer_start__E
                0x00004fac       0x9c C:\projects\cc1352p\tirtos_builds_CC1352P1_LAUNCHXL_release_gcc\src\sysbios\rom_sysbios.am4fg(cc26xx_Timer.o)
                0x00004fac                ti_sysbios_family_arm_cc26xx_Timer_start__E
 .text.ti_sysbios_family_arm_cc26xx_Timer_getCount64__E
                0x00005048        0xc C:\projects\cc1352p\tirtos_builds_CC1352P1_LAUNCHXL_release_gcc\src\sysbios\rom_sysbios.am4fg(cc26xx_Timer.o)
                0x00005048                ti_sysbios_family_arm_cc26xx_Timer_getCount64__E
 .text.ti_sysbios_family_arm_cc26xx_Timer_dynamicStub__E
                0x00005054       0x18 C:\projects\cc1352p\tirtos_builds_CC1352P1_LAUNCHXL_release_gcc\src\sysbios\rom_sysbios.am4fg(cc26xx_Timer.o)
                0x00005054                ti_sysbios_family_arm_cc26xx_Timer_dynamicStub__E
 .text.ti_sysbios_family_arm_cc26xx_Timer_getCurrentTick__E
                0x0000506c       0x2a C:\projects\cc1352p\tirtos_builds_CC1352P1_LAUNCHXL_release_gcc\src\sysbios\rom_sysbios.am4fg(cc26xx_Timer.o)
                0x0000506c                ti_sysbios_family_arm_cc26xx_Timer_getCurrentTick__E
 *fill*         0x00005096        0x2 
 .text.ti_sysbios_family_arm_cc26xx_Timer_initDevice__I
                0x00005098       0x3c C:\projects\cc1352p\tirtos_builds_CC1352P1_LAUNCHXL_release_gcc\src\sysbios\rom_sysbios.am4fg(cc26xx_Timer.o)
                0x00005098                ti_sysbios_family_arm_cc26xx_Timer_initDevice(int0_t)
 .text.ti_sysbios_family_arm_cc26xx_TimestampProvider_get32__E
                0x000050d4       0x18 C:\projects\cc1352p\tirtos_builds_CC1352P1_LAUNCHXL_release_gcc\src\sysbios\rom_sysbios.am4fg(cc26xx_TimestampProvider.o)
                0x000050d4                ti_sysbios_family_arm_cc26xx_TimestampProvider_get32__E
 .text.ti_sysbios_heaps_HeapMem_initPrimary__I
                0x000050ec       0x60 C:\projects\cc1352p\tirtos_builds_CC1352P1_LAUNCHXL_release_gcc\src\sysbios\rom_sysbios.am4fg(heaps_HeapMem.o)
                0x000050ec                ti_sysbios_heaps_HeapMem_initPrimary(int0_t)
 .text.ti_sysbios_rts_gnu_ReentSupport_Module_startup__E
                0x0000514c       0x22 C:\projects\cc1352p\tirtos_builds_CC1352P1_LAUNCHXL_release_gcc\src\sysbios\rom_sysbios.am4fg(gnu_ReentSupport.o)
                0x0000514c                ti_sysbios_rts_gnu_ReentSupport_Module_startup__E
 *fill*         0x0000516e        0x2 
 .text.xdc_runtime_Error_init__E
                0x00005170       0x18 C:\projects\cc1352p\tirtos_builds_CC1352P1_LAUNCHXL_release_gcc\src\sysbios\rom_sysbios.am4fg(runtime_Error.o)
                0x00005170                xdc_runtime_Error_init__E
 .text.xdc_runtime_Error_policyMin__E
                0x00005188       0x20 C:\projects\cc1352p\tirtos_builds_CC1352P1_LAUNCHXL_release_gcc\src\sysbios\rom_sysbios.am4fg(runtime_Error.o)
                0x00005188                xdc_runtime_Error_policyMin__E
 .text.xdc_runtime_SysCallback_putch__E
                0x000051a8        0xc C:\projects\cc1352p\tirtos_builds_CC1352P1_LAUNCHXL_release_gcc\src\sysbios\rom_sysbios.am4fg(runtime_SysCallback.o)
                0x000051a8                xdc_runtime_SysCallback_putch__E
 .text.xdc_runtime_SysCallback_flush__E
                0x000051b4        0xc C:\projects\cc1352p\tirtos_builds_CC1352P1_LAUNCHXL_release_gcc\src\sysbios\rom_sysbios.am4fg(runtime_SysCallback.o)
                0x000051b4                xdc_runtime_SysCallback_flush__E
 .text.xdc_runtime_SysCallback_ready__E
                0x000051c0        0xc C:\projects\cc1352p\tirtos_builds_CC1352P1_LAUNCHXL_release_gcc\src\sysbios\rom_sysbios.am4fg(runtime_SysCallback.o)
                0x000051c0                xdc_runtime_SysCallback_ready__E
 .text.xdc_runtime_SysCallback_defaultReady
                0x000051cc        0x4 C:\projects\cc1352p\tirtos_builds_CC1352P1_LAUNCHXL_release_gcc\src\sysbios\rom_sysbios.am4fg(runtime_SysCallback.o)
                0x000051cc                xdc_runtime_SysCallback_defaultReady
 .text.xdc_runtime_SysCallback_defaultFlush
                0x000051d0        0x2 C:\projects\cc1352p\tirtos_builds_CC1352P1_LAUNCHXL_release_gcc\src\sysbios\rom_sysbios.am4fg(runtime_SysCallback.o)
                0x000051d0                xdc_runtime_SysCallback_defaultFlush
 .text.xdc_runtime_SysCallback_defaultAbort
                0x000051d2        0x2 C:\projects\cc1352p\tirtos_builds_CC1352P1_LAUNCHXL_release_gcc\src\sysbios\rom_sysbios.am4fg(runtime_SysCallback.o)
                0x000051d2                xdc_runtime_SysCallback_defaultAbort
 .text.xdc_runtime_SysCallback_defaultExit
                0x000051d4        0x2 C:\projects\cc1352p\tirtos_builds_CC1352P1_LAUNCHXL_release_gcc\src\sysbios\rom_sysbios.am4fg(runtime_SysCallback.o)
                0x000051d4                xdc_runtime_SysCallback_defaultExit
 .text.xdc_runtime_SysCallback_defaultPutch
                0x000051d6        0x2 C:\projects\cc1352p\tirtos_builds_CC1352P1_LAUNCHXL_release_gcc\src\sysbios\rom_sysbios.am4fg(runtime_SysCallback.o)
                0x000051d6                xdc_runtime_SysCallback_defaultPutch
 .text._pthread_delete
                0x000051d8       0x2c C:\projects\cc1352p\tirtos_builds_CC1352P1_LAUNCHXL_release_gcc\src\sysbios\rom_sysbios.am4fg(tirtos_pthread.o)
 .text._pthread_cleanupFxn
                0x00005204       0x28 C:\projects\cc1352p\tirtos_builds_CC1352P1_LAUNCHXL_release_gcc\src\sysbios\rom_sysbios.am4fg(tirtos_pthread.o)
                0x00005204                _pthread_cleanupFxn
 .text.startupC
                0x0000522c       0x98 C:\ti\simplelink_cc13x2_sdk_2_30_00_45\kernel\tirtos\packages\gnu\targets\arm\rtsv7M\lib\boot.am4fg(startup.om4fg)
                0x0000522c                startupC
 .text._fini    0x000052c4        0x4 C:\ti\simplelink_cc13x2_sdk_2_30_00_45\kernel\tirtos\packages\gnu\targets\arm\rtsv7M\lib\boot.am4fg(startup.om4fg)
                0x000052c4                _fini
 .text._exit    0x000052c8        0x4 C:\ti\simplelink_cc13x2_sdk_2_30_00_45\kernel\tirtos\packages\gnu\targets\arm\rtsv7M\lib\syscalls.am4fg(syscalls.om4fg)
                0x000052c8                _exit
                0x000052c8                C$$EXIT
 .text.NOROM_ChipInfo_GetPackageType
                0x000052cc       0x18 C:/ti/simplelink_cc13x2_sdk_2_30_00_45/source/ti/devices/cc13x2_cc26x2_v1/driverlib/bin/gcc\driverlib.lib(chipinfo.o)
                0x000052cc                NOROM_ChipInfo_GetPackageType
 .text.NOROM_ChipInfo_GetChipFamily
                0x000052e4       0x1c C:/ti/simplelink_cc13x2_sdk_2_30_00_45/source/ti/devices/cc13x2_cc26x2_v1/driverlib/bin/gcc\driverlib.lib(chipinfo.o)
                0x000052e4                NOROM_ChipInfo_GetChipFamily
 .text.NOROM_ChipInfo_GetChipType
                0x00005300       0x50 C:/ti/simplelink_cc13x2_sdk_2_30_00_45/source/ti/devices/cc13x2_cc26x2_v1/driverlib/bin/gcc\driverlib.lib(chipinfo.o)
                0x00005300                NOROM_ChipInfo_GetChipType
 .text.NOROM_ChipInfo_GetHwRevision
                0x00005350       0x44 C:/ti/simplelink_cc13x2_sdk_2_30_00_45/source/ti/devices/cc13x2_cc26x2_v1/driverlib/bin/gcc\driverlib.lib(chipinfo.o)
                0x00005350                NOROM_ChipInfo_GetHwRevision
 .text.NOROM_ThisLibraryIsFor_CC13x2_CC26x2_HwRev1x_HaltIfViolated
                0x00005394       0x16 C:/ti/simplelink_cc13x2_sdk_2_30_00_45/source/ti/devices/cc13x2_cc26x2_v1/driverlib/bin/gcc\driverlib.lib(chipinfo.o)
                0x00005394                NOROM_ThisLibraryIsFor_CC13x2_CC26x2_HwRev1x_HaltIfViolated
 .text.NOROM_CPUcpsid
                0x000053aa        0x8 C:/ti/simplelink_cc13x2_sdk_2_30_00_45/source/ti/devices/cc13x2_cc26x2_v1/driverlib/bin/gcc\driverlib.lib(cpu.o)
                0x000053aa                NOROM_CPUcpsid
 .text.NOROM_CPUcpsie
                0x000053b2        0x8 C:/ti/simplelink_cc13x2_sdk_2_30_00_45/source/ti/devices/cc13x2_cc26x2_v1/driverlib/bin/gcc\driverlib.lib(cpu.o)
                0x000053b2                NOROM_CPUcpsie
 .text.NOROM_CPUdelay
                0x000053ba        0x6 C:/ti/simplelink_cc13x2_sdk_2_30_00_45/source/ti/devices/cc13x2_cc26x2_v1/driverlib/bin/gcc\driverlib.lib(cpu.o)
                0x000053ba                NOROM_CPUdelay
 .text.OSCHfSourceSwitch
                0x000053c0       0x34 C:/ti/simplelink_cc13x2_sdk_2_30_00_45/source/ti/devices/cc13x2_cc26x2_v1/driverlib/bin/gcc\driverlib.lib(osc.o)
 .text.NOROM_OSCHF_TurnOnXosc
                0x000053f4       0x24 C:/ti/simplelink_cc13x2_sdk_2_30_00_45/source/ti/devices/cc13x2_cc26x2_v1/driverlib/bin/gcc\driverlib.lib(osc.o)
                0x000053f4                NOROM_OSCHF_TurnOnXosc
 .text.NOROM_OSCHF_AttemptToSwitchToXosc
                0x00005418       0x64 C:/ti/simplelink_cc13x2_sdk_2_30_00_45/source/ti/devices/cc13x2_cc26x2_v1/driverlib/bin/gcc\driverlib.lib(osc.o)
                0x00005418                NOROM_OSCHF_AttemptToSwitchToXosc
 .text.NOROM_OSCHF_SwitchToRcOscTurnOffXosc
                0x0000547c       0x40 C:/ti/simplelink_cc13x2_sdk_2_30_00_45/source/ti/devices/cc13x2_cc26x2_v1/driverlib/bin/gcc\driverlib.lib(osc.o)
                0x0000547c                NOROM_OSCHF_SwitchToRcOscTurnOffXosc
 .text.NOROM_RFCCpeIntGetAndClear
                0x000054bc       0x10 C:/ti/simplelink_cc13x2_sdk_2_30_00_45/source/ti/devices/cc13x2_cc26x2_v1/driverlib/bin/gcc\driverlib.lib(rfc.o)
                0x000054bc                NOROM_RFCCpeIntGetAndClear
 .text.NOROM_RFCDoorbellSendTo
                0x000054cc       0x28 C:/ti/simplelink_cc13x2_sdk_2_30_00_45/source/ti/devices/cc13x2_cc26x2_v1/driverlib/bin/gcc\driverlib.lib(rfc.o)
                0x000054cc                NOROM_RFCDoorbellSendTo
 .text.NOROM_RFCSynthPowerDown
                0x000054f4       0x58 C:/ti/simplelink_cc13x2_sdk_2_30_00_45/source/ti/devices/cc13x2_cc26x2_v1/driverlib/bin/gcc\driverlib.lib(rfc.o)
                0x000054f4                NOROM_RFCSynthPowerDown
 .text.NOROM_RFCCpePatchReset
                0x0000554c        0x2 C:/ti/simplelink_cc13x2_sdk_2_30_00_45/source/ti/devices/cc13x2_cc26x2_v1/driverlib/bin/gcc\driverlib.lib(rfc.o)
                0x0000554c                NOROM_RFCCpePatchReset
 .text.NOROM_RFCOverrideSearch
                0x0000554e       0x26 C:/ti/simplelink_cc13x2_sdk_2_30_00_45/source/ti/devices/cc13x2_cc26x2_v1/driverlib/bin/gcc\driverlib.lib(rfc.o)
                0x0000554e                NOROM_RFCOverrideSearch
 .text.NOROM_RFCAnaDivTxOverride
                0x00005574       0x40 C:/ti/simplelink_cc13x2_sdk_2_30_00_45/source/ti/devices/cc13x2_cc26x2_v1/driverlib/bin/gcc\driverlib.lib(rfc.o)
                0x00005574                NOROM_RFCAnaDivTxOverride
 .text.NOROM_RFCOverrideUpdate
                0x000055b4        0x4 C:/ti/simplelink_cc13x2_sdk_2_30_00_45/source/ti/devices/cc13x2_cc26x2_v1/driverlib/bin/gcc\driverlib.lib(rfc.o)
                0x000055b4                NOROM_RFCOverrideUpdate
 .text.NOROM_RFCHwIntGetAndClear
                0x000055b8       0x10 C:/ti/simplelink_cc13x2_sdk_2_30_00_45/source/ti/devices/cc13x2_cc26x2_v1/driverlib/bin/gcc\driverlib.lib(rfc.o)
                0x000055b8                NOROM_RFCHwIntGetAndClear
 .text.TrimAfterColdResetWakeupFromShutDown
                0x000055c8      0x1c8 C:/ti/simplelink_cc13x2_sdk_2_30_00_45/source/ti/devices/cc13x2_cc26x2_v1/driverlib/bin/gcc\driverlib.lib(setup.o)
 .text.NOROM_SetupTrimDevice
                0x00005790       0x98 C:/ti/simplelink_cc13x2_sdk_2_30_00_45/source/ti/devices/cc13x2_cc26x2_v1/driverlib/bin/gcc\driverlib.lib(setup.o)
                0x00005790                NOROM_SetupTrimDevice
 .text.NOROM_SetupStepVddrTrimTo
                0x00005828       0x80 C:/ti/simplelink_cc13x2_sdk_2_30_00_45/source/ti/devices/cc13x2_cc26x2_v1/driverlib/bin/gcc\driverlib.lib(setup_rom.o)
                0x00005828                NOROM_SetupStepVddrTrimTo
 .text.NOROM_SetupAfterColdResetWakeupFromShutDownCfg1
                0x000058a8       0x70 C:/ti/simplelink_cc13x2_sdk_2_30_00_45/source/ti/devices/cc13x2_cc26x2_v1/driverlib/bin/gcc\driverlib.lib(setup_rom.o)
                0x000058a8                NOROM_SetupAfterColdResetWakeupFromShutDownCfg1
 .text.NOROM_SysCtrlIdle
                0x00005918       0x38 C:/ti/simplelink_cc13x2_sdk_2_30_00_45/source/ti/devices/cc13x2_cc26x2_v1/driverlib/bin/gcc\driverlib.lib(sys_ctrl.o)
                0x00005918                NOROM_SysCtrlIdle
 .text.NOROM_SysCtrlStandby
                0x00005950      0x12c C:/ti/simplelink_cc13x2_sdk_2_30_00_45/source/ti/devices/cc13x2_cc26x2_v1/driverlib/bin/gcc\driverlib.lib(sys_ctrl.o)
                0x00005950                NOROM_SysCtrlStandby
 .text.NOROM_AUXSYSIFOpModeChange
                0x00005a7c       0x3c C:/ti/simplelink_cc13x2_sdk_2_30_00_45/source/ti/devices/cc13x2_cc26x2_v1/driverlib/bin/gcc\driverlib.lib(aux_sysif.o)
                0x00005a7c                NOROM_AUXSYSIFOpModeChange
 .text.__getreent
                0x00005ab8        0xc C:/ti/simplelink_cc13x2_sdk_2_30_00_45/kernel/tirtos/packages/gnu/targets/arm/libs/install-native/arm-none-eabi/lib/thumb/v7e-m/fpv4-sp/hard\libc_nano.a(lib_a-getreent.o)
                0x00005ab8                __getreent
 .text.memcpy   0x00005ac4       0x16 C:/ti/simplelink_cc13x2_sdk_2_30_00_45/kernel/tirtos/packages/gnu/targets/arm/libs/install-native/arm-none-eabi/lib/thumb/v7e-m/fpv4-sp/hard\libc_nano.a(lib_a-memcpy-stub.o)
                0x00005ac4                memcpy
 .text.memset   0x00005ada       0x10 C:/ti/simplelink_cc13x2_sdk_2_30_00_45/kernel/tirtos/packages/gnu/targets/arm/libs/install-native/arm-none-eabi/lib/thumb/v7e-m/fpv4-sp/hard\libc_nano.a(lib_a-memset.o)
                0x00005ada                memset
 *fill*         0x00005aea        0x2 
 .text.rand     0x00005aec       0x68 C:/ti/simplelink_cc13x2_sdk_2_30_00_45/kernel/tirtos/packages/gnu/targets/arm/libs/install-native/arm-none-eabi/lib/thumb/v7e-m/fpv4-sp/hard\libc_nano.a(lib_a-rand.o)
                0x00005aec                rand
 *fill*         0x00005b54        0x4 
 .text.rand.__stub
                0x00005b58      0x1b0 linker stubs
                0x00005d08                . = ALIGN (0x4)
 *(.ctors)
                0x00005d08                . = ALIGN (0x4)
 *(.dtors)
                0x00005d08                . = ALIGN (0x4)
                0x00005d08                __init_array_start = .
 *(.init_array*)
                0x00005d08                __init_array_end = .
 *(.init)
 *(.fini*)
                [!provide]                PROVIDE (__etext, .)
                [!provide]                PROVIDE (_etext, .)
                [!provide]                PROVIDE (etext, .)

.glue_7         0x00005d08        0x0
 .glue_7        0x00005d08        0x0 linker stubs

.glue_7t        0x00005d08        0x0
 .glue_7t       0x00005d08        0x0 linker stubs

.vfp11_veneer   0x00005d08        0x0
 .vfp11_veneer  0x00005d08        0x0 linker stubs

.v4_bx          0x00005d08        0x0
 .v4_bx         0x00005d08        0x0 linker stubs

.iplt           0x00005d08        0x0
 .iplt          0x00005d08        0x0 ./CC1352P1_LAUNCHXL.o

.c_int00        0x00005d08       0x44
 .c_int00       0x00005d08       0x44 C:\ti\simplelink_cc13x2_sdk_2_30_00_45\kernel\tirtos\packages\gnu\targets\arm\rtsv7M\lib\boot.am4fg(boot.om4fg)
                0x00005d08                _c_int00
                0x00005d32                _reset_fxns_done_

.rodata         0x00005d4c     0x1344
 *(.rodata)
 .rodata        0x00005d4c       0x2c ./CC1352P1_LAUNCHXL_fxns.o
 *(.rodata.*)
 .rodata.BoardGpioInitTable
                0x00005d78       0x38 ./CC1352P1_LAUNCHXL.o
                0x00005d78                BoardGpioInitTable
 .rodata.PINCC26XX_hwAttrs
                0x00005db0        0x8 ./CC1352P1_LAUNCHXL.o
                0x00005db0                PINCC26XX_hwAttrs
 .rodata.PowerCC26X2_config
                0x00005db8       0x10 ./CC1352P1_LAUNCHXL.o
                0x00005db8                PowerCC26X2_config
 .rodata.RFCC26XX_hwAttrs
                0x00005dc8        0xc ./CC1352P1_LAUNCHXL.o
                0x00005dc8                RFCC26XX_hwAttrs
 .rodata.main.str1.4
                0x00005dd4       0x12 ./rfEasyLinkRx.o
 *fill*         0x00005de6        0x2 
 .rodata.rfEasyLinkRxFnx.str1.4
                0x00005de8       0x57 ./rfEasyLinkRx.o
 *fill*         0x00005e3f        0x1 
 .rodata.EasyLink_defaultParams
                0x00005e40       0x10 ./easylink/EasyLink.o
 .rodata.patchGenfskRfe
                0x00005e50      0x800 ./smartrf_settings/smartrf_settings.o
 .rodata.patchImageProp
                0x00006650      0x550 ./smartrf_settings/smartrf_settings.o
 .rodata.patchSimplelinkLrmMce
                0x00006ba0      0x390 ./smartrf_settings/smartrf_settings.o
 .rodata.RF_defaultParams
                0x00006f30       0x1c C:/ti/simplelink_cc13x2_sdk_2_30_00_45/source/ti/drivers/rf/lib\rf_multiMode_cc13x2_v1.am4fg(RFCC26X2_multiMode.om4fg)
 .rodata.resourceDB
                0x00006f4c       0x54 C:/ti/simplelink_cc13x2_sdk_2_30_00_45/source/ti/drivers/lib\drivers_cc13x2_v1.am4fg(PowerCC26X2.om4fg)
                0x00006f4c                resourceDB
 .rodata.str1.4
                0x00006fa0       0x48 C:\projects\cc1352p\tirtos_builds_CC1352P1_LAUNCHXL_release_gcc\Debug\configPkg\package\cfg\release_pm4fg.om4fg
 .rodata.CSWTCH.11
                0x00006fe8       0x3e C:/ti/simplelink_cc13x2_sdk_2_30_00_45/source/ti/devices/cc13x2_cc26x2_v1/driverlib/bin/gcc\driverlib.lib(rfc.o)
 .rodata.g_Order_to_OpMode
                0x00007026        0x4 C:/ti/simplelink_cc13x2_sdk_2_30_00_45/source/ti/devices/cc13x2_cc26x2_v1/driverlib/bin/gcc\driverlib.lib(aux_sysif.o)
 .rodata.g_OpMode_to_order
                0x0000702a        0x4 C:/ti/simplelink_cc13x2_sdk_2_30_00_45/source/ti/devices/cc13x2_cc26x2_v1/driverlib/bin/gcc\driverlib.lib(aux_sysif.o)
 *fill*         0x0000702e        0x2 
 .rodata.__sf_fake_stderr
                0x00007030       0x20 C:/ti/simplelink_cc13x2_sdk_2_30_00_45/kernel/tirtos/packages/gnu/targets/arm/libs/install-native/arm-none-eabi/lib/thumb/v7e-m/fpv4-sp/hard\libc_nano.a(lib_a-findfp.o)
                0x00007030                __sf_fake_stderr
 .rodata.__sf_fake_stdin
                0x00007050       0x20 C:/ti/simplelink_cc13x2_sdk_2_30_00_45/kernel/tirtos/packages/gnu/targets/arm/libs/install-native/arm-none-eabi/lib/thumb/v7e-m/fpv4-sp/hard\libc_nano.a(lib_a-findfp.o)
                0x00007050                __sf_fake_stdin
 .rodata.__sf_fake_stdout
                0x00007070       0x20 C:/ti/simplelink_cc13x2_sdk_2_30_00_45/kernel/tirtos/packages/gnu/targets/arm/libs/install-native/arm-none-eabi/lib/thumb/v7e-m/fpv4-sp/hard\libc_nano.a(lib_a-findfp.o)
                0x00007070                __sf_fake_stdout

.const_ROM_externFuncPtrs
                0x00007090       0x44
 .const_ROM_externFuncPtrs
                0x00007090       0x44 C:\projects\cc1352p\tirtos_builds_CC1352P1_LAUNCHXL_release_gcc\Debug\configPkg\package\cfg\release_pm4fg.om4fg
                0x00007090                ROM_externFuncPtrs

.data           0x20000110      0x4a8 load address 0x000070d4
                0x000070d4                __data_load__ = LOADADDR (.data)
                0x20000110                __data_start__ = .
 *(.data)
 *(.data.*)
 .data.pinTable
                0x20000110        0xc ./rfEasyLinkRx.o
                0x20000110                pinTable
 .data.addrFilterTable
                0x2000011c       0x18 ./easylink/EasyLink.o
 .data.addrSize
                0x20000134        0x1 ./easylink/EasyLink.o
 *fill*         0x20000135        0x1 
 .data.asyncCmdHndl
                0x20000136        0x2 ./easylink/EasyLink.o
 .data.inactivityTimeout
                0x20000138        0x4 ./easylink/EasyLink.o
 .data.RF_cmdFs
                0x2000013c       0x18 ./smartrf_settings/smartrf_settings.o
                0x2000013c                RF_cmdFs
 .data.RF_cmdPropRadioDivSetup
                0x20000154       0x30 ./smartrf_settings/smartrf_settings.o
                0x20000154                RF_cmdPropRadioDivSetup
 .data.RF_cmdPropTx
                0x20000184       0x18 ./smartrf_settings/smartrf_settings.o
                0x20000184                RF_cmdPropTx
 .data.RF_prop  0x2000019c       0x10 ./smartrf_settings/smartrf_settings.o
                0x2000019c                RF_prop
 .data.pOverrides
                0x200001ac       0x74 ./smartrf_settings/smartrf_settings.o
                0x200001ac                pOverrides
 .data.pOverridesTx20
                0x20000220       0x10 ./smartrf_settings/smartrf_settings.o
                0x20000220                pOverridesTx20
 .data.pOverridesTxStd
                0x20000230       0x10 ./smartrf_settings/smartrf_settings.o
                0x20000230                pOverridesTxStd
 .data.PowerCC26X2_module
                0x20000240       0xc8 C:/ti/simplelink_cc13x2_sdk_2_30_00_45/source/ti/drivers/lib\drivers_cc13x2_v1.am4fg(PowerCC26X2.om4fg)
                0x20000240                PowerCC26X2_module
 .data.ti_sysbios_family_arm_cc26xx_Timer_Object__table__V
                0x20000308       0x48 C:\projects\cc1352p\tirtos_builds_CC1352P1_LAUNCHXL_release_gcc\Debug\configPkg\package\cfg\release_pm4fg.om4fg
                0x20000308                ti_sysbios_family_arm_cc26xx_Timer_Object__table(void) volatile
 .data.ti_sysbios_family_arm_m3_Hwi_Module__root__V
                0x20000350        0x8 C:\projects\cc1352p\tirtos_builds_CC1352P1_LAUNCHXL_release_gcc\Debug\configPkg\package\cfg\release_pm4fg.om4fg
                0x20000350                ti_sysbios_family_arm_m3_Hwi_Module__root(void) volatile
 .data.ti_sysbios_family_arm_m3_Hwi_Object__table__V
                0x20000358       0x18 C:\projects\cc1352p\tirtos_builds_CC1352P1_LAUNCHXL_release_gcc\Debug\configPkg\package\cfg\release_pm4fg.om4fg
                0x20000358                ti_sysbios_family_arm_m3_Hwi_Object__table(void) volatile
 .data.ti_sysbios_gates_GateHwi_Module__root__V
                0x20000370        0x8 C:\projects\cc1352p\tirtos_builds_CC1352P1_LAUNCHXL_release_gcc\Debug\configPkg\package\cfg\release_pm4fg.om4fg
                0x20000370                ti_sysbios_gates_GateHwi_Module__root(void) volatile
 .data.ti_sysbios_gates_GateMutex_Module__root__V
                0x20000378        0x8 C:\projects\cc1352p\tirtos_builds_CC1352P1_LAUNCHXL_release_gcc\Debug\configPkg\package\cfg\release_pm4fg.om4fg
                0x20000378                ti_sysbios_gates_GateMutex_Module__root(void) volatile
 .data.ti_sysbios_gates_GateMutex_Object__table__V
                0x20000380       0x54 C:\projects\cc1352p\tirtos_builds_CC1352P1_LAUNCHXL_release_gcc\Debug\configPkg\package\cfg\release_pm4fg.om4fg
                0x20000380                ti_sysbios_gates_GateMutex_Object__table(void) volatile
 .data.ti_sysbios_hal_Hwi_Module__root__V
                0x200003d4        0x8 C:\projects\cc1352p\tirtos_builds_CC1352P1_LAUNCHXL_release_gcc\Debug\configPkg\package\cfg\release_pm4fg.om4fg
                0x200003d4                ti_sysbios_hal_Hwi_Module__root(void) volatile
 .data.ti_sysbios_heaps_HeapMem_Module__root__V
                0x200003dc        0x8 C:\projects\cc1352p\tirtos_builds_CC1352P1_LAUNCHXL_release_gcc\Debug\configPkg\package\cfg\release_pm4fg.om4fg
                0x200003dc                ti_sysbios_heaps_HeapMem_Module__root(void) volatile
 .data.ti_sysbios_heaps_HeapMem_Object__table__V
                0x200003e4       0x18 C:\projects\cc1352p\tirtos_builds_CC1352P1_LAUNCHXL_release_gcc\Debug\configPkg\package\cfg\release_pm4fg.om4fg
                0x200003e4                ti_sysbios_heaps_HeapMem_Object__table(void) volatile
 .data.ti_sysbios_knl_Clock_Module__root__V
                0x200003fc        0x8 C:\projects\cc1352p\tirtos_builds_CC1352P1_LAUNCHXL_release_gcc\Debug\configPkg\package\cfg\release_pm4fg.om4fg
                0x200003fc                ti_sysbios_knl_Clock_Module__root(void) volatile
 .data.ti_sysbios_knl_Clock_Object__table__V
                0x20000404       0x20 C:\projects\cc1352p\tirtos_builds_CC1352P1_LAUNCHXL_release_gcc\Debug\configPkg\package\cfg\release_pm4fg.om4fg
                0x20000404                ti_sysbios_knl_Clock_Object__table(void) volatile
 .data.ti_sysbios_knl_Event_Module__root__V
                0x20000424        0x8 C:\projects\cc1352p\tirtos_builds_CC1352P1_LAUNCHXL_release_gcc\Debug\configPkg\package\cfg\release_pm4fg.om4fg
                0x20000424                ti_sysbios_knl_Event_Module__root(void) volatile
 .data.ti_sysbios_knl_Mailbox_Module__root__V
                0x2000042c        0x8 C:\projects\cc1352p\tirtos_builds_CC1352P1_LAUNCHXL_release_gcc\Debug\configPkg\package\cfg\release_pm4fg.om4fg
                0x2000042c                ti_sysbios_knl_Mailbox_Module__root(void) volatile
 .data.ti_sysbios_knl_Queue_Module__root__V
                0x20000434        0x8 C:\projects\cc1352p\tirtos_builds_CC1352P1_LAUNCHXL_release_gcc\Debug\configPkg\package\cfg\release_pm4fg.om4fg
                0x20000434                ti_sysbios_knl_Queue_Module__root(void) volatile
 .data.ti_sysbios_knl_Semaphore_Module__root__V
                0x2000043c        0x8 C:\projects\cc1352p\tirtos_builds_CC1352P1_LAUNCHXL_release_gcc\Debug\configPkg\package\cfg\release_pm4fg.om4fg
                0x2000043c                ti_sysbios_knl_Semaphore_Module__root(void) volatile
 .data.ti_sysbios_knl_Swi_Module_State_0_readyQ__A
                0x20000444       0x30 C:\projects\cc1352p\tirtos_builds_CC1352P1_LAUNCHXL_release_gcc\Debug\configPkg\package\cfg\release_pm4fg.om4fg
                0x20000444                ti_sysbios_knl_Swi_Module_State_0_readyQ__A
 .data.ti_sysbios_knl_Swi_Module__root__V
                0x20000474        0x8 C:\projects\cc1352p\tirtos_builds_CC1352P1_LAUNCHXL_release_gcc\Debug\configPkg\package\cfg\release_pm4fg.om4fg
                0x20000474                ti_sysbios_knl_Swi_Module__root(void) volatile
 .data.ti_sysbios_knl_Swi_Object__table__V
                0x2000047c       0x30 C:\projects\cc1352p\tirtos_builds_CC1352P1_LAUNCHXL_release_gcc\Debug\configPkg\package\cfg\release_pm4fg.om4fg
                0x2000047c                ti_sysbios_knl_Swi_Object__table(void) volatile
 .data.ti_sysbios_knl_Task_Module_State_0_idleTask__A
                0x200004ac        0x4 C:\projects\cc1352p\tirtos_builds_CC1352P1_LAUNCHXL_release_gcc\Debug\configPkg\package\cfg\release_pm4fg.om4fg
                0x200004ac                ti_sysbios_knl_Task_Module_State_0_idleTask__A
 .data.ti_sysbios_knl_Task_Module_State_0_readyQ__A
                0x200004b0       0x30 C:\projects\cc1352p\tirtos_builds_CC1352P1_LAUNCHXL_release_gcc\Debug\configPkg\package\cfg\release_pm4fg.om4fg
                0x200004b0                ti_sysbios_knl_Task_Module_State_0_readyQ__A
 .data.ti_sysbios_knl_Task_Module__root__V
                0x200004e0        0x8 C:\projects\cc1352p\tirtos_builds_CC1352P1_LAUNCHXL_release_gcc\Debug\configPkg\package\cfg\release_pm4fg.om4fg
                0x200004e0                ti_sysbios_knl_Task_Module__root(void) volatile
 .data.ti_sysbios_knl_Task_Object__table__V
                0x200004e8       0x4c C:\projects\cc1352p\tirtos_builds_CC1352P1_LAUNCHXL_release_gcc\Debug\configPkg\package\cfg\release_pm4fg.om4fg
                0x200004e8                ti_sysbios_knl_Task_Object__table(void) volatile
 .data.xdc_runtime_Error_IgnoreBlock
                0x20000534       0x20 C:\projects\cc1352p\tirtos_builds_CC1352P1_LAUNCHXL_release_gcc\Debug\configPkg\package\cfg\release_pm4fg.om4fg
                0x20000534                xdc_runtime_Error_IgnoreBlock
 .data._impure_ptr
                0x20000554        0x4 C:/ti/simplelink_cc13x2_sdk_2_30_00_45/kernel/tirtos/packages/gnu/targets/arm/libs/install-native/arm-none-eabi/lib/thumb/v7e-m/fpv4-sp/hard\libc_nano.a(lib_a-impure.o)
                0x20000554                _impure_ptr
 .data.impure_data
                0x20000558       0x60 C:/ti/simplelink_cc13x2_sdk_2_30_00_45/kernel/tirtos/packages/gnu/targets/arm/libs/install-native/arm-none-eabi/lib/thumb/v7e-m/fpv4-sp/hard\libc_nano.a(lib_a-impure.o)
                0x200005b8                . = ALIGN (0x4)
                0x200005b8                __data_end__ = .

.igot.plt       0x200005b8        0x0 load address 0x0000757c
 .igot.plt      0x200005b8        0x0 ./CC1352P1_LAUNCHXL.o

.ARM.exidx      0x0000757c        0x8
                0x0000757c                __exidx_start = .
 *(.ARM.exidx* .gnu.linkonce.armexidx.*)
 .ARM.exidx     0x0000757c        0x8 c:/ti/ccs901/ccs/tools/compiler/gcc-arm-none-eabi-7-2017-q4-major-win32/bin/../lib/gcc/arm-none-eabi/7.2.1/thumb/v7e-m/fpv4-sp/hard\libgcc.a(_udivmoddi4.o)
                0x00007584                __exidx_end = .

.ARM.extab
 *(.ARM.extab* .gnu.linkonce.armextab.*)

.nvs
 *(.nvs)

.ccfg           0x00057fa8       0x58
 *(.ccfg)
 .ccfg          0x00057fa8       0x58 ./ccfg.o
                0x00057fa8                __ccfg

.bss            0x200005b8      0xf88
                0x200005b8                __bss_start__ = .
 *(.shbss)
 *(.bss)
 .bss           0x200005b8      0x200 C:\projects\cc1352p\tirtos_builds_CC1352P1_LAUNCHXL_release_gcc\Debug\configPkg\package\cfg\release_pm4fg.om4fg
                0x200005b8                ti_sysbios_knl_Task_Instance_State_0_stack__A
 *(.bss.*)
 .bss.antennaPins
                0x200007b8        0x4 ./CC1352P1_LAUNCHXL_fxns.o
 .bss.antennaState
                0x200007bc        0xc ./CC1352P1_LAUNCHXL_fxns.o
 .bss.ledPinHandle
                0x200007c8        0x4 ./rfEasyLinkRx.o
 .bss.ledPinState
                0x200007cc        0xc ./rfEasyLinkRx.o
 .bss.rxDoneSem
                0x200007d8        0x4 ./rfEasyLinkRx.o
 .bss.rxTaskParams
                0x200007dc       0x3c ./rfEasyLinkRx.o
 .bss.rxTaskStack
                0x20000818      0x400 ./rfEasyLinkRx.o
 .bss.EasyLink_RF_prop
                0x20000c18       0x10 ./easylink/EasyLink.o
 .bss.EasyLink_cmdFs
                0x20000c28       0x18 ./easylink/EasyLink.o
 .bss.EasyLink_cmdPropCs
                0x20000c40       0x1c ./easylink/EasyLink.o
 .bss.EasyLink_cmdPropRadioSetup
                0x20000c5c       0x30 ./easylink/EasyLink.o
 .bss.EasyLink_cmdPropRxAdv
                0x20000c8c       0x30 ./easylink/EasyLink.o
 .bss.EasyLink_cmdPropTx
                0x20000cbc       0x18 ./easylink/EasyLink.o
 .bss.EasyLink_params
                0x20000cd4       0x10 ./easylink/EasyLink.o
 .bss.asyncRxTimeOut
                0x20000ce4        0x4 ./easylink/EasyLink.o
 .bss.busyMutex
                0x20000ce8        0x4 ./easylink/EasyLink.o
 .bss.configured
                0x20000cec        0x1 ./easylink/EasyLink.o
 *fill*         0x20000ced        0x3 
 .bss.dataQueue
                0x20000cf0        0x8 ./easylink/EasyLink.o
 .bss.getRN     0x20000cf8        0x4 ./easylink/EasyLink.o
 .bss.rfHandle  0x20000cfc        0x4 ./easylink/EasyLink.o
 .bss.rfModeMultiClient
                0x20000d00        0x1 ./easylink/EasyLink.o
 *fill*         0x20000d01        0x7 
 .bss.rfObject  0x20000d08       0xc8 ./easylink/EasyLink.o
 .bss.rfParams  0x20000dd0       0x1c ./easylink/EasyLink.o
 .bss.rfParamsConfigured
                0x20000dec        0x1 ./easylink/EasyLink.o
 *fill*         0x20000ded        0x3 
 .bss.rxBuffer  0x20000df0       0x95 ./easylink/EasyLink.o
 *fill*         0x20000e85        0x3 
 .bss.rxCb      0x20000e88        0x4 ./easylink/EasyLink.o
 .bss.rxPacket.14685
                0x20000e8c       0x98 ./easylink/EasyLink.o
 .bss.rxStatistics
                0x20000f24        0xc ./easylink/EasyLink.o
 .bss.bPropPatchEntered
                0x20000f30        0x1 ./smartrf_settings/smartrf_settings.o
 *fill*         0x20000f31        0x3 
 .bss.RF_Sch    0x20000f34       0x30 C:/ti/simplelink_cc13x2_sdk_2_30_00_45/source/ti/drivers/rf/lib\rf_multiMode_cc13x2_v1.am4fg(RFCC26X2_multiMode.om4fg)
 .bss.RF_clkPowerUpObj
                0x20000f64       0x24 C:/ti/simplelink_cc13x2_sdk_2_30_00_45/source/ti/drivers/rf/lib\rf_multiMode_cc13x2_v1.am4fg(RFCC26X2_multiMode.om4fg)
 .bss.RF_cmdPool
                0x20000f88      0x1c0 C:/ti/simplelink_cc13x2_sdk_2_30_00_45/source/ti/drivers/rf/lib\rf_multiMode_cc13x2_v1.am4fg(RFCC26X2_multiMode.om4fg)
 .bss.RF_cmdQ   0x20001148       0x20 C:/ti/simplelink_cc13x2_sdk_2_30_00_45/source/ti/drivers/rf/lib\rf_multiMode_cc13x2_v1.am4fg(RFCC26X2_multiMode.om4fg)
 .bss.RF_core   0x20001168       0x10 C:/ti/simplelink_cc13x2_sdk_2_30_00_45/source/ti/drivers/rf/lib\rf_multiMode_cc13x2_v1.am4fg(RFCC26X2_multiMode.om4fg)
 .bss.RF_currClient
                0x20001178        0x4 C:/ti/simplelink_cc13x2_sdk_2_30_00_45/source/ti/drivers/rf/lib\rf_multiMode_cc13x2_v1.am4fg(RFCC26X2_multiMode.om4fg)
 .bss.RF_errTolValInUs
                0x2000117c        0x4 C:/ti/simplelink_cc13x2_sdk_2_30_00_45/source/ti/drivers/rf/lib\rf_multiMode_cc13x2_v1.am4fg(RFCC26X2_multiMode.om4fg)
 .bss.RF_hwiCpe0Obj
                0x20001180       0x1c C:/ti/simplelink_cc13x2_sdk_2_30_00_45/source/ti/drivers/rf/lib\rf_multiMode_cc13x2_v1.am4fg(RFCC26X2_multiMode.om4fg)
 .bss.RF_hwiHwObj
                0x2000119c       0x1c C:/ti/simplelink_cc13x2_sdk_2_30_00_45/source/ti/drivers/rf/lib\rf_multiMode_cc13x2_v1.am4fg(RFCC26X2_multiMode.om4fg)
 .bss.RF_nRtc2  0x200011b8        0x4 C:/ti/simplelink_cc13x2_sdk_2_30_00_45/source/ti/drivers/rf/lib\rf_multiMode_cc13x2_v1.am4fg(RFCC26X2_multiMode.om4fg)
 .bss.RF_numClients
                0x200011bc        0x1 C:/ti/simplelink_cc13x2_sdk_2_30_00_45/source/ti/drivers/rf/lib\rf_multiMode_cc13x2_v1.am4fg(RFCC26X2_multiMode.om4fg)
 .bss.RF_powerConstraint
                0x200011bd        0x1 C:/ti/simplelink_cc13x2_sdk_2_30_00_45/source/ti/drivers/rf/lib\rf_multiMode_cc13x2_v1.am4fg(RFCC26X2_multiMode.om4fg)
 *fill*         0x200011be        0x2 
 .bss.RF_ratModule
                0x200011c0       0x68 C:/ti/simplelink_cc13x2_sdk_2_30_00_45/source/ti/drivers/rf/lib\rf_multiMode_cc13x2_v1.am4fg(RFCC26X2_multiMode.om4fg)
 .bss.RF_ratSyncCmd
                0x20001228       0x14 C:/ti/simplelink_cc13x2_sdk_2_30_00_45/source/ti/drivers/rf/lib\rf_multiMode_cc13x2_v1.am4fg(RFCC26X2_multiMode.om4fg)
 .bss.RF_rtcTimestampA
                0x2000123c        0x4 C:/ti/simplelink_cc13x2_sdk_2_30_00_45/source/ti/drivers/rf/lib\rf_multiMode_cc13x2_v1.am4fg(RFCC26X2_multiMode.om4fg)
 .bss.RF_swiFsmObj
                0x20001240       0x34 C:/ti/simplelink_cc13x2_sdk_2_30_00_45/source/ti/drivers/rf/lib\rf_multiMode_cc13x2_v1.am4fg(RFCC26X2_multiMode.om4fg)
 .bss.RF_swiHwObj
                0x20001274       0x34 C:/ti/simplelink_cc13x2_sdk_2_30_00_45/source/ti/drivers/rf/lib\rf_multiMode_cc13x2_v1.am4fg(RFCC26X2_multiMode.om4fg)
 .bss.RF_wakeupNotifyObj
                0x200012a8       0x14 C:/ti/simplelink_cc13x2_sdk_2_30_00_45/source/ti/drivers/rf/lib\rf_multiMode_cc13x2_v1.am4fg(RFCC26X2_multiMode.om4fg)
 .bss.bDisableFlashInIdleConstraint
                0x200012bc        0x1 C:/ti/simplelink_cc13x2_sdk_2_30_00_45/source/ti/drivers/rf/lib\rf_multiMode_cc13x2_v1.am4fg(RFCC26X2_multiMode.om4fg)
 *fill*         0x200012bd        0x3 
 .bss.defaultPinConfig
                0x200012c0        0x4 C:/ti/simplelink_cc13x2_sdk_2_30_00_45/source/ti/drivers/lib\drivers_cc13x2_v1.am4fg(PINCC26XX.om4fg)
 .bss.pinGpioConfigTable
                0x200012c4       0x1f C:/ti/simplelink_cc13x2_sdk_2_30_00_45/source/ti/drivers/lib\drivers_cc13x2_v1.am4fg(PINCC26XX.om4fg)
 *fill*         0x200012e3        0x1 
 .bss.pinHwi    0x200012e4       0x1c C:/ti/simplelink_cc13x2_sdk_2_30_00_45/source/ti/drivers/lib\drivers_cc13x2_v1.am4fg(PINCC26XX.om4fg)
 .bss.pinLowerBound
                0x20001300        0x4 C:/ti/simplelink_cc13x2_sdk_2_30_00_45/source/ti/drivers/lib\drivers_cc13x2_v1.am4fg(PINCC26XX.om4fg)
                0x20001300                pinLowerBound
 .bss.pinSemaphore
                0x20001304       0x1c C:/ti/simplelink_cc13x2_sdk_2_30_00_45/source/ti/drivers/lib\drivers_cc13x2_v1.am4fg(PINCC26XX.om4fg)
 .bss.pinSwi    0x20001320       0x34 C:/ti/simplelink_cc13x2_sdk_2_30_00_45/source/ti/drivers/lib\drivers_cc13x2_v1.am4fg(PINCC26XX.om4fg)
 .bss.pinUpperBound
                0x20001354        0x4 C:/ti/simplelink_cc13x2_sdk_2_30_00_45/source/ti/drivers/lib\drivers_cc13x2_v1.am4fg(PINCC26XX.om4fg)
                0x20001354                pinUpperBound
 .bss.ti_sysbios_family_arm_m3_Hwi_Module_State_0_excActive__A
                0x20001358        0x2 C:\projects\cc1352p\tirtos_builds_CC1352P1_LAUNCHXL_release_gcc\Debug\configPkg\package\cfg\release_pm4fg.om4fg
                0x20001358                ti_sysbios_family_arm_m3_Hwi_Module_State_0_excActive__A
 *fill*         0x2000135a        0x2 
 .bss.ti_sysbios_family_arm_m3_Hwi_Module_State_0_excContext__A
                0x2000135c        0x4 C:\projects\cc1352p\tirtos_builds_CC1352P1_LAUNCHXL_release_gcc\Debug\configPkg\package\cfg\release_pm4fg.om4fg
                0x2000135c                ti_sysbios_family_arm_m3_Hwi_Module_State_0_excContext__A
 .bss.ti_sysbios_family_arm_m3_Hwi_Module_State_0_excStack__A
                0x20001360        0x4 C:\projects\cc1352p\tirtos_builds_CC1352P1_LAUNCHXL_release_gcc\Debug\configPkg\package\cfg\release_pm4fg.om4fg
                0x20001360                ti_sysbios_family_arm_m3_Hwi_Module_State_0_excStack__A
 .bss.xdc_runtime_System_Module_State_0_atexitHandlers__A
                0x20001364        0x8 C:\projects\cc1352p\tirtos_builds_CC1352P1_LAUNCHXL_release_gcc\Debug\configPkg\package\cfg\release_pm4fg.om4fg
                0x20001364                xdc_runtime_System_Module_State_0_atexitHandlers__A
 .bss.terminatedList
                0x2000136c        0x4 C:\projects\cc1352p\tirtos_builds_CC1352P1_LAUNCHXL_release_gcc\src\sysbios\rom_sysbios.am4fg(tirtos_pthread.o)
 .bss.gnu_targets_arm_rtsv7M_exit
                0x20001370        0x4 C:\ti\simplelink_cc13x2_sdk_2_30_00_45\kernel\tirtos\packages\gnu\targets\arm\rtsv7M\lib\boot.am4fg(startup.om4fg)
                0x20001370                gnu_targets_arm_rtsv7M_exit
 .bss.oscHfGlobals
                0x20001374       0x14 C:/ti/simplelink_cc13x2_sdk_2_30_00_45/source/ti/devices/cc13x2_cc26x2_v1/driverlib/bin/gcc\driverlib.lib(osc.o)
 *(COMMON)
 COMMON         0x20001388       0x54 ./rfEasyLinkRx.o
                0x20001388                rxTask
                0x200013d8                pinHandle
 COMMON         0x200013dc       0x7c C:/ti/simplelink_cc13x2_sdk_2_30_00_45/source/ti/drivers/lib\drivers_cc13x2_v1.am4fg(PINCC26XX.om4fg)
                0x200013dc                pinHandleTable
 COMMON         0x20001458        0x4 C:/ti/simplelink_cc13x2_sdk_2_30_00_45/kernel/tirtos/packages/ti/dpl/lib\dpl_cc13x2_v1.am4fg(ClockP_tirtos.om4fg)
                0x20001458                ClockP_tickPeriod
 COMMON         0x2000145c        0x8 C:/ti/simplelink_cc13x2_sdk_2_30_00_45/kernel/tirtos/packages/ti/dpl/lib\dpl_cc13x2_v1.am4fg(PowerCC26X2_tirtos.om4fg)
                0x2000145c                PowerCC26XX_swiKey
                0x20001460                PowerCC26XX_taskKey
 COMMON         0x20001464       0xd8 C:\projects\cc1352p\tirtos_builds_CC1352P1_LAUNCHXL_release_gcc\Debug\configPkg\package\cfg\release_pm4fg.om4fg
                0x20001464                ti_sysbios_family_arm_m3_Hwi_dispatchTable
 COMMON         0x2000153c        0x1 C:/ti/simplelink_cc13x2_sdk_2_30_00_45/source/ti/devices/cc13x2_cc26x2_v1/driverlib/bin/gcc\driverlib.lib(driverlib_release.o)
                0x2000153c                driverlib_release_0_52354
                0x20001540                . = ALIGN (0x4)
 *fill*         0x2000153d        0x3 
                0x20001540                __bss_end__ = .

.heap           0x20001540        0x0
                0x20001540                __heap_start__ = .
                0x20001540                end = __heap_start__
                0x20001540                _end = end
                0x20001540                __end = end
 *(.heap)
                0x20001540                __heap_end__ = .
                0x20001540                __HeapLimit = __heap_end__

.priheap        0x20001540     0x1000
                0x20001540                . = ALIGN (0x8)
                0x20001540                __primary_heap_start__ = .
                0x20002540                . = (. + HEAPSIZE)
 *fill*         0x20001540     0x1000 
                0x20002540                __primary_heap_end__ = .

.stack          0x20002540      0x400
                0x20002540                _stack = .
                0x20002540                __stack = .
 *(.stack)
 .stack         0x20002540        0x0 C:\projects\cc1352p\tirtos_builds_CC1352P1_LAUNCHXL_release_gcc\Debug\configPkg\package\cfg\release_pm4fg.om4fg
                0x20002540                ti_platforms_simplelink_stack
                0x20002940                . = (. + STACKSIZE)
 *fill*         0x20002540      0x400 
LOAD C:/ti/simplelink_cc13x2_sdk_2_30_00_45/source/ti/display/lib\display.am4fg
LOAD C:/ti/simplelink_cc13x2_sdk_2_30_00_45/source/ti/grlib/lib/gcc/m4f\grlib.a
LOAD C:/ti/simplelink_cc13x2_sdk_2_30_00_45/source/ti/drivers/rf/lib\rf_multiMode_cc13x2_v1.am4fg
LOAD C:/ti/simplelink_cc13x2_sdk_2_30_00_45/source/ti/drivers/lib\drivers_cc13x2_v1.am4fg
LOAD C:/ti/simplelink_cc13x2_sdk_2_30_00_45/kernel/tirtos/packages/ti/dpl/lib\dpl_cc13x2_v1.am4fg
                0x00000400                __STACK_SIZE = STACKSIZE
                0x00000400                __TI_STACK_SIZE = __STACK_SIZE
LOAD C:\projects\cc1352p\tirtos_builds_CC1352P1_LAUNCHXL_release_gcc\Debug\configPkg\package\cfg\release_pm4fg.om4fg
LOAD C:\projects\cc1352p\tirtos_builds_CC1352P1_LAUNCHXL_release_gcc\src\sysbios\rom_sysbios.am4fg
LOAD C:\ti\simplelink_cc13x2_sdk_2_30_00_45\kernel\tirtos\packages\gnu\targets\arm\rtsv7M\lib\boot.am4fg
LOAD C:\ti\simplelink_cc13x2_sdk_2_30_00_45\kernel\tirtos\packages\gnu\targets\arm\rtsv7M\lib\syscalls.am4fg
                0x00000001                xdc_runtime_Startup__EXECFXN__C = 0x1
                0x00000001                xdc_runtime_Startup__RESETFXN__C = 0x1

.bootVecs
 *(.bootVecs)

xdc.meta        0x00007584      0x100
 *(xdc.meta)
 xdc.meta       0x00007584      0x100 C:\projects\cc1352p\tirtos_builds_CC1352P1_LAUNCHXL_release_gcc\Debug\configPkg\package\cfg\release_pm4fg.om4fg
                0x00007584                __TRDR__
                0x000075ac                __TARG__
                0x000075d0                __PLAT__
                0x000075f8                __ISA__
                0x0000760c                __ASM__
                0x00000000                _intvecs_base_address = 0x0
                0x20000000                _vtable_base_address = 0x20000000
                0xe000e000                ti_sysbios_family_arm_m3_Hwi_nvic = 0xe000e000
                0x1003c278                ti_sysbios_family_arm_m3_Hwi_Object__PARAMS__C = 0x1003c278
                0x1003c2d4                ti_sysbios_knl_Swi_Object__PARAMS__C = 0x1003c2d4
                0x1003c208                ti_sysbios_knl_Task_Object__PARAMS__C = 0x1003c208
                0x10039000                ti_sysbios_rom_cortexm_cc26xx_agama_CC26xx_REVISION__C = 0x10039000
                0x1003c380                ti_sysbios_gates_GateMutex_Object__PARAMS__C = 0x1003c380
                0x1003c398                ti_sysbios_knl_Event_Object__PARAMS__C = 0x1003c398
                0x1003c2fc                ti_sysbios_heaps_HeapMem_Object__PARAMS__C = 0x1003c2fc
                0x1003c368                ti_sysbios_gates_GateHwi_Object__PARAMS__C = 0x1003c368
                0x1003c344                ti_sysbios_knl_Semaphore_Object__PARAMS__C = 0x1003c344
                0x1003c320                ti_sysbios_knl_Clock_Object__PARAMS__C = 0x1003c320
                0x1003c3b0                ti_sysbios_knl_Queue_Object__PARAMS__C = 0x1003c3b0
                0x1003c244                ti_sysbios_knl_Mailbox_Object__PARAMS__C = 0x1003c244
                0x1003c2a8                ti_sysbios_hal_Hwi_Object__PARAMS__C = 0x1003c2a8
                0x1003b80b                ti_sysbios_BIOS_RtsGateProxy_query__E = 0x1003b80b
                0x1003b4d1                ti_sysbios_knl_Queue_get__E = 0x1003b4d1
                0x1003b5d9                ti_sysbios_knl_Swi_enabled__E = 0x1003b5d9
                0x1003b3a1                ti_sysbios_knl_Clock_scheduleNextTick__E = 0x1003b3a1
                0x1003a0cd                ti_sysbios_knl_Swi_runLoop__I = 0x1003a0cd
                0x1003a925                ti_sysbios_knl_Clock_getTicks__E = 0x1003a925
                0x1003b161                xdc_runtime_Memory_HeapProxy_Object__delete__S = 0x1003b161
                0x1003b119                ti_sysbios_gates_GateMutex_Object__destruct__S = 0x1003b119
                0x1003b74d                ti_sysbios_knl_Queue_enqueue__E = 0x1003b74d
                0x1003b4ed                ti_sysbios_knl_Queue_put__E = 0x1003b4ed
                0x10039961                ti_sysbios_family_arm_m3_Hwi_Object__create__S = 0x10039961
                0x10039d43                ti_sysbios_gates_GateHwi_Instance_init__E = 0x10039d43
                0x1003b77d                ti_sysbios_hal_Hwi_Instance_finalize__E = 0x1003b77d
                0x1003b7e3                ti_sysbios_BIOS_RtsGateProxy_leave__E = 0x1003b7e3
                0x1003aa69                ti_sysbios_heaps_HeapMem_Object__create__S = 0x1003aa69
                0x1003be11                xdc_runtime_Error_raiseX__E = 0x1003be11
                0x1003a701                ti_sysbios_hal_Hwi_getStackInfo__E = 0x1003a701
                0x1003a95d                ti_sysbios_knl_Semaphore_construct = 0x1003a95d
                0x1003b1a9                ti_sysbios_knl_Clock_Object__destruct__S = 0x1003b1a9
                0x1003b661                ti_sysbios_knl_Clock_TimerProxy_getMaxTicks__E = 0x1003b661
                0x1003b441                ti_sysbios_knl_Swi_Object__destruct__S = 0x1003b441
                0x1003b6c9                ti_sysbios_family_arm_cc26xx_TimestampProvider_getFreq__E = 0x1003b6c9
                0x1003b0f5                ti_sysbios_gates_GateMutex_Handle__label__S = 0x1003b0f5
                0x1003b83f                ti_sysbios_knl_Mailbox_delete = 0x1003b83f
                0x1003b85b                ti_sysbios_knl_Semaphore_destruct = 0x1003b85b
                0x1003b7df                ti_sysbios_BIOS_RtsGateProxy_enter__E = 0x1003b7df
                0x1003a995                ti_sysbios_knl_Task_processVitalTaskFlag__I = 0x1003a995
                0x10039e7d                ti_sysbios_knl_Mailbox_create = 0x10039e7d
                0x1003bb21                xdc_runtime_Core_deleteObject__I = 0x1003bb21
                0x1003b847                ti_sysbios_knl_Queue_delete = 0x1003b847
                0x1003bf8d                xdc_runtime_SysCallback_Module__startupDone__S = 0x1003bf8d
                0x1003b791                ti_sysbios_family_arm_m3_Hwi_doSwiRestore__I = 0x1003b791
                0x1003b6c9                xdc_runtime_Timestamp_getFreq__E = 0x1003b6c9
                0x1003b787                ti_sysbios_knl_Event_Instance_init__E = 0x1003b787
                0x1003bc29                xdc_runtime_System_atexit__E = 0x1003bc29
                0x1003b705                ti_sysbios_gates_GateMutex_Params__init__S = 0x1003b705
                0x1003b71d                ti_sysbios_knl_Clock_getTimerHandle__E = 0x1003b71d
                0x1003b7d9                ti_sysbios_knl_Task_enable__E = 0x1003b7d9
                0x1003b81f                ti_sysbios_knl_Clock_TimerProxy_getExpiredTicks__E = 0x1003b81f
                0x1003ace5                xdc_runtime_Timestamp_SupportProxy_get64__E = 0x1003ace5
                0x1003b401                ti_sysbios_knl_Queue_Object__destruct__S = 0x1003b401
                0x1003af01                ti_sysbios_knl_Clock_Object__delete__S = 0x1003af01
                0x1003b803                ti_sysbios_gates_GateMutex_delete = 0x1003b803
                0x1003b69f                ti_sysbios_heaps_HeapMem_restore__E = 0x1003b69f
                0x1003ae61                ti_sysbios_BIOS_RtsGateProxy_Object__delete__S = 0x1003ae61
                0x1003a06d                ti_sysbios_knl_Swi_create = 0x1003a06d
                0x1003b81b                ti_sysbios_heaps_HeapMem_Module_GateProxy_leave__E = 0x1003b81b
                0x10039005                ti_sysbios_knl_Semaphore_pend__E = 0x10039005
                0x1003a2a9                ti_sysbios_knl_Mailbox_Instance_finalize__E = 0x1003a2a9
                0x1003b879                xdc_runtime_Startup_startMods__I = 0x1003b879
                0x1003aa9d                ti_sysbios_heaps_HeapMem_init__I = 0x1003aa9d
                0x1003b2ed                ti_sysbios_knl_Swi_Object__delete__S = 0x1003b2ed
                0x1003a6bd                ti_sysbios_hal_Hwi_HwiProxy_enableInterrupt__E = 0x1003a6bd
                0x1003b82f                ti_sysbios_knl_Clock_removeI__E = 0x1003b82f
                0x1003bde9                xdc_runtime_System_abort__E = 0x1003bde9
                0x10039c6d                ti_sysbios_family_arm_m3_Hwi_dispatchC__I = 0x10039c6d
                0x1003a465                ti_sysbios_knl_Swi_construct = 0x1003a465
                0x1003b509                ti_sysbios_knl_Task_sleepTimeout__I = 0x1003b509
                0x1003b6bb                ti_sysbios_knl_Queue_remove__E = 0x1003b6bb
                0x1003b281                ti_sysbios_knl_Semaphore_Instance_finalize__E = 0x1003b281
                0x1003b807                ti_sysbios_gates_GateMutex_destruct = 0x1003b807
                0x1003b7fb                ti_sysbios_knl_Task_SupportProxy_Module__startupDone__S = 0x1003b7fb
                0x1003b25d                ti_sysbios_knl_Queue_Object__delete__S = 0x1003b25d
                0x1003af79                ti_sysbios_knl_Mailbox_Object__get__S = 0x1003af79
                0x100394b5                ti_sysbios_family_arm_m3_Hwi_Instance_init__E = 0x100394b5
                0x1003b827                ti_sysbios_knl_Clock_delete = 0x1003b827
                0x10039879                ti_sysbios_knl_Clock_walkQueueDynamic__E = 0x10039879
                0x1003b239                ti_sysbios_knl_Mailbox_Object__destruct__S = 0x1003b239
                0x10039cd9                ti_sysbios_knl_Mailbox_post__E = 0x10039cd9
                0x1003aad1                ti_sysbios_knl_Clock_Instance_init__E = 0x1003aad1
                0x1003abcd                ti_sysbios_knl_Event_construct = 0x1003abcd
                0x1003a4b9                ti_sysbios_knl_Task_allBlockedFunction__I = 0x1003a4b9
                0x10039781                ti_sysbios_knl_Task_postInit__I = 0x10039781
                0x1003b37d                ti_sysbios_knl_Task_enter__I = 0x1003b37d
                0x1003b499                ti_sysbios_hal_Hwi_switchFromBootStack__E = 0x1003b499
                0x1003b2a5                ti_sysbios_knl_Semaphore_Object__destruct__S = 0x1003b2a5
                0x1003b641                ti_sysbios_hal_Hwi_HwiProxy_Object__create__S = 0x1003b641
                0x1003acb9                ti_sysbios_family_arm_cc26xx_Timer_postInit__I = 0x1003acb9
                0x1003b2c9                ti_sysbios_knl_Swi_Module_startup__E = 0x1003b2c9
                0x1003b7bb                ti_sysbios_gates_GateMutex_Instance_finalize__E = 0x1003b7bb
                0x1003b799                ti_sysbios_hal_Hwi_startup__E = 0x1003b799
                0x1003bc75                xdc_runtime_Core_assignParams__I = 0x1003bc75
                0x1003b499                ti_sysbios_hal_Hwi_HwiProxy_switchFromBootStack__E = 0x1003b499
                0x10039b91                ti_sysbios_heaps_HeapMem_allocUnprotected__E = 0x10039b91
                0x1003a5e9                ti_sysbios_knl_Swi_post__E = 0x1003a5e9
                0x1003ad3d                ti_sysbios_hal_Hwi_initStack = 0x1003ad3d
                0x1003bab1                xdc_runtime_Memory_alloc__E = 0x1003bab1